Archive member included to satisfy reference by file (symbol)

/home/vasu/projects/lifi/riot/sink1_ct/bin/arduino-mega2560/application_basic_receiption.a(_sketches.o)
                              /usr/lib/gcc/avr/5.4.0/../../../avr/lib/avr6/crtatmega2560.o (main)
/home/vasu/projects/lifi/riot/sink1_ct/bin/arduino-mega2560/application_basic_receiption.a(main.o)
                              /home/vasu/projects/lifi/riot/sink1_ct/bin/arduino-mega2560/application_basic_receiption.a(_sketches.o) (_Z5setupv)
/home/vasu/projects/lifi/riot/sink1_ct/bin/arduino-mega2560/LiFi_module.a(PLiFi.o)
                              /home/vasu/projects/lifi/riot/sink1_ct/bin/arduino-mega2560/application_basic_receiption.a(main.o) (_ZN5PLiFiC1EijPFvPS_PKhhEPFvS0_E)
/home/vasu/projects/lifi/riot/sink1_ct/bin/arduino-mega2560/LiFi_module.a(LiFi.o)
                              /home/vasu/projects/lifi/riot/sink1_ct/bin/arduino-mega2560/LiFi_module.a(PLiFi.o) (_ZN4LiFiC1Eij)
/home/vasu/projects/lifi/riot/sink1_ct/bin/arduino-mega2560/LiFi_module.a(crc16_ccitt.o)
                              /home/vasu/projects/lifi/riot/sink1_ct/bin/arduino-mega2560/LiFi_module.a(LiFi.o) (_Z11crc16_ccittPKhh)
/home/vasu/projects/lifi/riot/sink1_ct/bin/arduino-mega2560/arduino.a(base.o)
                              /home/vasu/projects/lifi/riot/sink1_ct/bin/arduino-mega2560/application_basic_receiption.a(main.o) (_Z7pinModeii)
/home/vasu/projects/lifi/riot/sink1_ct/bin/arduino-mega2560/arduino.a(serialport.o)
                              /home/vasu/projects/lifi/riot/sink1_ct/bin/arduino-mega2560/application_basic_receiption.a(_sketches.o) (_ZN10SerialPortC1Ej)
/home/vasu/projects/lifi/riot/sink1_ct/bin/arduino-mega2560/atmega_common.a(irq_arch.o)
                              /home/vasu/projects/lifi/riot/sink1_ct/bin/arduino-mega2560/arduino.a(serialport.o) (irq_disable)
/home/vasu/projects/lifi/riot/sink1_ct/bin/arduino-mega2560/atmega_common_periph.a(uart.o)
                              /home/vasu/projects/lifi/riot/sink1_ct/bin/arduino-mega2560/arduino.a(serialport.o) (uart_init)
/home/vasu/projects/lifi/riot/sink1_ct/bin/arduino-mega2560/atmega_common_periph.a(gpio.o)
                              /home/vasu/projects/lifi/riot/sink1_ct/bin/arduino-mega2560/arduino.a(base.o) (gpio_init)
/home/vasu/projects/lifi/riot/sink1_ct/bin/arduino-mega2560/atmega_common_periph.a(timer.o)
                              /home/vasu/projects/lifi/riot/sink1_ct/bin/arduino-mega2560/arduino.a(base.o) (timer_read)
/home/vasu/projects/lifi/riot/sink1_ct/bin/arduino-mega2560/atmega_common_periph.a(adc.o)
                              /home/vasu/projects/lifi/riot/sink1_ct/bin/arduino-mega2560/LiFi_module.a(LiFi.o) (adc_init)
/home/vasu/projects/lifi/riot/sink1_ct/bin/arduino-mega2560/boards_common_atmega.a(board.o)
                              /home/vasu/projects/lifi/riot/sink1_ct/bin/arduino-mega2560/atmega_common/startup.o (board_init)
/home/vasu/projects/lifi/riot/sink1_ct/bin/arduino-mega2560/core.a(mutex.o)
                              /home/vasu/projects/lifi/riot/sink1_ct/bin/arduino-mega2560/LiFi_module.a(PLiFi.o) (_mutex_lock)
/home/vasu/projects/lifi/riot/sink1_ct/bin/arduino-mega2560/core.a(sched.o)
                              /home/vasu/projects/lifi/riot/sink1_ct/bin/arduino-mega2560/atmega_common_periph.a(uart.o) (sched_context_switch_request)
/home/vasu/projects/lifi/riot/sink1_ct/bin/arduino-mega2560/core.a(ringbuffer.o)
                              /home/vasu/projects/lifi/riot/sink1_ct/bin/arduino-mega2560/arduino.a(serialport.o) (ringbuffer_add_one)
/home/vasu/projects/lifi/riot/sink1_ct/bin/arduino-mega2560/core.a(kernel_init.o)
                              /home/vasu/projects/lifi/riot/sink1_ct/bin/arduino-mega2560/atmega_common/startup.o (kernel_init)
/home/vasu/projects/lifi/riot/sink1_ct/bin/arduino-mega2560/core.a(thread.o)
                              /home/vasu/projects/lifi/riot/sink1_ct/bin/arduino-mega2560/atmega_common_periph.a(uart.o) (thread_yield)
/home/vasu/projects/lifi/riot/sink1_ct/bin/arduino-mega2560/core.a(assert.o)
                              /home/vasu/projects/lifi/riot/sink1_ct/bin/arduino-mega2560/arduino.a(base.o) (_assert_failure)
/home/vasu/projects/lifi/riot/sink1_ct/bin/arduino-mega2560/core.a(panic.o)
                              /home/vasu/projects/lifi/riot/sink1_ct/bin/arduino-mega2560/core.a(assert.o) (core_panic)
/home/vasu/projects/lifi/riot/sink1_ct/bin/arduino-mega2560/xtimer.a(xtimer_core.o)
                              /home/vasu/projects/lifi/riot/sink1_ct/bin/arduino-mega2560/arduino.a(base.o) (_xtimer_high_cnt)
/home/vasu/projects/lifi/riot/sink1_ct/bin/arduino-mega2560/xtimer.a(xtimer.o)
                              /home/vasu/projects/lifi/riot/sink1_ct/bin/arduino-mega2560/arduino.a(base.o) (_xtimer_tsleep)
/home/vasu/projects/lifi/riot/sink1_ct/bin/arduino-mega2560/periph_common.a(pm.o)
[...]
Memory Configuration

Name             Origin             Length             Attributes
text             0x0000000000000000 0x000000000003e000 xr
data             0x0000000000800200 0x0000000000002000 rw !x
eeprom           0x0000000000810000 0x0000000000010000 rw !x
fuse             0x0000000000820000 0x0000000000000003 rw !x
lock             0x0000000000830000 0x0000000000000400 rw !x
signature        0x0000000000840000 0x0000000000000400 rw !x
user_signatures  0x0000000000850000 0x0000000000000400 rw !x
*default*        0x0000000000000000 0xffffffffffffffff

Linker script and memory map

Address of section .data set to 0x800200
LOAD /usr/lib/gcc/avr/5.4.0/../../../avr/lib/avr6/crtatmega2560.o
LOAD /home/vasu/projects/lifi/riot/sink1_ct/bin/arduino-mega2560/atmega_common/startup.o
START GROUP
LOAD /home/vasu/projects/lifi/riot/sink1_ct/bin/arduino-mega2560/application_basic_receiption.a
LOAD /home/vasu/projects/lifi/riot/sink1_ct/bin/arduino-mega2560/LiFi_module.a
LOAD /home/vasu/projects/lifi/riot/sink1_ct/bin/arduino-mega2560/arduino.a
LOAD /home/vasu/projects/lifi/riot/sink1_ct/bin/arduino-mega2560/atmega_common.a
LOAD /home/vasu/projects/lifi/riot/sink1_ct/bin/arduino-mega2560/atmega_common_periph.a
LOAD /home/vasu/projects/lifi/riot/sink1_ct/bin/arduino-mega2560/auto_init.a
LOAD /home/vasu/projects/lifi/riot/sink1_ct/bin/arduino-mega2560/avr_libc_extra.a
LOAD /home/vasu/projects/lifi/riot/sink1_ct/bin/arduino-mega2560/board.a
LOAD /home/vasu/projects/lifi/riot/sink1_ct/bin/arduino-mega2560/boards_common_arduino-atmega.a
LOAD /home/vasu/projects/lifi/riot/sink1_ct/bin/arduino-mega2560/boards_common_atmega.a
LOAD /home/vasu/projects/lifi/riot/sink1_ct/bin/arduino-mega2560/core.a
LOAD /home/vasu/projects/lifi/riot/sink1_ct/bin/arduino-mega2560/cpu.a
LOAD /home/vasu/projects/lifi/riot/sink1_ct/bin/arduino-mega2560/div.a
LOAD /home/vasu/projects/lifi/riot/sink1_ct/bin/arduino-mega2560/luid.a
LOAD /home/vasu/projects/lifi/riot/sink1_ct/bin/arduino-mega2560/random.a
LOAD /home/vasu/projects/lifi/riot/sink1_ct/bin/arduino-mega2560/stdio_uart.a
LOAD /home/vasu/projects/lifi/riot/sink1_ct/bin/arduino-mega2560/sys.a
LOAD /home/vasu/projects/lifi/riot/sink1_ct/bin/arduino-mega2560/xtimer.a
LOAD /home/vasu/projects/lifi/riot/sink1_ct/bin/arduino-mega2560/periph_common.a
END GROUP
LOAD /usr/lib/gcc/avr/5.4.0/avr6/libgcc.a
                0x000000000003e000                __TEXT_REGION_LENGTH__ = 0x3e000
                0x0000000000002000                __DATA_REGION_LENGTH__ = 0x2000
LOAD /usr/lib/gcc/avr/5.4.0/avr6/libgcc.a
LOAD /usr/lib/gcc/avr/5.4.0/../../../avr/lib/avr6/libm.a
START GROUP
LOAD /usr/lib/gcc/avr/5.4.0/avr6/libgcc.a
LOAD /usr/lib/gcc/avr/5.4.0/../../../avr/lib/avr6/libm.a
LOAD /usr/lib/gcc/avr/5.4.0/../../../avr/lib/avr6/libc.a
LOAD /usr/lib/gcc/avr/5.4.0/../../../avr/lib/avr6/libatmega2560.a
END GROUP
                0x0000000000100000                __TEXT_REGION_LENGTH__ = DEFINED (__TEXT_REGION_LENGTH__)?__TEXT_REGION_LENGTH__:0x100000
                0x000000000000fe00                __DATA_REGION_LENGTH__ = DEFINED (__DATA_REGION_LENGTH__)?__DATA_REGION_LENGTH__:0xfe00
                0x0000000000010000                __EEPROM_REGION_LENGTH__ = DEFINED (__EEPROM_REGION_LENGTH__)?__EEPROM_REGION_LENGTH__:0x10000
                [0x0000000000000003]                __FUSE_REGION_LENGTH__ = DEFINED (__FUSE_REGION_LENGTH__)?__FUSE_REGION_LENGTH__:0x400
                0x0000000000000400                __LOCK_REGION_LENGTH__ = DEFINED (__LOCK_REGION_LENGTH__)?__LOCK_REGION_LENGTH__:0x400
                0x0000000000000400                __SIGNATURE_REGION_LENGTH__ = DEFINED (__SIGNATURE_REGION_LENGTH__)?__SIGNATURE_REGION_LENGTH__:0x400
                0x0000000000000400                __USER_SIGNATURE_REGION_LENGTH__ = DEFINED (__USER_SIGNATURE_REGION_LENGTH__)?__USER_SIGNATURE_REGION_LENGTH__:0x400

.hash
 *(.hash)

.dynsym
 *(.dynsym)

.dynstr
 *(.dynstr)

.gnu.version
 *(.gnu.version)

.gnu.version_d
 *(.gnu.version_d)

.gnu.version_r
 *(.gnu.version_r)

.rel.init
 *(.rel.init)

.rela.init
 *(.rela.init)

.rel.text
 *(.rel.text)
 *(.rel.text.*)
 *(.rel.gnu.linkonce.t*)

.rela.text
 *(.rela.text)
 *(.rela.text.*)
 *(.rela.gnu.linkonce.t*)

.rel.fini
 *(.rel.fini)

.rela.fini
 *(.rela.fini)

.rel.rodata
 *(.rel.rodata)
 *(.rel.rodata.*)
 *(.rel.gnu.linkonce.r*)

.rela.rodata
 *(.rela.rodata)
 *(.rela.rodata.*)
 *(.rela.gnu.linkonce.r*)

.rel.data
 *(.rel.data)
 *(.rel.data.*)
 *(.rel.gnu.linkonce.d*)

.rela.data
 *(.rela.data)
 *(.rela.data.*)
 *(.rela.gnu.linkonce.d*)

.rel.ctors
 *(.rel.ctors)

.rela.ctors
 *(.rela.ctors)

.rel.dtors
 *(.rel.dtors)

.rela.dtors
 *(.rela.dtors)

.rel.got
 *(.rel.got)

.rela.got
 *(.rela.got)

.rel.bss
 *(.rel.bss)

.rela.bss
 *(.rela.bss)

.rel.plt
 *(.rel.plt)

.rela.plt
 *(.rela.plt)

.text           0x0000000000000000     0x35d6
 *(.vectors)
 .vectors       0x0000000000000000       0xe4 /usr/lib/gcc/avr/5.4.0/../../../avr/lib/avr6/crtatmega2560.o
                0x0000000000000000                __vectors
 *(.vectors)
 *(.progmem.gcc*)
                0x00000000000000e4                . = ALIGN (0x2)
                0x00000000000000e4                __trampolines_start = .
 *(.trampolines)
 .trampolines   0x00000000000000e4       0x40 linker stubs
 *(.trampolines*)
                0x0000000000000124                __trampolines_end = .
 *libprintf_flt.a:*(.progmem.data)
 *libc.a:*(.progmem.data)
 *(.progmem*)
 .progmem.data.__c.2007
                0x0000000000000124       0x49 /home/vasu/projects/lifi/riot/sink1_ct/bin/arduino-mega2560/atmega_common.a(cpu.o)
                0x000000000000016e                . = ALIGN (0x2)
 *fill*         0x000000000000016d        0x1 
 *(.jumptables)
 *(.jumptables*)
 *(.lowtext)
 *(.lowtext*)
                0x000000000000016e                __ctors_start = .
 *(.ctors)
 .ctors         0x000000000000016e        0x2 /home/vasu/projects/lifi/riot/sink1_ct/bin/arduino-mega2560/application_basic_receiption.a(_sketches.o)
 .ctors         0x0000000000000170        0x2 /home/vasu/projects/lifi/riot/sink1_ct/bin/arduino-mega2560/application_basic_receiption.a(main.o)
 .ctors         0x0000000000000172        0x2 /home/vasu/projects/lifi/riot/sink1_ct/bin/arduino-mega2560/LiFi_module.a(PLiFi.o)
 .ctors         0x0000000000000174        0x2 /home/vasu/projects/lifi/riot/sink1_ct/bin/arduino-mega2560/LiFi_module.a(LiFi.o)
 .ctors         0x0000000000000176        0x2 /home/vasu/projects/lifi/riot/sink1_ct/bin/arduino-mega2560/arduino.a(base.o)
                0x0000000000000178                __ctors_end = .
                0x0000000000000178                __dtors_start = .
 *(.dtors)
                0x0000000000000178                __dtors_end = .
 SORT(*)(.ctors)
 SORT(*)(.dtors)
 *(.init0)
 .init0         0x0000000000000178        0x0 /usr/lib/gcc/avr/5.4.0/../../../avr/lib/avr6/crtatmega2560.o
                0x0000000000000178                __init
 .init0         0x0000000000000178       0x24 /home/vasu/projects/lifi/riot/sink1_ct/bin/arduino-mega2560/atmega_common.a(cpu.o)
                0x0000000000000178                get_mcusr
 *(.init0)
 *(.init1)
 *(.init1)
 *(.init2)
 .init2         0x000000000000019c       0x10 /usr/lib/gcc/avr/5.4.0/../../../avr/lib/avr6/crtatmega2560.o
 *(.init2)
 *(.init3)
 *(.init3)
 *(.init4)
 .init4         0x00000000000001ac       0x1a /usr/lib/gcc/avr/5.4.0/avr6/libgcc.a(_copy_data.o)
                0x00000000000001ac                __do_copy_data
 .init4         0x00000000000001c6       0x10 /usr/lib/gcc/avr/5.4.0/avr6/libgcc.a(_clear_bss.o)
                0x00000000000001c6                __do_clear_bss
 *(.init4)
 *(.init5)
 *(.init5)
 *(.init6)
 .init6         0x00000000000001d6       0x20 /usr/lib/gcc/avr/5.4.0/avr6/libgcc.a(_ctors.o)
                0x00000000000001d6                __do_global_ctors
 *(.init6)
 *(.init7)
 .init7         0x00000000000001f6        0x4 /home/vasu/projects/lifi/riot/sink1_ct/bin/arduino-mega2560/atmega_common/startup.o
                0x00000000000001f6                init7_ovr
 *(.init7)
 *(.init8)
 .init8         0x00000000000001fa        0x4 /home/vasu/projects/lifi/riot/sink1_ct/bin/arduino-mega2560/atmega_common/startup.o
                0x00000000000001fa                init8_ovr
 *(.init8)
 *(.init9)
 .init9         0x00000000000001fe        0x8 /usr/lib/gcc/avr/5.4.0/../../../avr/lib/avr6/crtatmega2560.o
 *(.init9)
 *(.text)
 .text          0x0000000000000206        0x4 /usr/lib/gcc/avr/5.4.0/../../../avr/lib/avr6/crtatmega2560.o
                0x0000000000000206                __vector_38
                0x0000000000000206                __vector_22
                0x0000000000000206                __vector_28
                0x0000000000000206                __vector_1
                0x0000000000000206                __vector_32
                0x0000000000000206                __vector_34
                0x0000000000000206                __vector_24
                0x0000000000000206                __vector_12
                0x0000000000000206                __vector_55
                0x0000000000000206                __vector_46
                0x0000000000000206                __bad_interrupt
                0x0000000000000206                __vector_6
                0x0000000000000206                __vector_31
                0x0000000000000206                __vector_35
                0x0000000000000206                __vector_39
                0x0000000000000206                __vector_3
                0x0000000000000206                __vector_23
                0x0000000000000206                __vector_30
                0x0000000000000206                __vector_45
                0x0000000000000206                __vector_11
                0x0000000000000206                __vector_54
                0x0000000000000206                __vector_13
                0x0000000000000206                __vector_56
                0x0000000000000206                __vector_7
                0x0000000000000206                __vector_49
                0x0000000000000206                __vector_41
                0x0000000000000206                __vector_27
                0x0000000000000206                __vector_5
                0x0000000000000206                __vector_33
                0x0000000000000206                __vector_47
                0x0000000000000206                __vector_52
                0x0000000000000206                __vector_37
                0x0000000000000206                __vector_4
                0x0000000000000206                __vector_51
                0x0000000000000206                __vector_9
                0x0000000000000206                __vector_2
                0x0000000000000206                __vector_21
                0x0000000000000206                __vector_15
                0x0000000000000206                __vector_29
                0x0000000000000206                __vector_40
                0x0000000000000206                __vector_8
                0x0000000000000206                __vector_26
                0x0000000000000206                __vector_48
                0x0000000000000206                __vector_14
                0x0000000000000206                __vector_53
                0x0000000000000206                __vector_10
                0x0000000000000206                __vector_50
                0x0000000000000206                __vector_16
                0x0000000000000206                __vector_20
                0x000000000000020a                . = ALIGN (0x2)
 *(.text.*)
 .text.reset_handler
                0x000000000000020a        0x8 /home/vasu/projects/lifi/riot/sink1_ct/bin/arduino-mega2560/atmega_common/startup.o
                0x000000000000020a                reset_handler
 .text.startup.main
                0x0000000000000212        0xa /home/vasu/projects/lifi/riot/sink1_ct/bin/arduino-mega2560/application_basic_receiption.a(_sketches.o)
                0x0000000000000212                main
 .text.startup._GLOBAL__sub_I_main
                0x000000000000021c        0xc /home/vasu/projects/lifi/riot/sink1_ct/bin/arduino-mega2560/application_basic_receiption.a(_sketches.o)
 .text._Z7tx_loopPv
                0x0000000000000228        0xa /home/vasu/projects/lifi/riot/sink1_ct/bin/arduino-mega2560/application_basic_receiption.a(main.o)
                0x0000000000000228                _Z7tx_loopPv
 .text._Z7rx_loopPv
                0x0000000000000232        0xa /home/vasu/projects/lifi/riot/sink1_ct/bin/arduino-mega2560/application_basic_receiption.a(main.o)
                0x0000000000000232                _Z7rx_loopPv
 .text._ZL5on_rxP5PLiFiPKhh
                0x000000000000023c      0x16a /home/vasu/projects/lifi/riot/sink1_ct/bin/arduino-mega2560/application_basic_receiption.a(main.o)
 .text._Z5setupv
                0x00000000000003a6      0x112 /home/vasu/projects/lifi/riot/sink1_ct/bin/arduino-mega2560/application_basic_receiption.a(main.o)
                0x00000000000003a6                _Z5setupv
 .text._Z4loopv
                0x00000000000004b8       0x9c /home/vasu/projects/lifi/riot/sink1_ct/bin/arduino-mega2560/application_basic_receiption.a(main.o)
                0x00000000000004b8                _Z4loopv
 .text.startup._GLOBAL__sub_I_master_id
                0x0000000000000554       0x2e /home/vasu/projects/lifi/riot/sink1_ct/bin/arduino-mega2560/application_basic_receiption.a(main.o)
 .text._ZN5PLiFiC2EijPFvPS_PKhhEPFvS0_E
                0x0000000000000582       0x36 /home/vasu/projects/lifi/riot/sink1_ct/bin/arduino-mega2560/LiFi_module.a(PLiFi.o)
                0x0000000000000582                _ZN5PLiFiC1EijPFvPS_PKhhEPFvS0_E
                0x0000000000000582                _ZN5PLiFiC2EijPFvPS_PKhhEPFvS0_E
 .text._ZN5PLiFi9send_dataEPKhh
                0x00000000000005b8       0x7c /home/vasu/projects/lifi/riot/sink1_ct/bin/arduino-mega2560/LiFi_module.a(PLiFi.o)
                0x00000000000005b8                _ZN5PLiFi9send_dataEPKhh
 .text._ZN5PLiFi7tx_loopEv
                0x0000000000000634       0x6a /home/vasu/projects/lifi/riot/sink1_ct/bin/arduino-mega2560/LiFi_module.a(PLiFi.o)
                0x0000000000000634                _ZN5PLiFi7tx_loopEv
 .text._ZN5PLiFi7rx_loopEv
                0x000000000000069e       0x46 /home/vasu/projects/lifi/riot/sink1_ct/bin/arduino-mega2560/LiFi_module.a(PLiFi.o)
                0x000000000000069e                _ZN5PLiFi7rx_loopEv
 .text.startup._GLOBAL__sub_I__ZN5PLiFiC2EijPFvPS_PKhhEPFvS0_E
                0x00000000000006e4        0xc /home/vasu/projects/lifi/riot/sink1_ct/bin/arduino-mega2560/LiFi_module.a(PLiFi.o)
 .text._ZN4LiFiC2Eij
                0x00000000000006f0       0x36 /home/vasu/projects/lifi/riot/sink1_ct/bin/arduino-mega2560/LiFi_module.a(LiFi.o)
                0x00000000000006f0                _ZN4LiFiC1Eij
                0x00000000000006f0                _ZN4LiFiC2Eij
 .text._ZN4LiFi10tick_startEv
                0x0000000000000726       0x18 /home/vasu/projects/lifi/riot/sink1_ct/bin/arduino-mega2560/LiFi_module.a(LiFi.o)
                0x0000000000000726                _ZN4LiFi10tick_startEv
 .text._ZN4LiFi4tickEh
                0x000000000000073e       0x76 /home/vasu/projects/lifi/riot/sink1_ct/bin/arduino-mega2560/LiFi_module.a(LiFi.o)
                0x000000000000073e                _ZN4LiFi4tickEh
 .text._ZN4LiFi7man_oneEv
                0x00000000000007b4       0x32 /home/vasu/projects/lifi/riot/sink1_ct/bin/arduino-mega2560/LiFi_module.a(LiFi.o)
                0x00000000000007b4                _ZN4LiFi7man_oneEv
 .text._ZN4LiFi8man_zeroEv
                0x00000000000007e6       0x32 /home/vasu/projects/lifi/riot/sink1_ct/bin/arduino-mega2560/LiFi_module.a(LiFi.o)
                0x00000000000007e6                _ZN4LiFi8man_zeroEv
 .text._ZN4LiFi9send_byteEhh
                0x0000000000000818       0x5a /home/vasu/projects/lifi/riot/sink1_ct/bin/arduino-mega2560/LiFi_module.a(LiFi.o)
                0x0000000000000818                _ZN4LiFi9send_byteEhh
 .text._ZN4LiFi9send_syncEv
                0x0000000000000872       0x2c /home/vasu/projects/lifi/riot/sink1_ct/bin/arduino-mega2560/LiFi_module.a(LiFi.o)
                0x0000000000000872                _ZN4LiFi9send_syncEv
 .text._ZN4LiFi14send_delimiterEv
                0x000000000000089e       0x4c /home/vasu/projects/lifi/riot/sink1_ct/bin/arduino-mega2560/LiFi_module.a(LiFi.o)
                0x000000000000089e                _ZN4LiFi14send_delimiterEv
 .text._ZN4LiFi9send_dataEPKhh
                0x00000000000008ea       0x7e /home/vasu/projects/lifi/riot/sink1_ct/bin/arduino-mega2560/LiFi_module.a(LiFi.o)
                0x00000000000008ea                _ZN4LiFi9send_dataEPKhh
 .text._ZN4LiFi14get_classifierEv
                0x0000000000000968       0x88 /home/vasu/projects/lifi/riot/sink1_ct/bin/arduino-mega2560/LiFi_module.a(LiFi.o)
                0x0000000000000968                _ZN4LiFi14get_classifierEv
 .text._ZN4LiFi9get_levelEv
                0x00000000000009f0       0x52 /home/vasu/projects/lifi/riot/sink1_ct/bin/arduino-mega2560/LiFi_module.a(LiFi.o)
                0x00000000000009f0                _ZN4LiFi9get_levelEv
 .text._ZN4LiFi10sync_clockEv
                0x0000000000000a42       0x7e /home/vasu/projects/lifi/riot/sink1_ct/bin/arduino-mega2560/LiFi_module.a(LiFi.o)
                0x0000000000000a42                _ZN4LiFi10sync_clockEv
 .text._ZN4LiFi7get_bitEv
                0x0000000000000ac0       0x90 /home/vasu/projects/lifi/riot/sink1_ct/bin/arduino-mega2560/LiFi_module.a(LiFi.o)
                0x0000000000000ac0                _ZN4LiFi7get_bitEv
 .text._ZN4LiFi14skip_till_zeroEv
                0x0000000000000b50       0x1e /home/vasu/projects/lifi/riot/sink1_ct/bin/arduino-mega2560/LiFi_module.a(LiFi.o)
                0x0000000000000b50                _ZN4LiFi14skip_till_zeroEv
 .text._ZN4LiFi13get_delimeterEv
                0x0000000000000b6e       0x56 /home/vasu/projects/lifi/riot/sink1_ct/bin/arduino-mega2560/LiFi_module.a(LiFi.o)
                0x0000000000000b6e                _ZN4LiFi13get_delimeterEv
 .text._ZN4LiFi8get_byteEPh
                0x0000000000000bc4       0xac /home/vasu/projects/lifi/riot/sink1_ct/bin/arduino-mega2560/LiFi_module.a(LiFi.o)
                0x0000000000000bc4                _ZN4LiFi8get_byteEPh
 .text._ZN4LiFi13receive_frameEPhh
                0x0000000000000c70       0x50 /home/vasu/projects/lifi/riot/sink1_ct/bin/arduino-mega2560/LiFi_module.a(LiFi.o)
                0x0000000000000c70                _ZN4LiFi13receive_frameEPhh
 .text._ZN4LiFi7receiveEPhh
                0x0000000000000cc0       0xc6 /home/vasu/projects/lifi/riot/sink1_ct/bin/arduino-mega2560/LiFi_module.a(LiFi.o)
                0x0000000000000cc0                _ZN4LiFi7receiveEPhh
 .text.startup._GLOBAL__sub_I_debug_str_buf
                0x0000000000000d86        0xc /home/vasu/projects/lifi/riot/sink1_ct/bin/arduino-mega2560/LiFi_module.a(LiFi.o)
 .text._Z11crc16_ccittPKhh
                0x0000000000000d92       0x30 /home/vasu/projects/lifi/riot/sink1_ct/bin/arduino-mega2560/LiFi_module.a(crc16_ccitt.o)
                0x0000000000000d92                _Z11crc16_ccittPKhh
 .text._xtimer_now
                0x0000000000000dc2       0x58 /home/vasu/projects/lifi/riot/sink1_ct/bin/arduino-mega2560/arduino.a(base.o)
 .text._Z7pinModeii
                0x0000000000000e1a       0x22 /home/vasu/projects/lifi/riot/sink1_ct/bin/arduino-mega2560/arduino.a(base.o)
                0x0000000000000e1a                _Z7pinModeii
 .text._Z12digitalWriteii
                0x0000000000000e3c        0xc /home/vasu/projects/lifi/riot/sink1_ct/bin/arduino-mega2560/arduino.a(base.o)
                0x0000000000000e3c                _Z12digitalWriteii
 .text._Z11digitalReadi
                0x0000000000000e48       0x1c /home/vasu/projects/lifi/riot/sink1_ct/bin/arduino-mega2560/arduino.a(base.o)
                0x0000000000000e48                _Z11digitalReadi
 .text._Z5delaym
                0x0000000000000e64       0x24 /home/vasu/projects/lifi/riot/sink1_ct/bin/arduino-mega2560/arduino.a(base.o)
                0x0000000000000e64                _Z5delaym
 .text._Z17delayMicrosecondsm
                0x0000000000000e88       0x18 /home/vasu/projects/lifi/riot/sink1_ct/bin/arduino-mega2560/arduino.a(base.o)
                0x0000000000000e88                _Z17delayMicrosecondsm
 .text._Z6microsv
                0x0000000000000ea0       0x14 /home/vasu/projects/lifi/riot/sink1_ct/bin/arduino-mega2560/arduino.a(base.o)
                0x0000000000000ea0                _Z6microsv
 .text.startup._GLOBAL__sub_I__Z7pinModeii
                0x0000000000000eb4        0xc /home/vasu/projects/lifi/riot/sink1_ct/bin/arduino-mega2560/arduino.a(base.o)
 .text._Z5rx_cbPvh
                0x0000000000000ec0        0x4 /home/vasu/projects/lifi/riot/sink1_ct/bin/arduino-mega2560/arduino.a(serialport.o)
                0x0000000000000ec0                _Z5rx_cbPvh
 .text._ZN10SerialPortC2Ej
                0x0000000000000ec4        0x8 /home/vasu/projects/lifi/riot/sink1_ct/bin/arduino-mega2560/arduino.a(serialport.o)
                0x0000000000000ec4                _ZN10SerialPortC2Ej
                0x0000000000000ec4                _ZN10SerialPortC1Ej
 .text._ZN10SerialPort5beginEl
                0x0000000000000ecc       0x3a /home/vasu/projects/lifi/riot/sink1_ct/bin/arduino-mega2560/arduino.a(serialport.o)
                0x0000000000000ecc                _ZN10SerialPort5beginEl
 .text._ZN10SerialPort5writeEPKc
                0x0000000000000f06       0x2e /home/vasu/projects/lifi/riot/sink1_ct/bin/arduino-mega2560/arduino.a(serialport.o)
                0x0000000000000f06                _ZN10SerialPort5writeEPKc
 .text._ZN10SerialPort5printEPKc
                0x0000000000000f34        0x4 /home/vasu/projects/lifi/riot/sink1_ct/bin/arduino-mega2560/arduino.a(serialport.o)
                0x0000000000000f34                _ZN10SerialPort5printEPKc
 .text._ZN10SerialPort7printlnEPKc
                0x0000000000000f38       0x28 /home/vasu/projects/lifi/riot/sink1_ct/bin/arduino-mega2560/arduino.a(serialport.o)
                0x0000000000000f38                _ZN10SerialPort7printlnEPKc
 .text._ZN10SerialPort5writeEPci
                0x0000000000000f60       0x18 /home/vasu/projects/lifi/riot/sink1_ct/bin/arduino-mega2560/arduino.a(serialport.o)
                0x0000000000000f60                _ZN10SerialPort5writeEPci
 .text._ZN10SerialPort5printEi12SerialFormat
                0x0000000000000f78       0x98 /home/vasu/projects/lifi/riot/sink1_ct/bin/arduino-mega2560/arduino.a(serialport.o)
                0x0000000000000f78                _ZN10SerialPort5printEi12SerialFormat
 .text._ZN10SerialPort7printlnEi12SerialFormat
                0x0000000000001010       0x28 /home/vasu/projects/lifi/riot/sink1_ct/bin/arduino-mega2560/arduino.a(serialport.o)
                0x0000000000001010                _ZN10SerialPort7printlnEi12SerialFormat
 .text.irq_disable
                0x0000000000001038        0xc /home/vasu/projects/lifi/riot/sink1_ct/bin/arduino-mega2560/atmega_common.a(irq_arch.o)
                0x0000000000001038                irq_disable
 .text.irq_enable
                0x0000000000001044        0xc /home/vasu/projects/lifi/riot/sink1_ct/bin/arduino-mega2560/atmega_common.a(irq_arch.o)
                0x0000000000001044                irq_enable
 .text.irq_restore
                0x0000000000001050       0x14 /home/vasu/projects/lifi/riot/sink1_ct/bin/arduino-mega2560/atmega_common.a(irq_arch.o)
                0x0000000000001050                irq_restore
 .text.irq_is_in
                0x0000000000001064        0x8 /home/vasu/projects/lifi/riot/sink1_ct/bin/arduino-mega2560/atmega_common.a(irq_arch.o)
                0x0000000000001064                irq_is_in
 .text.isr_handler
                0x000000000000106c       0x54 /home/vasu/projects/lifi/riot/sink1_ct/bin/arduino-mega2560/atmega_common_periph.a(uart.o)
 .text.uart_init
                0x00000000000010c0       0xa0 /home/vasu/projects/lifi/riot/sink1_ct/bin/arduino-mega2560/atmega_common_periph.a(uart.o)
                0x00000000000010c0                uart_init
 .text.uart_write
                0x0000000000001160       0x32 /home/vasu/projects/lifi/riot/sink1_ct/bin/arduino-mega2560/atmega_common_periph.a(uart.o)
                0x0000000000001160                uart_write
 .text.__vector_25
                0x0000000000001192       0x54 /home/vasu/projects/lifi/riot/sink1_ct/bin/arduino-mega2560/atmega_common_periph.a(uart.o)
                0x0000000000001192                __vector_25
 .text.__vector_36
                0x00000000000011e6       0x54 /home/vasu/projects/lifi/riot/sink1_ct/bin/arduino-mega2560/atmega_common_periph.a(uart.o)
                0x00000000000011e6                __vector_36
 .text._port_addr
                0x000000000000123a       0x1c /home/vasu/projects/lifi/riot/sink1_ct/bin/arduino-mega2560/atmega_common_periph.a(gpio.o)
 .text.gpio_init
                0x0000000000001256       0x6a /home/vasu/projects/lifi/riot/sink1_ct/bin/arduino-mega2560/atmega_common_periph.a(gpio.o)
                0x0000000000001256                gpio_init
 .text.gpio_read
                0x00000000000012c0       0x28 /home/vasu/projects/lifi/riot/sink1_ct/bin/arduino-mega2560/atmega_common_periph.a(gpio.o)
                0x00000000000012c0                gpio_read
 .text.gpio_set
                0x00000000000012e8       0x22 /home/vasu/projects/lifi/riot/sink1_ct/bin/arduino-mega2560/atmega_common_periph.a(gpio.o)
                0x00000000000012e8                gpio_set
 .text.gpio_clear
                0x000000000000130a       0x28 /home/vasu/projects/lifi/riot/sink1_ct/bin/arduino-mega2560/atmega_common_periph.a(gpio.o)
                0x000000000000130a                gpio_clear
 .text.gpio_write
                0x0000000000001332        0xc /home/vasu/projects/lifi/riot/sink1_ct/bin/arduino-mega2560/atmega_common_periph.a(gpio.o)
                0x0000000000001332                gpio_write
 .text._isr     0x000000000000133e       0x6c /home/vasu/projects/lifi/riot/sink1_ct/bin/arduino-mega2560/atmega_common_periph.a(timer.o)
 .text.timer_init
                0x00000000000013aa       0xa8 /home/vasu/projects/lifi/riot/sink1_ct/bin/arduino-mega2560/atmega_common_periph.a(timer.o)
                0x00000000000013aa                timer_init
 .text.timer_set_absolute
                0x0000000000001452       0x62 /home/vasu/projects/lifi/riot/sink1_ct/bin/arduino-mega2560/atmega_common_periph.a(timer.o)
                0x0000000000001452                timer_set_absolute
 .text.timer_read
                0x00000000000014b4       0x20 /home/vasu/projects/lifi/riot/sink1_ct/bin/arduino-mega2560/atmega_common_periph.a(timer.o)
                0x00000000000014b4                timer_read
 .text.__vector_17
                0x00000000000014d4       0x58 /home/vasu/projects/lifi/riot/sink1_ct/bin/arduino-mega2560/atmega_common_periph.a(timer.o)
                0x00000000000014d4                __vector_17
 .text.__vector_18
                0x000000000000152c       0x58 /home/vasu/projects/lifi/riot/sink1_ct/bin/arduino-mega2560/atmega_common_periph.a(timer.o)
                0x000000000000152c                __vector_18
 .text.__vector_19
                0x0000000000001584       0x58 /home/vasu/projects/lifi/riot/sink1_ct/bin/arduino-mega2560/atmega_common_periph.a(timer.o)
                0x0000000000001584                __vector_19
 .text.__vector_42
                0x00000000000015dc       0x58 /home/vasu/projects/lifi/riot/sink1_ct/bin/arduino-mega2560/atmega_common_periph.a(timer.o)
                0x00000000000015dc                __vector_42
 .text.__vector_43
                0x0000000000001634       0x58 /home/vasu/projects/lifi/riot/sink1_ct/bin/arduino-mega2560/atmega_common_periph.a(timer.o)
                0x0000000000001634                __vector_43
 .text.__vector_44
                0x000000000000168c       0x58 /home/vasu/projects/lifi/riot/sink1_ct/bin/arduino-mega2560/atmega_common_periph.a(timer.o)
                0x000000000000168c                __vector_44
 .text._prep    0x00000000000016e4       0x18 /home/vasu/projects/lifi/riot/sink1_ct/bin/arduino-mega2560/atmega_common_periph.a(adc.o)
 .text.adc_init
                0x00000000000016fc      0x11e /home/vasu/projects/lifi/riot/sink1_ct/bin/arduino-mega2560/atmega_common_periph.a(adc.o)
                0x00000000000016fc                adc_init
 .text.adc_sample
                0x000000000000181a       0x8e /home/vasu/projects/lifi/riot/sink1_ct/bin/arduino-mega2560/atmega_common_periph.a(adc.o)
                0x000000000000181a                adc_sample
 .text.board_init
                0x00000000000018a8       0x1a /home/vasu/projects/lifi/riot/sink1_ct/bin/arduino-mega2560/boards_common_atmega.a(board.o)
                0x00000000000018a8                board_init
 .text._mutex_lock
                0x00000000000018c2       0x8a /home/vasu/projects/lifi/riot/sink1_ct/bin/arduino-mega2560/core.a(mutex.o)
                0x00000000000018c2                _mutex_lock
 .text.mutex_unlock
                0x000000000000194c       0x82 /home/vasu/projects/lifi/riot/sink1_ct/bin/arduino-mega2560/core.a(mutex.o)
                0x000000000000194c                mutex_unlock
 .text.sched_run
                0x00000000000019ce       0x7e /home/vasu/projects/lifi/riot/sink1_ct/bin/arduino-mega2560/core.a(sched.o)
                0x00000000000019ce                sched_run
 .text.sched_set_status
                0x0000000000001a4c      0x122 /home/vasu/projects/lifi/riot/sink1_ct/bin/arduino-mega2560/core.a(sched.o)
                0x0000000000001a4c                sched_set_status
 .text.sched_switch
                0x0000000000001b6e       0x34 /home/vasu/projects/lifi/riot/sink1_ct/bin/arduino-mega2560/core.a(sched.o)
                0x0000000000001b6e                sched_switch
 .text.sched_task_exit
                0x0000000000001ba2       0x44 /home/vasu/projects/lifi/riot/sink1_ct/bin/arduino-mega2560/core.a(sched.o)
                0x0000000000001ba2                sched_task_exit
 .text.ringbuffer_add_one
                0x0000000000001be6       0x76 /home/vasu/projects/lifi/riot/sink1_ct/bin/arduino-mega2560/core.a(ringbuffer.o)
                0x0000000000001be6                ringbuffer_add_one
 .text.main_trampoline
                0x0000000000001c5c       0x1e /home/vasu/projects/lifi/riot/sink1_ct/bin/arduino-mega2560/core.a(kernel_init.o)
 .text.idle_thread
                0x0000000000001c7a        0x6 /home/vasu/projects/lifi/riot/sink1_ct/bin/arduino-mega2560/core.a(kernel_init.o)
 .text.kernel_init
                0x0000000000001c80       0x48 /home/vasu/projects/lifi/riot/sink1_ct/bin/arduino-mega2560/core.a(kernel_init.o)
                0x0000000000001c80                kernel_init
 .text.thread_yield
                0x0000000000001cc8       0x36 /home/vasu/projects/lifi/riot/sink1_ct/bin/arduino-mega2560/core.a(thread.o)
                0x0000000000001cc8                thread_yield
 .text.thread_add_to_list
                0x0000000000001cfe       0x44 /home/vasu/projects/lifi/riot/sink1_ct/bin/arduino-mega2560/core.a(thread.o)
                0x0000000000001cfe                thread_add_to_list
 .text.thread_create
                0x0000000000001d42      0x17e /home/vasu/projects/lifi/riot/sink1_ct/bin/arduino-mega2560/core.a(thread.o)
                0x0000000000001d42                thread_create
 .text._assert_failure
                0x0000000000001ec0       0x1e /home/vasu/projects/lifi/riot/sink1_ct/bin/arduino-mega2560/core.a(assert.o)
                0x0000000000001ec0                _assert_failure
 .text.panic_arch
                0x0000000000001ede        0x2 /home/vasu/projects/lifi/riot/sink1_ct/bin/arduino-mega2560/core.a(panic.o)
                0x0000000000001ede                panic_arch
 .text.core_panic
                0x0000000000001ee0       0x76 /home/vasu/projects/lifi/riot/sink1_ct/bin/arduino-mega2560/core.a(panic.o)
                0x0000000000001ee0                core_panic
 .text._xtimer_now
                0x0000000000001f56       0x58 /home/vasu/projects/lifi/riot/sink1_ct/bin/arduino-mega2560/xtimer.a(xtimer_core.o)
 .text._xtimer_now_internal
                0x0000000000001fae       0x6e /home/vasu/projects/lifi/riot/sink1_ct/bin/arduino-mega2560/xtimer.a(xtimer_core.o)
 .text._lltimer_set
                0x000000000000201c       0x1c /home/vasu/projects/lifi/riot/sink1_ct/bin/arduino-mega2560/xtimer.a(xtimer_core.o)
 .text._add_timer_to_long_list.constprop.3
                0x0000000000002038       0x7e /home/vasu/projects/lifi/riot/sink1_ct/bin/arduino-mega2560/xtimer.a(xtimer_core.o)
 .text._next_period
                0x00000000000020b6      0x1a6 /home/vasu/projects/lifi/riot/sink1_ct/bin/arduino-mega2560/xtimer.a(xtimer_core.o)
 .text._periph_timer_callback
                0x000000000000225c      0x204 /home/vasu/projects/lifi/riot/sink1_ct/bin/arduino-mega2560/xtimer.a(xtimer_core.o)
 .text._remove  0x0000000000002460       0x96 /home/vasu/projects/lifi/riot/sink1_ct/bin/arduino-mega2560/xtimer.a(xtimer_core.o)
 .text.xtimer_init
                0x00000000000024f6       0x2a /home/vasu/projects/lifi/riot/sink1_ct/bin/arduino-mega2560/xtimer.a(xtimer_core.o)
                0x00000000000024f6                xtimer_init
 .text._xtimer_set_absolute
                0x0000000000002520      0x1e8 /home/vasu/projects/lifi/riot/sink1_ct/bin/arduino-mega2560/xtimer.a(xtimer_core.o)
                0x0000000000002520                _xtimer_set_absolute
 .text.xtimer_remove
                0x0000000000002708       0x46 /home/vasu/projects/lifi/riot/sink1_ct/bin/arduino-mega2560/xtimer.a(xtimer_core.o)
                0x0000000000002708                xtimer_remove
 .text._xtimer_set
                0x000000000000274e       0xc4 /home/vasu/projects/lifi/riot/sink1_ct/bin/arduino-mega2560/xtimer.a(xtimer_core.o)
                0x000000000000274e                _xtimer_set
 .text._xtimer_set64
                0x0000000000002812       0xf8 /home/vasu/projects/lifi/riot/sink1_ct/bin/arduino-mega2560/xtimer.a(xtimer_core.o)
                0x0000000000002812                _xtimer_set64
 .text._callback_unlock_mutex
                0x000000000000290a        0x4 /home/vasu/projects/lifi/riot/sink1_ct/bin/arduino-mega2560/xtimer.a(xtimer.o)
 .text._xtimer_spin
                0x000000000000290e       0x5a /home/vasu/projects/lifi/riot/sink1_ct/bin/arduino-mega2560/xtimer.a(xtimer.o)
 .text._xtimer_tsleep
                0x0000000000002968       0xd0 /home/vasu/projects/lifi/riot/sink1_ct/bin/arduino-mega2560/xtimer.a(xtimer.o)
                0x0000000000002968                _xtimer_tsleep
 .text.pm_off   0x0000000000002a38        0x6 /home/vasu/projects/lifi/riot/sink1_ct/bin/arduino-mega2560/periph_common.a(pm.o)
                0x0000000000002a38                pm_off
 .text.pm_set_lowest
                0x0000000000002a3e        0x2 /home/vasu/projects/lifi/riot/sink1_ct/bin/arduino-mega2560/periph_common.a(pm.o)
                0x0000000000002a3e                pm_set_lowest
 .text.eeprom_read_byte
                0x0000000000002a40       0x22 /home/vasu/projects/lifi/riot/sink1_ct/bin/arduino-mega2560/periph_common.a(eeprom.o)
                0x0000000000002a40                eeprom_read_byte
 .text.cpu_init
                0x0000000000002a62       0x1c /home/vasu/projects/lifi/riot/sink1_ct/bin/arduino-mega2560/atmega_common.a(cpu.o)
                0x0000000000002a62                cpu_init
 .text.__vector_default
                0x0000000000002a7e       0x16 /home/vasu/projects/lifi/riot/sink1_ct/bin/arduino-mega2560/atmega_common.a(cpu.o)
                0x0000000000002a7e                __vector_default
 .text.thread_stack_init
                0x0000000000002a94       0x6a /home/vasu/projects/lifi/riot/sink1_ct/bin/arduino-mega2560/atmega_common.a(thread_arch.o)
                0x0000000000002a94                thread_stack_init
 .text.cpu_switch_context_exit
                0x0000000000002afe       0x9a /home/vasu/projects/lifi/riot/sink1_ct/bin/arduino-mega2560/atmega_common.a(thread_arch.o)
                0x0000000000002afe                cpu_switch_context_exit
 .text.thread_yield_higher
                0x0000000000002b98       0xdc /home/vasu/projects/lifi/riot/sink1_ct/bin/arduino-mega2560/atmega_common.a(thread_arch.o)
                0x0000000000002b98                thread_yield_higher
 .text.thread_yield_isr
                0x0000000000002c74       0xc4 /home/vasu/projects/lifi/riot/sink1_ct/bin/arduino-mega2560/atmega_common.a(thread_arch.o)
                0x0000000000002c74                thread_yield_isr
 .text.eeprom_read
                0x0000000000002d38       0x62 /home/vasu/projects/lifi/riot/sink1_ct/bin/arduino-mega2560/atmega_common_periph.a(eeprom.o)
                0x0000000000002d38                eeprom_read
 .text.auto_init
                0x0000000000002d9a        0x8 /home/vasu/projects/lifi/riot/sink1_ct/bin/arduino-mega2560/auto_init.a(auto_init.o)
                0x0000000000002d9a                auto_init
 .text._uart_getchar
                0x0000000000002da2       0x26 /home/vasu/projects/lifi/riot/sink1_ct/bin/arduino-mega2560/avr_libc_extra.a(atmega_stdio.o)
 .text._uart_putchar
                0x0000000000002dc8       0x24 /home/vasu/projects/lifi/riot/sink1_ct/bin/arduino-mega2560/avr_libc_extra.a(atmega_stdio.o)
 .text.atmega_stdio_init
                0x0000000000002dec       0x20 /home/vasu/projects/lifi/riot/sink1_ct/bin/arduino-mega2560/avr_libc_extra.a(atmega_stdio.o)
                0x0000000000002dec                atmega_stdio_init
 .text.led_init
                0x0000000000002e0c        0xc /home/vasu/projects/lifi/riot/sink1_ct/bin/arduino-mega2560/boards_common_arduino-atmega.a(led_init.o)
                0x0000000000002e0c                led_init
 .text.auto_init_random
                0x0000000000002e18       0x1c /home/vasu/projects/lifi/riot/sink1_ct/bin/arduino-mega2560/random.a(random.o)
                0x0000000000002e18                auto_init_random
 .text.random_init
                0x0000000000002e34       0x24 /home/vasu/projects/lifi/riot/sink1_ct/bin/arduino-mega2560/random.a(xorshift.o)
                0x0000000000002e34                random_init
 .text.stdio_init
                0x0000000000002e58       0x22 /home/vasu/projects/lifi/riot/sink1_ct/bin/arduino-mega2560/stdio_uart.a(stdio_uart.o)
                0x0000000000002e58                stdio_init
 .text.stdio_read
                0x0000000000002e7a        0x6 /home/vasu/projects/lifi/riot/sink1_ct/bin/arduino-mega2560/stdio_uart.a(stdio_uart.o)
                0x0000000000002e7a                stdio_read
 .text.stdio_write
                0x0000000000002e80       0x1a /home/vasu/projects/lifi/riot/sink1_ct/bin/arduino-mega2560/stdio_uart.a(stdio_uart.o)
                0x0000000000002e80                stdio_write
 .text.periph_init
                0x0000000000002e9a        0x8 /home/vasu/projects/lifi/riot/sink1_ct/bin/arduino-mega2560/periph_common.a(init.o)
                0x0000000000002e9a                periph_init
 .text.spi_init_pins
                0x0000000000002ea2        0x8 /home/vasu/projects/lifi/riot/sink1_ct/bin/arduino-mega2560/atmega_common_periph.a(spi.o)
                0x0000000000002ea2                spi_init_pins
 .text.spi_init
                0x0000000000002eaa       0x22 /home/vasu/projects/lifi/riot/sink1_ct/bin/arduino-mega2560/atmega_common_periph.a(spi.o)
                0x0000000000002eaa                spi_init
 .text.libgcc.div
                0x0000000000002ecc       0x44 /usr/lib/gcc/avr/5.4.0/avr6/libgcc.a(_udivmodsi4.o)
                0x0000000000002ecc                __udivmodsi4
 .text.libgcc.mul
                0x0000000000002f10       0x16 /usr/lib/gcc/avr/5.4.0/avr6/libgcc.a(_muluhisi3.o)
                0x0000000000002f10                __muluhisi3
 .text.libgcc   0x0000000000002f26       0x10 /usr/lib/gcc/avr/5.4.0/avr6/libgcc.a(_tablejump2.o)
                0x0000000000002f26                __tablejump2__
 .text.libgcc.mul
                0x0000000000002f36       0x1e /usr/lib/gcc/avr/5.4.0/avr6/libgcc.a(_umulhisi3.o)
                0x0000000000002f36                __umulhisi3
 .text.avr-libc
                0x0000000000002f54       0x12 /usr/lib/gcc/avr/5.4.0/../../../avr/lib/avr6/libc.a(memcpy.o)
                0x0000000000002f54                memcpy
 .text.avr-libc
                0x0000000000002f66       0x12 /usr/lib/gcc/avr/5.4.0/../../../avr/lib/avr6/libc.a(strlen.o)
                0x0000000000002f66                strlen
 .text.avr-libc
                0x0000000000002f78       0x28 /usr/lib/gcc/avr/5.4.0/../../../avr/lib/avr6/libc.a(printf.o)
                0x0000000000002f78                printf
 .text.avr-libc
                0x0000000000002fa0       0x60 /usr/lib/gcc/avr/5.4.0/../../../avr/lib/avr6/libc.a(puts.o)
                0x0000000000002fa0                puts
 .text.avr-libc
                0x0000000000003000       0x5e /usr/lib/gcc/avr/5.4.0/../../../avr/lib/avr6/libc.a(sprintf.o)
                0x0000000000003000                sprintf
 .text.avr-libc
                0x000000000000305e      0x414 /usr/lib/gcc/avr/5.4.0/../../../avr/lib/avr6/libc.a(vfprintf_std.o)
                0x000000000000305e                vfprintf
 .text.avr-libc
                0x0000000000003472       0x16 /usr/lib/gcc/avr/5.4.0/../../../avr/lib/avr6/libc.a(strnlen_P.o)
                0x0000000000003472                strnlen_P
 .text.avr-libc
                0x0000000000003488       0x16 /usr/lib/gcc/avr/5.4.0/../../../avr/lib/avr6/libc.a(strnlen.o)
                0x0000000000003488                strnlen
 .text.avr-libc
                0x000000000000349e       0x78 /usr/lib/gcc/avr/5.4.0/../../../avr/lib/avr6/libc.a(fputc.o)
                0x000000000000349e                fputc
 .text.avr-libc
                0x0000000000003516       0xbc /usr/lib/gcc/avr/5.4.0/../../../avr/lib/avr6/libc.a(ultoa_invert.o)
                0x0000000000003516                __ultoa_invert
                0x00000000000035d2                . = ALIGN (0x2)
 *(.fini9)
 .fini9         0x00000000000035d2        0x0 /usr/lib/gcc/avr/5.4.0/avr6/libgcc.a(_exit.o)
                0x00000000000035d2                exit
                0x00000000000035d2                _exit
 *(.fini9)
 *(.fini8)
 *(.fini8)
 *(.fini7)
 *(.fini7)
 *(.fini6)
 *(.fini6)
 *(.fini5)
 *(.fini5)
 *(.fini4)
 *(.fini4)
 *(.fini3)
 *(.fini3)
 *(.fini2)
 *(.fini2)
 *(.fini1)
 *(.fini1)
 *(.fini0)
 .fini0         0x00000000000035d2        0x4 /usr/lib/gcc/avr/5.4.0/avr6/libgcc.a(_exit.o)
 *(.fini0)
                0x00000000000035d6                _etext = .

.data           0x0000000000800200      0x426 load address 0x00000000000035d6
                0x0000000000800200                PROVIDE (__data_start, .)
 *(.data)
 .data          0x0000000000800200        0x6 /usr/lib/gcc/avr/5.4.0/../../../avr/lib/avr6/libc.a(malloc.o)
                0x0000000000800200                __malloc_heap_end
                0x0000000000800202                __malloc_heap_start
                0x0000000000800204                __malloc_margin
 *(.data*)
 .data.reverse  0x0000000000800206        0x2 /home/vasu/projects/lifi/riot/sink1_ct/bin/arduino-mega2560/application_basic_receiption.a(main.o)
                0x0000000000800206                reverse
 .data.forward  0x0000000000800208        0x2 /home/vasu/projects/lifi/riot/sink1_ct/bin/arduino-mega2560/application_basic_receiption.a(main.o)
                0x0000000000800208                forward
 .data.SEN2     0x000000000080020a        0x2 /home/vasu/projects/lifi/riot/sink1_ct/bin/arduino-mega2560/application_basic_receiption.a(main.o)
                0x000000000080020a                SEN2
 .data.sink1    0x000000000080020c        0x1 /home/vasu/projects/lifi/riot/sink1_ct/bin/arduino-mega2560/application_basic_receiption.a(main.o)
                0x000000000080020c                sink1
 .data.control_info
                0x000000000080020d        0x1 /home/vasu/projects/lifi/riot/sink1_ct/bin/arduino-mega2560/application_basic_receiption.a(main.o)
                0x000000000080020d                control_info
 .data.master_id
                0x000000000080020e        0x1 /home/vasu/projects/lifi/riot/sink1_ct/bin/arduino-mega2560/application_basic_receiption.a(main.o)
                0x000000000080020e                master_id
 .data.ctx      0x000000000080020f       0x18 /home/vasu/projects/lifi/riot/sink1_ct/bin/arduino-mega2560/atmega_common_periph.a(timer.o)
 .data.idle_name
                0x0000000000800227        0x2 /home/vasu/projects/lifi/riot/sink1_ct/bin/arduino-mega2560/core.a(kernel_init.o)
                0x0000000000800227                idle_name
 .data.main_name
                0x0000000000800229        0x2 /home/vasu/projects/lifi/riot/sink1_ct/bin/arduino-mega2560/core.a(kernel_init.o)
                0x0000000000800229                main_name
 .data._uart_stdin
                0x000000000080022b        0xe /home/vasu/projects/lifi/riot/sink1_ct/bin/arduino-mega2560/avr_libc_extra.a(atmega_stdio.o)
 .data._uart_stdout
                0x0000000000800239        0xe /home/vasu/projects/lifi/riot/sink1_ct/bin/arduino-mega2560/avr_libc_extra.a(atmega_stdio.o)
 *(.rodata)
 *(.rodata*)
 .rodata.str1.1
                0x0000000000800247       0x46 /home/vasu/projects/lifi/riot/sink1_ct/bin/arduino-mega2560/application_basic_receiption.a(main.o)
 .rodata._ZL9crc_table
                0x000000000080028d      0x200 /home/vasu/projects/lifi/riot/sink1_ct/bin/arduino-mega2560/LiFi_module.a(crc16_ccitt.o)
 .rodata._ZL14arduino_pinmap
                0x000000000080048d       0x46 /home/vasu/projects/lifi/riot/sink1_ct/bin/arduino-mega2560/arduino.a(base.o)
 .rodata.str1.1
                0x00000000008004d3       0x11 /home/vasu/projects/lifi/riot/sink1_ct/bin/arduino-mega2560/arduino.a(serialport.o)
 .rodata.dev    0x00000000008004e4        0x4 /home/vasu/projects/lifi/riot/sink1_ct/bin/arduino-mega2560/atmega_common_periph.a(uart.o)
 .rodata.prescalers
                0x00000000008004e8        0x5 /home/vasu/projects/lifi/riot/sink1_ct/bin/arduino-mega2560/atmega_common_periph.a(timer.o)
 .rodata.str1.1
                0x00000000008004ed       0x47 /home/vasu/projects/lifi/riot/sink1_ct/bin/arduino-mega2560/core.a(kernel_init.o)
 .rodata.str1.1
                0x0000000000800534        0xe /home/vasu/projects/lifi/riot/sink1_ct/bin/arduino-mega2560/core.a(thread.o)
 .rodata.str1.1
                0x0000000000800542        0xa /home/vasu/projects/lifi/riot/sink1_ct/bin/arduino-mega2560/core.a(assert.o)
 .rodata.str1.1
                0x000000000080054c       0x41 /home/vasu/projects/lifi/riot/sink1_ct/bin/arduino-mega2560/core.a(panic.o)
 .rodata.assert_crash_message
                0x000000000080058d       0x12 /home/vasu/projects/lifi/riot/sink1_ct/bin/arduino-mega2560/core.a(panic.o)
                0x000000000080058d                assert_crash_message
 .rodata.str1.1
                0x000000000080059f       0x14 /home/vasu/projects/lifi/riot/sink1_ct/bin/arduino-mega2560/xtimer.a(xtimer.o)
 .rodata.str1.1
                0x00000000008005b3       0x22 /home/vasu/projects/lifi/riot/sink1_ct/bin/arduino-mega2560/atmega_common_periph.a(eeprom.o)
 .rodata.str1.1
                0x00000000008005d5        0x2 /home/vasu/projects/lifi/riot/sink1_ct/bin/arduino-mega2560/avr_libc_extra.a(atmega_stdio.o)
 .rodata.str1.1
                0x00000000008005d7       0x30 /home/vasu/projects/lifi/riot/sink1_ct/bin/arduino-mega2560/random.a(random.o)
 .rodata.str1.1
                0x0000000000800607       0x1f /home/vasu/projects/lifi/riot/sink1_ct/bin/arduino-mega2560/atmega_common_periph.a(spi.o)
 *(.gnu.linkonce.d*)
                0x0000000000800626                . = ALIGN (0x2)
                0x0000000000800626                _edata = .
                0x0000000000800626                PROVIDE (__data_end, .)

.bss            0x0000000000800626      0xc65
                0x0000000000800626                PROVIDE (__bss_start, .)
 *(.bss)
 *(.bss*)
 .bss._ZL6Serial
                0x0000000000800626       0x4a /home/vasu/projects/lifi/riot/sink1_ct/bin/arduino-mega2560/application_basic_receiption.a(_sketches.o)
 .bss.lifi1     0x0000000000800670       0x55 /home/vasu/projects/lifi/riot/sink1_ct/bin/arduino-mega2560/application_basic_receiption.a(main.o)
                0x0000000000800670                lifi1
 .bss._ZL9rx_stack1
                0x00000000008006c5      0x280 /home/vasu/projects/lifi/riot/sink1_ct/bin/arduino-mega2560/application_basic_receiption.a(main.o)
 .bss._ZL9tx_stack1
                0x0000000000800945      0x280 /home/vasu/projects/lifi/riot/sink1_ct/bin/arduino-mega2560/application_basic_receiption.a(main.o)
 .bss.sensorValue
                0x0000000000800bc5        0x2 /home/vasu/projects/lifi/riot/sink1_ct/bin/arduino-mega2560/application_basic_receiption.a(main.o)
                0x0000000000800bc5                sensorValue
 .bss.state     0x0000000000800bc7        0x2 /home/vasu/projects/lifi/riot/sink1_ct/bin/arduino-mega2560/application_basic_receiption.a(main.o)
                0x0000000000800bc7                state
 .bss.control_data
                0x0000000000800bc9       0xff /home/vasu/projects/lifi/riot/sink1_ct/bin/arduino-mega2560/application_basic_receiption.a(main.o)
                0x0000000000800bc9                control_data
 .bss.device_id
                0x0000000000800cc8        0x1 /home/vasu/projects/lifi/riot/sink1_ct/bin/arduino-mega2560/application_basic_receiption.a(main.o)
                0x0000000000800cc8                device_id
 .bss._ZL6Serial
                0x0000000000800cc9       0x4a /home/vasu/projects/lifi/riot/sink1_ct/bin/arduino-mega2560/application_basic_receiption.a(main.o)
 .bss._ZL6Serial
                0x0000000000800d13       0x4a /home/vasu/projects/lifi/riot/sink1_ct/bin/arduino-mega2560/LiFi_module.a(PLiFi.o)
 .bss.debug_str_pos
                0x0000000000800d5d        0x1 /home/vasu/projects/lifi/riot/sink1_ct/bin/arduino-mega2560/LiFi_module.a(LiFi.o)
                0x0000000000800d5d                debug_str_pos
 .bss.debug_str_buf
                0x0000000000800d5e      0x100 /home/vasu/projects/lifi/riot/sink1_ct/bin/arduino-mega2560/LiFi_module.a(LiFi.o)
                0x0000000000800d5e                debug_str_buf
 .bss._ZL6Serial
                0x0000000000800e5e       0x4a /home/vasu/projects/lifi/riot/sink1_ct/bin/arduino-mega2560/LiFi_module.a(LiFi.o)
 .bss._ZL6Serial
                0x0000000000800ea8       0x4a /home/vasu/projects/lifi/riot/sink1_ct/bin/arduino-mega2560/arduino.a(base.o)
 .bss.__in_isr  0x0000000000800ef2        0x1 /home/vasu/projects/lifi/riot/sink1_ct/bin/arduino-mega2560/atmega_common.a(irq_arch.o)
                0x0000000000800ef2                __in_isr
 .bss.isr_ctx   0x0000000000800ef3        0x8 /home/vasu/projects/lifi/riot/sink1_ct/bin/arduino-mega2560/atmega_common_periph.a(uart.o)
 .bss.lock      0x0000000000800efb        0x2 /home/vasu/projects/lifi/riot/sink1_ct/bin/arduino-mega2560/atmega_common_periph.a(adc.o)
 .bss.runqueue_bitcache
                0x0000000000800efd        0x4 /home/vasu/projects/lifi/riot/sink1_ct/bin/arduino-mega2560/core.a(sched.o)
 .bss.sched_runqueues
                0x0000000000800f01       0x20 /home/vasu/projects/lifi/riot/sink1_ct/bin/arduino-mega2560/core.a(sched.o)
                0x0000000000800f01                sched_runqueues
 .bss.sched_active_pid
                0x0000000000800f21        0x2 /home/vasu/projects/lifi/riot/sink1_ct/bin/arduino-mega2560/core.a(sched.o)
                0x0000000000800f21                sched_active_pid
 .bss.sched_active_thread
                0x0000000000800f23        0x2 /home/vasu/projects/lifi/riot/sink1_ct/bin/arduino-mega2560/core.a(sched.o)
                0x0000000000800f23                sched_active_thread
 .bss.sched_threads
                0x0000000000800f25       0x42 /home/vasu/projects/lifi/riot/sink1_ct/bin/arduino-mega2560/core.a(sched.o)
                0x0000000000800f25                sched_threads
 .bss.sched_context_switch_request
                0x0000000000800f67        0x2 /home/vasu/projects/lifi/riot/sink1_ct/bin/arduino-mega2560/core.a(sched.o)
                0x0000000000800f67                sched_context_switch_request
 .bss.sched_num_threads
                0x0000000000800f69        0x2 /home/vasu/projects/lifi/riot/sink1_ct/bin/arduino-mega2560/core.a(sched.o)
                0x0000000000800f69                sched_num_threads
 .bss.idle_stack
                0x0000000000800f6b       0x80 /home/vasu/projects/lifi/riot/sink1_ct/bin/arduino-mega2560/core.a(kernel_init.o)
 .bss.main_stack
                0x0000000000800feb      0x280 /home/vasu/projects/lifi/riot/sink1_ct/bin/arduino-mega2560/core.a(kernel_init.o)
 .bss.crashed   0x000000000080126b        0x2 /home/vasu/projects/lifi/riot/sink1_ct/bin/arduino-mega2560/core.a(panic.o)
 .bss.long_list_head
                0x000000000080126d        0x2 /home/vasu/projects/lifi/riot/sink1_ct/bin/arduino-mega2560/xtimer.a(xtimer_core.o)
 .bss.overflow_list_head
                0x000000000080126f        0x2 /home/vasu/projects/lifi/riot/sink1_ct/bin/arduino-mega2560/xtimer.a(xtimer_core.o)
 .bss.timer_list_head
                0x0000000000801271        0x2 /home/vasu/projects/lifi/riot/sink1_ct/bin/arduino-mega2560/xtimer.a(xtimer_core.o)
 .bss._xtimer_high_cnt
                0x0000000000801273        0x4 /home/vasu/projects/lifi/riot/sink1_ct/bin/arduino-mega2560/xtimer.a(xtimer_core.o)
                0x0000000000801273                _xtimer_high_cnt
 .bss._long_cnt
                0x0000000000801277        0x4 /home/vasu/projects/lifi/riot/sink1_ct/bin/arduino-mega2560/xtimer.a(xtimer_core.o)
 .bss._in_handler
                0x000000000080127b        0x2 /home/vasu/projects/lifi/riot/sink1_ct/bin/arduino-mega2560/xtimer.a(xtimer_core.o)
 .bss._state32  0x000000000080127d        0x4 /home/vasu/projects/lifi/riot/sink1_ct/bin/arduino-mega2560/random.a(xorshift.o)
 *(COMMON)
 COMMON         0x0000000000801281        0x4 /usr/lib/gcc/avr/5.4.0/../../../avr/lib/avr6/libc.a(malloc.o)
                0x0000000000801281                __brkval
                0x0000000000801283                __flp
 COMMON         0x0000000000801285        0x6 /usr/lib/gcc/avr/5.4.0/../../../avr/lib/avr6/libc.a(iob.o)
                0x0000000000801285                __iob
                0x000000000080128b                PROVIDE (__bss_end, .)
                0x00000000000035d6                __data_load_start = LOADADDR (.data)
                0x00000000000039fc                __data_load_end = (__data_load_start + SIZEOF (.data))

.noinit         0x000000000080128b        0x2
                [!provide]                        PROVIDE (__noinit_start, .)
 *(.noinit*)
 .noinit        0x000000000080128b        0x2 /home/vasu/projects/lifi/riot/sink1_ct/bin/arduino-mega2560/atmega_common.a(cpu.o)
                0x000000000080128b                soft_rst
                0x000000000080128c                mcusr_mirror
                [!provide]                        PROVIDE (__noinit_end, .)
                0x000000000080128d                _end = .
                0x000000000080128d                PROVIDE (__heap_start, .)

.eeprom         0x0000000000810000        0x0
 *(.eeprom*)
                0x0000000000810000                __eeprom_end = .

.fuse
 *(.fuse)
 *(.lfuse)
 *(.hfuse)
 *(.efuse)

.lock
 *(.lock*)

.signature
 *(.signature*)

.user_signatures
 *(.user_signatures*)

.stab
 *(.stab)

.stabstr
 *(.stabstr)

.stab.excl
 *(.stab.excl)

.stab.exclstr
 *(.stab.exclstr)

.stab.index
 *(.stab.index)

.stab.indexstr
 *(.stab.indexstr)

.comment        0x0000000000000000       0x11
 *(.comment)
 .comment       0x0000000000000000       0x11 /home/vasu/projects/lifi/riot/sink1_ct/bin/arduino-mega2560/atmega_common/startup.o
                                         0x12 (size before relaxing)
 .comment       0x0000000000000011       0x12 /home/vasu/projects/lifi/riot/sink1_ct/bin/arduino-mega2560/application_basic_receiption.a(_sketches.o)
 .comment       0x0000000000000011       0x12 /home/vasu/projects/lifi/riot/sink1_ct/bin/arduino-mega2560/application_basic_receiption.a(main.o)
 .comment       0x0000000000000011       0x12 /home/vasu/projects/lifi/riot/sink1_ct/bin/arduino-mega2560/LiFi_module.a(PLiFi.o)
 .comment       0x0000000000000011       0x12 /home/vasu/projects/lifi/riot/sink1_ct/bin/arduino-mega2560/LiFi_module.a(LiFi.o)
 .comment       0x0000000000000011       0x12 /home/vasu/projects/lifi/riot/sink1_ct/bin/arduino-mega2560/LiFi_module.a(crc16_ccitt.o)
 .comment       0x0000000000000011       0x12 /home/vasu/projects/lifi/riot/sink1_ct/bin/arduino-mega2560/arduino.a(base.o)
 .comment       0x0000000000000011       0x12 /home/vasu/projects/lifi/riot/sink1_ct/bin/arduino-mega2560/arduino.a(serialport.o)
 .comment       0x0000000000000011       0x12 /home/vasu/projects/lifi/riot/sink1_ct/bin/arduino-mega2560/atmega_common.a(irq_arch.o)
 .comment       0x0000000000000011       0x12 /home/vasu/projects/lifi/riot/sink1_ct/bin/arduino-mega2560/atmega_common_periph.a(uart.o)
 .comment       0x0000000000000011       0x12 /home/vasu/projects/lifi/riot/sink1_ct/bin/arduino-mega2560/atmega_common_periph.a(gpio.o)
 .comment       0x0000000000000011       0x12 /home/vasu/projects/lifi/riot/sink1_ct/bin/arduino-mega2560/atmega_common_periph.a(timer.o)
 .comment       0x0000000000000011       0x12 /home/vasu/projects/lifi/riot/sink1_ct/bin/arduino-mega2560/atmega_common_periph.a(adc.o)
 .comment       0x0000000000000011       0x12 /home/vasu/projects/lifi/riot/sink1_ct/bin/arduino-mega2560/boards_common_atmega.a(board.o)
 .comment       0x0000000000000011       0x12 /home/vasu/projects/lifi/riot/sink1_ct/bin/arduino-mega2560/core.a(mutex.o)
 .comment       0x0000000000000011       0x12 /home/vasu/projects/lifi/riot/sink1_ct/bin/arduino-mega2560/core.a(sched.o)
 .comment       0x0000000000000011       0x12 /home/vasu/projects/lifi/riot/sink1_ct/bin/arduino-mega2560/core.a(ringbuffer.o)
 .comment       0x0000000000000011       0x12 /home/vasu/projects/lifi/riot/sink1_ct/bin/arduino-mega2560/core.a(kernel_init.o)
 .comment       0x0000000000000011       0x12 /home/vasu/projects/lifi/riot/sink1_ct/bin/arduino-mega2560/core.a(thread.o)
 .comment       0x0000000000000011       0x12 /home/vasu/projects/lifi/riot/sink1_ct/bin/arduino-mega2560/core.a(assert.o)
 .comment       0x0000000000000011       0x12 /home/vasu/projects/lifi/riot/sink1_ct/bin/arduino-mega2560/core.a(panic.o)
 .comment       0x0000000000000011       0x12 /home/vasu/projects/lifi/riot/sink1_ct/bin/arduino-mega2560/xtimer.a(xtimer_core.o)
 .comment       0x0000000000000011       0x12 /home/vasu/projects/lifi/riot/sink1_ct/bin/arduino-mega2560/xtimer.a(xtimer.o)
 .comment       0x0000000000000011       0x12 /home/vasu/projects/lifi/riot/sink1_ct/bin/arduino-mega2560/periph_common.a(pm.o)
 .comment       0x0000000000000011       0x12 /home/vasu/projects/lifi/riot/sink1_ct/bin/arduino-mega2560/periph_common.a(eeprom.o)
 .comment       0x0000000000000011       0x12 /home/vasu/projects/lifi/riot/sink1_ct/bin/arduino-mega2560/atmega_common.a(cpu.o)
 .comment       0x0000000000000011       0x12 /home/vasu/projects/lifi/riot/sink1_ct/bin/arduino-mega2560/atmega_common.a(thread_arch.o)
 .comment       0x0000000000000011       0x12 /home/vasu/projects/lifi/riot/sink1_ct/bin/arduino-mega2560/atmega_common_periph.a(eeprom.o)
 .comment       0x0000000000000011       0x12 /home/vasu/projects/lifi/riot/sink1_ct/bin/arduino-mega2560/auto_init.a(auto_init.o)
 .comment       0x0000000000000011       0x12 /home/vasu/projects/lifi/riot/sink1_ct/bin/arduino-mega2560/avr_libc_extra.a(atmega_stdio.o)
 .comment       0x0000000000000011       0x12 /home/vasu/projects/lifi/riot/sink1_ct/bin/arduino-mega2560/boards_common_arduino-atmega.a(led_init.o)
 .comment       0x0000000000000011       0x12 /home/vasu/projects/lifi/riot/sink1_ct/bin/arduino-mega2560/random.a(random.o)
 .comment       0x0000000000000011       0x12 /home/vasu/projects/lifi/riot/sink1_ct/bin/arduino-mega2560/random.a(xorshift.o)
 .comment       0x0000000000000011       0x12 /home/vasu/projects/lifi/riot/sink1_ct/bin/arduino-mega2560/stdio_uart.a(stdio_uart.o)
 .comment       0x0000000000000011       0x12 /home/vasu/projects/lifi/riot/sink1_ct/bin/arduino-mega2560/periph_common.a(init.o)
 .comment       0x0000000000000011       0x12 /home/vasu/projects/lifi/riot/sink1_ct/bin/arduino-mega2560/atmega_common_periph.a(spi.o)
 .comment       0x0000000000000011       0x12 /usr/lib/gcc/avr/5.4.0/../../../avr/lib/avr6/libc.a(malloc.o)
 .comment       0x0000000000000011       0x12 /usr/lib/gcc/avr/5.4.0/../../../avr/lib/avr6/libc.a(iob.o)
 .comment       0x0000000000000011       0x12 /usr/lib/gcc/avr/5.4.0/../../../avr/lib/avr6/libc.a(printf.o)
 .comment       0x0000000000000011       0x12 /usr/lib/gcc/avr/5.4.0/../../../avr/lib/avr6/libc.a(puts.o)
 .comment       0x0000000000000011       0x12 /usr/lib/gcc/avr/5.4.0/../../../avr/lib/avr6/libc.a(sprintf.o)
 .comment       0x0000000000000011       0x12 /usr/lib/gcc/avr/5.4.0/../../../avr/lib/avr6/libc.a(vfprintf_std.o)
 .comment       0x0000000000000011       0x12 /usr/lib/gcc/avr/5.4.0/../../../avr/lib/avr6/libc.a(fputc.o)

.note.gnu.avr.deviceinfo
                0x0000000000000000       0x40
 .note.gnu.avr.deviceinfo
                0x0000000000000000       0x40 /usr/lib/gcc/avr/5.4.0/../../../avr/lib/avr6/crtatmega2560.o

.note.gnu.build-id
 *(.note.gnu.build-id)

.debug
 *(.debug)

.line
 *(.line)

.debug_srcinfo
 *(.debug_srcinfo)

.debug_sfnames
 *(.debug_sfnames)

.debug_aranges  0x0000000000000000      0x998
 *(.debug_aranges)
 .debug_aranges
                0x0000000000000000       0x30 /home/vasu/projects/lifi/riot/sink1_ct/bin/arduino-mega2560/atmega_common/startup.o
 .debug_aranges
                0x0000000000000030       0x28 /home/vasu/projects/lifi/riot/sink1_ct/bin/arduino-mega2560/application_basic_receiption.a(_sketches.o)
 .debug_aranges
                0x0000000000000058       0x48 /home/vasu/projects/lifi/riot/sink1_ct/bin/arduino-mega2560/application_basic_receiption.a(main.o)
 .debug_aranges
                0x00000000000000a0       0x40 /home/vasu/projects/lifi/riot/sink1_ct/bin/arduino-mega2560/LiFi_module.a(PLiFi.o)
 .debug_aranges
                0x00000000000000e0       0xb0 /home/vasu/projects/lifi/riot/sink1_ct/bin/arduino-mega2560/LiFi_module.a(LiFi.o)
 .debug_aranges
                0x0000000000000190       0x20 /home/vasu/projects/lifi/riot/sink1_ct/bin/arduino-mega2560/LiFi_module.a(crc16_ccitt.o)
 .debug_aranges
                0x00000000000001b0       0x68 /home/vasu/projects/lifi/riot/sink1_ct/bin/arduino-mega2560/arduino.a(base.o)
 .debug_aranges
                0x0000000000000218       0xc8 /home/vasu/projects/lifi/riot/sink1_ct/bin/arduino-mega2560/arduino.a(serialport.o)
 .debug_aranges
                0x00000000000002e0       0x38 /home/vasu/projects/lifi/riot/sink1_ct/bin/arduino-mega2560/atmega_common.a(irq_arch.o)
 .debug_aranges
                0x0000000000000318       0x48 /home/vasu/projects/lifi/riot/sink1_ct/bin/arduino-mega2560/atmega_common_periph.a(uart.o)
 .debug_aranges
                0x0000000000000360       0x50 /home/vasu/projects/lifi/riot/sink1_ct/bin/arduino-mega2560/atmega_common_periph.a(gpio.o)
 .debug_aranges
                0x00000000000003b0       0x80 /home/vasu/projects/lifi/riot/sink1_ct/bin/arduino-mega2560/atmega_common_periph.a(timer.o)
 .debug_aranges
                0x0000000000000430       0x30 /home/vasu/projects/lifi/riot/sink1_ct/bin/arduino-mega2560/atmega_common_periph.a(adc.o)
 .debug_aranges
                0x0000000000000460       0x20 /home/vasu/projects/lifi/riot/sink1_ct/bin/arduino-mega2560/boards_common_atmega.a(board.o)
 .debug_aranges
                0x0000000000000480       0x30 /home/vasu/projects/lifi/riot/sink1_ct/bin/arduino-mega2560/core.a(mutex.o)
 .debug_aranges
                0x00000000000004b0       0x38 /home/vasu/projects/lifi/riot/sink1_ct/bin/arduino-mega2560/core.a(sched.o)
 .debug_aranges
                0x00000000000004e8       0x50 /home/vasu/projects/lifi/riot/sink1_ct/bin/arduino-mega2560/core.a(ringbuffer.o)
 .debug_aranges
                0x0000000000000538       0x30 /home/vasu/projects/lifi/riot/sink1_ct/bin/arduino-mega2560/core.a(kernel_init.o)
 .debug_aranges
                0x0000000000000568       0x60 /home/vasu/projects/lifi/riot/sink1_ct/bin/arduino-mega2560/core.a(thread.o)
 .debug_aranges
                0x00000000000005c8       0x20 /home/vasu/projects/lifi/riot/sink1_ct/bin/arduino-mega2560/core.a(assert.o)
 .debug_aranges
                0x00000000000005e8       0x28 /home/vasu/projects/lifi/riot/sink1_ct/bin/arduino-mega2560/core.a(panic.o)
 .debug_aranges
                0x0000000000000610       0x80 /home/vasu/projects/lifi/riot/sink1_ct/bin/arduino-mega2560/xtimer.a(xtimer_core.o)
 .debug_aranges
                0x0000000000000690       0x98 /home/vasu/projects/lifi/riot/sink1_ct/bin/arduino-mega2560/xtimer.a(xtimer.o)
 .debug_aranges
                0x0000000000000728       0x28 /home/vasu/projects/lifi/riot/sink1_ct/bin/arduino-mega2560/periph_common.a(pm.o)
 .debug_aranges
                0x0000000000000750       0x40 /home/vasu/projects/lifi/riot/sink1_ct/bin/arduino-mega2560/periph_common.a(eeprom.o)
 .debug_aranges
                0x0000000000000790       0x38 /home/vasu/projects/lifi/riot/sink1_ct/bin/arduino-mega2560/atmega_common.a(cpu.o)
 .debug_aranges
                0x00000000000007c8       0x40 /home/vasu/projects/lifi/riot/sink1_ct/bin/arduino-mega2560/atmega_common.a(thread_arch.o)
 .debug_aranges
                0x0000000000000808       0x28 /home/vasu/projects/lifi/riot/sink1_ct/bin/arduino-mega2560/atmega_common_periph.a(eeprom.o)
 .debug_aranges
                0x0000000000000830       0x20 /home/vasu/projects/lifi/riot/sink1_ct/bin/arduino-mega2560/auto_init.a(auto_init.o)
 .debug_aranges
                0x0000000000000850       0x30 /home/vasu/projects/lifi/riot/sink1_ct/bin/arduino-mega2560/avr_libc_extra.a(atmega_stdio.o)
 .debug_aranges
                0x0000000000000880       0x20 /home/vasu/projects/lifi/riot/sink1_ct/bin/arduino-mega2560/boards_common_arduino-atmega.a(led_init.o)
 .debug_aranges
                0x00000000000008a0       0x30 /home/vasu/projects/lifi/riot/sink1_ct/bin/arduino-mega2560/random.a(random.o)
 .debug_aranges
                0x00000000000008d0       0x38 /home/vasu/projects/lifi/riot/sink1_ct/bin/arduino-mega2560/random.a(xorshift.o)
 .debug_aranges
                0x0000000000000908       0x30 /home/vasu/projects/lifi/riot/sink1_ct/bin/arduino-mega2560/stdio_uart.a(stdio_uart.o)
 .debug_aranges
                0x0000000000000938       0x20 /home/vasu/projects/lifi/riot/sink1_ct/bin/arduino-mega2560/periph_common.a(init.o)
 .debug_aranges
                0x0000000000000958       0x40 /home/vasu/projects/lifi/riot/sink1_ct/bin/arduino-mega2560/atmega_common_periph.a(spi.o)

.debug_pubnames
 *(.debug_pubnames)

.debug_info     0x0000000000000000    0x108e1
 *(.debug_info .gnu.linkonce.wi.*)
 .debug_info    0x0000000000000000      0xbbc /usr/lib/gcc/avr/5.4.0/../../../avr/lib/avr6/crtatmega2560.o
 .debug_info    0x0000000000000bbc      0x255 /home/vasu/projects/lifi/riot/sink1_ct/bin/arduino-mega2560/atmega_common/startup.o
 .debug_info    0x0000000000000e11      0x761 /home/vasu/projects/lifi/riot/sink1_ct/bin/arduino-mega2560/application_basic_receiption.a(_sketches.o)
 .debug_info    0x0000000000001572     0x1452 /home/vasu/projects/lifi/riot/sink1_ct/bin/arduino-mega2560/application_basic_receiption.a(main.o)
 .debug_info    0x00000000000029c4      0xf7f /home/vasu/projects/lifi/riot/sink1_ct/bin/arduino-mega2560/LiFi_module.a(PLiFi.o)
 .debug_info    0x0000000000003943     0x1717 /home/vasu/projects/lifi/riot/sink1_ct/bin/arduino-mega2560/LiFi_module.a(LiFi.o)
 .debug_info    0x000000000000505a      0x134 /home/vasu/projects/lifi/riot/sink1_ct/bin/arduino-mega2560/LiFi_module.a(crc16_ccitt.o)
 .debug_info    0x000000000000518e      0xd22 /home/vasu/projects/lifi/riot/sink1_ct/bin/arduino-mega2560/arduino.a(base.o)
 .debug_info    0x0000000000005eb0     0x1129 /home/vasu/projects/lifi/riot/sink1_ct/bin/arduino-mega2560/arduino.a(serialport.o)
 .debug_info    0x0000000000006fd9      0x1ea /home/vasu/projects/lifi/riot/sink1_ct/bin/arduino-mega2560/atmega_common.a(irq_arch.o)
 .debug_info    0x00000000000071c3      0x5fd /home/vasu/projects/lifi/riot/sink1_ct/bin/arduino-mega2560/atmega_common_periph.a(uart.o)
 .debug_info    0x00000000000077c0      0x5a7 /home/vasu/projects/lifi/riot/sink1_ct/bin/arduino-mega2560/atmega_common_periph.a(gpio.o)
 .debug_info    0x0000000000007d67      0x92e /home/vasu/projects/lifi/riot/sink1_ct/bin/arduino-mega2560/atmega_common_periph.a(timer.o)
 .debug_info    0x0000000000008695      0x431 /home/vasu/projects/lifi/riot/sink1_ct/bin/arduino-mega2560/atmega_common_periph.a(adc.o)
 .debug_info    0x0000000000008ac6      0x2d4 /home/vasu/projects/lifi/riot/sink1_ct/bin/arduino-mega2560/boards_common_atmega.a(board.o)
 .debug_info    0x0000000000008d9a      0x656 /home/vasu/projects/lifi/riot/sink1_ct/bin/arduino-mega2560/core.a(mutex.o)
 .debug_info    0x00000000000093f0      0x624 /home/vasu/projects/lifi/riot/sink1_ct/bin/arduino-mega2560/core.a(sched.o)
 .debug_info    0x0000000000009a14      0x4f0 /home/vasu/projects/lifi/riot/sink1_ct/bin/arduino-mega2560/core.a(ringbuffer.o)
 .debug_info    0x0000000000009f04      0x327 /home/vasu/projects/lifi/riot/sink1_ct/bin/arduino-mega2560/core.a(kernel_init.o)
 .debug_info    0x000000000000a22b      0x9dc /home/vasu/projects/lifi/riot/sink1_ct/bin/arduino-mega2560/core.a(thread.o)
 .debug_info    0x000000000000ac07      0x12f /home/vasu/projects/lifi/riot/sink1_ct/bin/arduino-mega2560/core.a(assert.o)
 .debug_info    0x000000000000ad36      0x28f /home/vasu/projects/lifi/riot/sink1_ct/bin/arduino-mega2560/core.a(panic.o)
 .debug_info    0x000000000000afc5     0x1363 /home/vasu/projects/lifi/riot/sink1_ct/bin/arduino-mega2560/xtimer.a(xtimer_core.o)
 .debug_info    0x000000000000c328     0x13be /home/vasu/projects/lifi/riot/sink1_ct/bin/arduino-mega2560/xtimer.a(xtimer.o)
 .debug_info    0x000000000000d6e6      0x110 /home/vasu/projects/lifi/riot/sink1_ct/bin/arduino-mega2560/periph_common.a(pm.o)
 .debug_info    0x000000000000d7f6      0x37f /home/vasu/projects/lifi/riot/sink1_ct/bin/arduino-mega2560/periph_common.a(eeprom.o)
 .debug_info    0x000000000000db75      0x582 /home/vasu/projects/lifi/riot/sink1_ct/bin/arduino-mega2560/atmega_common.a(cpu.o)
 .debug_info    0x000000000000e0f7      0x6fa /home/vasu/projects/lifi/riot/sink1_ct/bin/arduino-mega2560/atmega_common.a(thread_arch.o)
 .debug_info    0x000000000000e7f1      0x460 /home/vasu/projects/lifi/riot/sink1_ct/bin/arduino-mega2560/atmega_common_periph.a(eeprom.o)
 .debug_info    0x000000000000ec51      0x483 /home/vasu/projects/lifi/riot/sink1_ct/bin/arduino-mega2560/auto_init.a(auto_init.o)
 .debug_info    0x000000000000f0d4      0x412 /home/vasu/projects/lifi/riot/sink1_ct/bin/arduino-mega2560/avr_libc_extra.a(atmega_stdio.o)
 .debug_info    0x000000000000f4e6      0x24e /home/vasu/projects/lifi/riot/sink1_ct/bin/arduino-mega2560/boards_common_arduino-atmega.a(led_init.o)
 .debug_info    0x000000000000f734      0x4e3 /home/vasu/projects/lifi/riot/sink1_ct/bin/arduino-mega2560/random.a(random.o)
 .debug_info    0x000000000000fc17      0x15c /home/vasu/projects/lifi/riot/sink1_ct/bin/arduino-mega2560/random.a(xorshift.o)
 .debug_info    0x000000000000fd73      0x353 /home/vasu/projects/lifi/riot/sink1_ct/bin/arduino-mega2560/stdio_uart.a(stdio_uart.o)
 .debug_info    0x00000000000100c6      0x232 /home/vasu/projects/lifi/riot/sink1_ct/bin/arduino-mega2560/periph_common.a(init.o)
 .debug_info    0x00000000000102f8      0x5e9 /home/vasu/projects/lifi/riot/sink1_ct/bin/arduino-mega2560/atmega_common_periph.a(spi.o)

.debug_abbrev   0x0000000000000000     0x5951
 *(.debug_abbrev)
 .debug_abbrev  0x0000000000000000      0xb1a /usr/lib/gcc/avr/5.4.0/../../../avr/lib/avr6/crtatmega2560.o
 .debug_abbrev  0x0000000000000b1a      0x134 /home/vasu/projects/lifi/riot/sink1_ct/bin/arduino-mega2560/atmega_common/startup.o
 .debug_abbrev  0x0000000000000c4e      0x27a /home/vasu/projects/lifi/riot/sink1_ct/bin/arduino-mega2560/application_basic_receiption.a(_sketches.o)
 .debug_abbrev  0x0000000000000ec8      0x42f /home/vasu/projects/lifi/riot/sink1_ct/bin/arduino-mega2560/application_basic_receiption.a(main.o)
 .debug_abbrev  0x00000000000012f7      0x3d1 /home/vasu/projects/lifi/riot/sink1_ct/bin/arduino-mega2560/LiFi_module.a(PLiFi.o)
 .debug_abbrev  0x00000000000016c8      0x482 /home/vasu/projects/lifi/riot/sink1_ct/bin/arduino-mega2560/LiFi_module.a(LiFi.o)
 .debug_abbrev  0x0000000000001b4a       0xd4 /home/vasu/projects/lifi/riot/sink1_ct/bin/arduino-mega2560/LiFi_module.a(crc16_ccitt.o)
 .debug_abbrev  0x0000000000001c1e      0x3b2 /home/vasu/projects/lifi/riot/sink1_ct/bin/arduino-mega2560/arduino.a(base.o)
 .debug_abbrev  0x0000000000001fd0      0x35f /home/vasu/projects/lifi/riot/sink1_ct/bin/arduino-mega2560/arduino.a(serialport.o)
 .debug_abbrev  0x000000000000232f      0x139 /home/vasu/projects/lifi/riot/sink1_ct/bin/arduino-mega2560/atmega_common.a(irq_arch.o)
 .debug_abbrev  0x0000000000002468      0x29c /home/vasu/projects/lifi/riot/sink1_ct/bin/arduino-mega2560/atmega_common_periph.a(uart.o)
 .debug_abbrev  0x0000000000002704      0x21d /home/vasu/projects/lifi/riot/sink1_ct/bin/arduino-mega2560/atmega_common_periph.a(gpio.o)
 .debug_abbrev  0x0000000000002921      0x298 /home/vasu/projects/lifi/riot/sink1_ct/bin/arduino-mega2560/atmega_common_periph.a(timer.o)
 .debug_abbrev  0x0000000000002bb9      0x1f2 /home/vasu/projects/lifi/riot/sink1_ct/bin/arduino-mega2560/atmega_common_periph.a(adc.o)
 .debug_abbrev  0x0000000000002dab      0x15d /home/vasu/projects/lifi/riot/sink1_ct/bin/arduino-mega2560/boards_common_atmega.a(board.o)
 .debug_abbrev  0x0000000000002f08      0x21b /home/vasu/projects/lifi/riot/sink1_ct/bin/arduino-mega2560/core.a(mutex.o)
 .debug_abbrev  0x0000000000003123      0x28b /home/vasu/projects/lifi/riot/sink1_ct/bin/arduino-mega2560/core.a(sched.o)
 .debug_abbrev  0x00000000000033ae      0x1b4 /home/vasu/projects/lifi/riot/sink1_ct/bin/arduino-mega2560/core.a(ringbuffer.o)
 .debug_abbrev  0x0000000000003562      0x187 /home/vasu/projects/lifi/riot/sink1_ct/bin/arduino-mega2560/core.a(kernel_init.o)
 .debug_abbrev  0x00000000000036e9      0x2bc /home/vasu/projects/lifi/riot/sink1_ct/bin/arduino-mega2560/core.a(thread.o)
 .debug_abbrev  0x00000000000039a5       0xe6 /home/vasu/projects/lifi/riot/sink1_ct/bin/arduino-mega2560/core.a(assert.o)
 .debug_abbrev  0x0000000000003a8b      0x178 /home/vasu/projects/lifi/riot/sink1_ct/bin/arduino-mega2560/core.a(panic.o)
 .debug_abbrev  0x0000000000003c03      0x4eb /home/vasu/projects/lifi/riot/sink1_ct/bin/arduino-mega2560/xtimer.a(xtimer_core.o)
 .debug_abbrev  0x00000000000040ee      0x3d6 /home/vasu/projects/lifi/riot/sink1_ct/bin/arduino-mega2560/xtimer.a(xtimer.o)
 .debug_abbrev  0x00000000000044c4       0xb5 /home/vasu/projects/lifi/riot/sink1_ct/bin/arduino-mega2560/periph_common.a(pm.o)
 .debug_abbrev  0x0000000000004579      0x185 /home/vasu/projects/lifi/riot/sink1_ct/bin/arduino-mega2560/periph_common.a(eeprom.o)
 .debug_abbrev  0x00000000000046fe      0x210 /home/vasu/projects/lifi/riot/sink1_ct/bin/arduino-mega2560/atmega_common.a(cpu.o)
 .debug_abbrev  0x000000000000490e      0x26d /home/vasu/projects/lifi/riot/sink1_ct/bin/arduino-mega2560/atmega_common.a(thread_arch.o)
 .debug_abbrev  0x0000000000004b7b      0x17f /home/vasu/projects/lifi/riot/sink1_ct/bin/arduino-mega2560/atmega_common_periph.a(eeprom.o)
 .debug_abbrev  0x0000000000004cfa      0x173 /home/vasu/projects/lifi/riot/sink1_ct/bin/arduino-mega2560/auto_init.a(auto_init.o)
 .debug_abbrev  0x0000000000004e6d      0x1f3 /home/vasu/projects/lifi/riot/sink1_ct/bin/arduino-mega2560/avr_libc_extra.a(atmega_stdio.o)
 .debug_abbrev  0x0000000000005060      0x123 /home/vasu/projects/lifi/riot/sink1_ct/bin/arduino-mega2560/boards_common_arduino-atmega.a(led_init.o)
 .debug_abbrev  0x0000000000005183      0x1d9 /home/vasu/projects/lifi/riot/sink1_ct/bin/arduino-mega2560/random.a(random.o)
 .debug_abbrev  0x000000000000535c       0xeb /home/vasu/projects/lifi/riot/sink1_ct/bin/arduino-mega2560/random.a(xorshift.o)
 .debug_abbrev  0x0000000000005447      0x1aa /home/vasu/projects/lifi/riot/sink1_ct/bin/arduino-mega2560/stdio_uart.a(stdio_uart.o)
 .debug_abbrev  0x00000000000055f1      0x135 /home/vasu/projects/lifi/riot/sink1_ct/bin/arduino-mega2560/periph_common.a(init.o)
 .debug_abbrev  0x0000000000005726      0x22b /home/vasu/projects/lifi/riot/sink1_ct/bin/arduino-mega2560/atmega_common_periph.a(spi.o)

.debug_line     0x0000000000000000     0xeb84
 *(.debug_line .debug_line.* .debug_line_end)
 .debug_line    0x0000000000000000       0x1a /usr/lib/gcc/avr/5.4.0/../../../avr/lib/avr6/crtatmega2560.o
 .debug_line    0x000000000000001a      0x657 /home/vasu/projects/lifi/riot/sink1_ct/bin/arduino-mega2560/atmega_common/startup.o
 .debug_line    0x0000000000000671      0x6c3 /home/vasu/projects/lifi/riot/sink1_ct/bin/arduino-mega2560/application_basic_receiption.a(_sketches.o)
 .debug_line    0x0000000000000d34      0x899 /home/vasu/projects/lifi/riot/sink1_ct/bin/arduino-mega2560/application_basic_receiption.a(main.o)
 .debug_line    0x00000000000015cd      0x7e3 /home/vasu/projects/lifi/riot/sink1_ct/bin/arduino-mega2560/LiFi_module.a(PLiFi.o)
 .debug_line    0x0000000000001db0      0xbca /home/vasu/projects/lifi/riot/sink1_ct/bin/arduino-mega2560/LiFi_module.a(LiFi.o)
 .debug_line    0x000000000000297a      0x193 /home/vasu/projects/lifi/riot/sink1_ct/bin/arduino-mega2560/LiFi_module.a(crc16_ccitt.o)
 .debug_line    0x0000000000002b0d      0x8f6 /home/vasu/projects/lifi/riot/sink1_ct/bin/arduino-mega2560/arduino.a(base.o)
 .debug_line    0x0000000000003403      0x8f0 /home/vasu/projects/lifi/riot/sink1_ct/bin/arduino-mega2560/arduino.a(serialport.o)
 .debug_line    0x0000000000003cf3      0x4a1 /home/vasu/projects/lifi/riot/sink1_ct/bin/arduino-mega2560/atmega_common.a(irq_arch.o)
 .debug_line    0x0000000000004194      0x6d2 /home/vasu/projects/lifi/riot/sink1_ct/bin/arduino-mega2560/atmega_common_periph.a(uart.o)
 .debug_line    0x0000000000004866      0x6e1 /home/vasu/projects/lifi/riot/sink1_ct/bin/arduino-mega2560/atmega_common_periph.a(gpio.o)
 .debug_line    0x0000000000004f47      0x83f /home/vasu/projects/lifi/riot/sink1_ct/bin/arduino-mega2560/atmega_common_periph.a(timer.o)
 .debug_line    0x0000000000005786      0x6c6 /home/vasu/projects/lifi/riot/sink1_ct/bin/arduino-mega2560/atmega_common_periph.a(adc.o)
 .debug_line    0x0000000000005e4c      0x63e /home/vasu/projects/lifi/riot/sink1_ct/bin/arduino-mega2560/boards_common_atmega.a(board.o)
 .debug_line    0x000000000000648a      0x54c /home/vasu/projects/lifi/riot/sink1_ct/bin/arduino-mega2560/core.a(mutex.o)
 .debug_line    0x00000000000069d6      0x586 /home/vasu/projects/lifi/riot/sink1_ct/bin/arduino-mega2560/core.a(sched.o)
 .debug_line    0x0000000000006f5c      0x32f /home/vasu/projects/lifi/riot/sink1_ct/bin/arduino-mega2560/core.a(ringbuffer.o)
 .debug_line    0x000000000000728b      0x59a /home/vasu/projects/lifi/riot/sink1_ct/bin/arduino-mega2560/core.a(kernel_init.o)
 .debug_line    0x0000000000007825      0x6de /home/vasu/projects/lifi/riot/sink1_ct/bin/arduino-mega2560/core.a(thread.o)
 .debug_line    0x0000000000007f03      0x1fd /home/vasu/projects/lifi/riot/sink1_ct/bin/arduino-mega2560/core.a(assert.o)
 .debug_line    0x0000000000008100      0x53a /home/vasu/projects/lifi/riot/sink1_ct/bin/arduino-mega2560/core.a(panic.o)
 .debug_line    0x000000000000863a      0xcc2 /home/vasu/projects/lifi/riot/sink1_ct/bin/arduino-mega2560/xtimer.a(xtimer_core.o)
 .debug_line    0x00000000000092fc      0xb13 /home/vasu/projects/lifi/riot/sink1_ct/bin/arduino-mega2560/xtimer.a(xtimer.o)
 .debug_line    0x0000000000009e0f      0x4f0 /home/vasu/projects/lifi/riot/sink1_ct/bin/arduino-mega2560/periph_common.a(pm.o)
 .debug_line    0x000000000000a2ff      0x57b /home/vasu/projects/lifi/riot/sink1_ct/bin/arduino-mega2560/periph_common.a(eeprom.o)
 .debug_line    0x000000000000a87a      0x6b3 /home/vasu/projects/lifi/riot/sink1_ct/bin/arduino-mega2560/atmega_common.a(cpu.o)
 .debug_line    0x000000000000af2d      0x7ae /home/vasu/projects/lifi/riot/sink1_ct/bin/arduino-mega2560/atmega_common.a(thread_arch.o)
 .debug_line    0x000000000000b6db      0x587 /home/vasu/projects/lifi/riot/sink1_ct/bin/arduino-mega2560/atmega_common_periph.a(eeprom.o)
 .debug_line    0x000000000000bc62      0x713 /home/vasu/projects/lifi/riot/sink1_ct/bin/arduino-mega2560/auto_init.a(auto_init.o)
 .debug_line    0x000000000000c375      0x6dc /home/vasu/projects/lifi/riot/sink1_ct/bin/arduino-mega2560/avr_libc_extra.a(atmega_stdio.o)
 .debug_line    0x000000000000ca51      0x62b /home/vasu/projects/lifi/riot/sink1_ct/bin/arduino-mega2560/boards_common_arduino-atmega.a(led_init.o)
 .debug_line    0x000000000000d07c      0x514 /home/vasu/projects/lifi/riot/sink1_ct/bin/arduino-mega2560/random.a(random.o)
 .debug_line    0x000000000000d590      0x265 /home/vasu/projects/lifi/riot/sink1_ct/bin/arduino-mega2560/random.a(xorshift.o)
 .debug_line    0x000000000000d7f5      0x703 /home/vasu/projects/lifi/riot/sink1_ct/bin/arduino-mega2560/stdio_uart.a(stdio_uart.o)
 .debug_line    0x000000000000def8      0x5a2 /home/vasu/projects/lifi/riot/sink1_ct/bin/arduino-mega2560/periph_common.a(init.o)
 .debug_line    0x000000000000e49a      0x6ea /home/vasu/projects/lifi/riot/sink1_ct/bin/arduino-mega2560/atmega_common_periph.a(spi.o)

.debug_frame    0x0000000000000000     0x1e14
 *(.debug_frame)
 .debug_frame   0x0000000000000000       0x44 /home/vasu/projects/lifi/riot/sink1_ct/bin/arduino-mega2560/atmega_common/startup.o
 .debug_frame   0x0000000000000044       0x34 /home/vasu/projects/lifi/riot/sink1_ct/bin/arduino-mega2560/application_basic_receiption.a(_sketches.o)
 .debug_frame   0x0000000000000078       0xd8 /home/vasu/projects/lifi/riot/sink1_ct/bin/arduino-mega2560/application_basic_receiption.a(main.o)
 .debug_frame   0x0000000000000150       0xc4 /home/vasu/projects/lifi/riot/sink1_ct/bin/arduino-mega2560/LiFi_module.a(PLiFi.o)
 .debug_frame   0x0000000000000214      0x344 /home/vasu/projects/lifi/riot/sink1_ct/bin/arduino-mega2560/LiFi_module.a(LiFi.o)
 .debug_frame   0x0000000000000558       0x24 /home/vasu/projects/lifi/riot/sink1_ct/bin/arduino-mega2560/LiFi_module.a(crc16_ccitt.o)
 .debug_frame   0x000000000000057c       0xdc /home/vasu/projects/lifi/riot/sink1_ct/bin/arduino-mega2560/arduino.a(base.o)
 .debug_frame   0x0000000000000658      0x288 /home/vasu/projects/lifi/riot/sink1_ct/bin/arduino-mega2560/arduino.a(serialport.o)
 .debug_frame   0x00000000000008e0       0x60 /home/vasu/projects/lifi/riot/sink1_ct/bin/arduino-mega2560/atmega_common.a(irq_arch.o)
 .debug_frame   0x0000000000000940      0x140 /home/vasu/projects/lifi/riot/sink1_ct/bin/arduino-mega2560/atmega_common_periph.a(uart.o)
 .debug_frame   0x0000000000000a80       0xb0 /home/vasu/projects/lifi/riot/sink1_ct/bin/arduino-mega2560/atmega_common_periph.a(gpio.o)
 .debug_frame   0x0000000000000b30      0x2c8 /home/vasu/projects/lifi/riot/sink1_ct/bin/arduino-mega2560/atmega_common_periph.a(timer.o)
 .debug_frame   0x0000000000000df8       0x84 /home/vasu/projects/lifi/riot/sink1_ct/bin/arduino-mega2560/atmega_common_periph.a(adc.o)
 .debug_frame   0x0000000000000e7c       0x24 /home/vasu/projects/lifi/riot/sink1_ct/bin/arduino-mega2560/boards_common_atmega.a(board.o)
 .debug_frame   0x0000000000000ea0       0x98 /home/vasu/projects/lifi/riot/sink1_ct/bin/arduino-mega2560/core.a(mutex.o)
 .debug_frame   0x0000000000000f38       0x68 /home/vasu/projects/lifi/riot/sink1_ct/bin/arduino-mega2560/core.a(sched.o)
 .debug_frame   0x0000000000000fa0       0xec /home/vasu/projects/lifi/riot/sink1_ct/bin/arduino-mega2560/core.a(ringbuffer.o)
 .debug_frame   0x000000000000108c       0x50 /home/vasu/projects/lifi/riot/sink1_ct/bin/arduino-mega2560/core.a(kernel_init.o)
 .debug_frame   0x00000000000010dc      0x124 /home/vasu/projects/lifi/riot/sink1_ct/bin/arduino-mega2560/core.a(thread.o)
 .debug_frame   0x0000000000001200       0x38 /home/vasu/projects/lifi/riot/sink1_ct/bin/arduino-mega2560/core.a(assert.o)
 .debug_frame   0x0000000000001238       0x58 /home/vasu/projects/lifi/riot/sink1_ct/bin/arduino-mega2560/core.a(panic.o)
 .debug_frame   0x0000000000001290      0x2d0 /home/vasu/projects/lifi/riot/sink1_ct/bin/arduino-mega2560/xtimer.a(xtimer_core.o)
 .debug_frame   0x0000000000001560      0x34c /home/vasu/projects/lifi/riot/sink1_ct/bin/arduino-mega2560/xtimer.a(xtimer.o)
 .debug_frame   0x00000000000018ac       0x34 /home/vasu/projects/lifi/riot/sink1_ct/bin/arduino-mega2560/periph_common.a(pm.o)
 .debug_frame   0x00000000000018e0       0xb4 /home/vasu/projects/lifi/riot/sink1_ct/bin/arduino-mega2560/periph_common.a(eeprom.o)
 .debug_frame   0x0000000000001994       0x60 /home/vasu/projects/lifi/riot/sink1_ct/bin/arduino-mega2560/atmega_common.a(cpu.o)
 .debug_frame   0x00000000000019f4       0xbc /home/vasu/projects/lifi/riot/sink1_ct/bin/arduino-mega2560/atmega_common.a(thread_arch.o)
 .debug_frame   0x0000000000001ab0       0x5c /home/vasu/projects/lifi/riot/sink1_ct/bin/arduino-mega2560/atmega_common_periph.a(eeprom.o)
 .debug_frame   0x0000000000001b0c       0x24 /home/vasu/projects/lifi/riot/sink1_ct/bin/arduino-mega2560/auto_init.a(auto_init.o)
 .debug_frame   0x0000000000001b30       0x64 /home/vasu/projects/lifi/riot/sink1_ct/bin/arduino-mega2560/avr_libc_extra.a(atmega_stdio.o)
 .debug_frame   0x0000000000001b94       0x24 /home/vasu/projects/lifi/riot/sink1_ct/bin/arduino-mega2560/boards_common_arduino-atmega.a(led_init.o)
 .debug_frame   0x0000000000001bb8       0xc4 /home/vasu/projects/lifi/riot/sink1_ct/bin/arduino-mega2560/random.a(random.o)
 .debug_frame   0x0000000000001c7c       0x80 /home/vasu/projects/lifi/riot/sink1_ct/bin/arduino-mega2560/random.a(xorshift.o)
 .debug_frame   0x0000000000001cfc       0x5c /home/vasu/projects/lifi/riot/sink1_ct/bin/arduino-mega2560/stdio_uart.a(stdio_uart.o)
 .debug_frame   0x0000000000001d58       0x24 /home/vasu/projects/lifi/riot/sink1_ct/bin/arduino-mega2560/periph_common.a(init.o)
 .debug_frame   0x0000000000001d7c       0x98 /home/vasu/projects/lifi/riot/sink1_ct/bin/arduino-mega2560/atmega_common_periph.a(spi.o)

.debug_str      0x0000000000000000    0x1385a
 *(.debug_str)
 .debug_str     0x0000000000000000      0x3e6 /usr/lib/gcc/avr/5.4.0/../../../avr/lib/avr6/crtatmega2560.o
 .debug_str     0x00000000000003e6     0xc07f /home/vasu/projects/lifi/riot/sink1_ct/bin/arduino-mega2560/atmega_common/startup.o
                                       0xc2d7 (size before relaxing)
 .debug_str     0x000000000000c465      0xbea /home/vasu/projects/lifi/riot/sink1_ct/bin/arduino-mega2560/application_basic_receiption.a(_sketches.o)
                                       0xc990 (size before relaxing)
 .debug_str     0x000000000000d04f      0x76f /home/vasu/projects/lifi/riot/sink1_ct/bin/arduino-mega2560/application_basic_receiption.a(main.o)
                                       0xcf2d (size before relaxing)
 .debug_str     0x000000000000d7be      0x2cd /home/vasu/projects/lifi/riot/sink1_ct/bin/arduino-mega2560/LiFi_module.a(PLiFi.o)
                                       0xce71 (size before relaxing)
 .debug_str     0x000000000000da8b      0x2aa /home/vasu/projects/lifi/riot/sink1_ct/bin/arduino-mega2560/LiFi_module.a(LiFi.o)
                                       0xcd28 (size before relaxing)
 .debug_str     0x000000000000dd35       0xbb /home/vasu/projects/lifi/riot/sink1_ct/bin/arduino-mega2560/LiFi_module.a(crc16_ccitt.o)
                                       0x3cbb (size before relaxing)
 .debug_str     0x000000000000ddf0      0x596 /home/vasu/projects/lifi/riot/sink1_ct/bin/arduino-mega2560/arduino.a(base.o)
                                       0xd056 (size before relaxing)
 .debug_str     0x000000000000e386      0x152 /home/vasu/projects/lifi/riot/sink1_ct/bin/arduino-mega2560/arduino.a(serialport.o)
                                       0xbc73 (size before relaxing)
 .debug_str     0x000000000000e4d8       0xdb /home/vasu/projects/lifi/riot/sink1_ct/bin/arduino-mega2560/atmega_common.a(irq_arch.o)
                                       0xae3d (size before relaxing)
 .debug_str     0x000000000000e5b3      0x1a0 /home/vasu/projects/lifi/riot/sink1_ct/bin/arduino-mega2560/atmega_common_periph.a(uart.o)
                                       0xb594 (size before relaxing)
 .debug_str     0x000000000000e753      0x15a /home/vasu/projects/lifi/riot/sink1_ct/bin/arduino-mega2560/atmega_common_periph.a(gpio.o)
                                       0xb590 (size before relaxing)
 .debug_str     0x000000000000e8ad      0x448 /home/vasu/projects/lifi/riot/sink1_ct/bin/arduino-mega2560/atmega_common_periph.a(timer.o)
                                       0xc78a (size before relaxing)
 .debug_str     0x000000000000ecf5       0xbd /home/vasu/projects/lifi/riot/sink1_ct/bin/arduino-mega2560/atmega_common_periph.a(adc.o)
                                       0xb593 (size before relaxing)
 .debug_str     0x000000000000edb2      0x1c7 /home/vasu/projects/lifi/riot/sink1_ct/bin/arduino-mega2560/boards_common_atmega.a(board.o)
                                       0xc404 (size before relaxing)
 .debug_str     0x000000000000ef79      0x109 /home/vasu/projects/lifi/riot/sink1_ct/bin/arduino-mega2560/core.a(mutex.o)
                                       0xae5c (size before relaxing)
 .debug_str     0x000000000000f082      0x311 /home/vasu/projects/lifi/riot/sink1_ct/bin/arduino-mega2560/core.a(sched.o)
                                       0xb02c (size before relaxing)
 .debug_str     0x000000000000f393      0x116 /home/vasu/projects/lifi/riot/sink1_ct/bin/arduino-mega2560/core.a(ringbuffer.o)
                                       0x3334 (size before relaxing)
 .debug_str     0x000000000000f4a9      0x57e /home/vasu/projects/lifi/riot/sink1_ct/bin/arduino-mega2560/core.a(kernel_init.o)
                                       0xb84f (size before relaxing)
 .debug_str     0x000000000000fa27      0x18d /home/vasu/projects/lifi/riot/sink1_ct/bin/arduino-mega2560/core.a(thread.o)
                                       0xb35d (size before relaxing)
 .debug_str     0x000000000000fbb4       0xf8 /home/vasu/projects/lifi/riot/sink1_ct/bin/arduino-mega2560/core.a(assert.o)
                                       0x477a (size before relaxing)
 .debug_str     0x000000000000fcac       0xbe /home/vasu/projects/lifi/riot/sink1_ct/bin/arduino-mega2560/core.a(panic.o)
                                       0xb4a9 (size before relaxing)
 .debug_str     0x000000000000fd6a      0x31c /home/vasu/projects/lifi/riot/sink1_ct/bin/arduino-mega2560/xtimer.a(xtimer_core.o)
                                       0xce41 (size before relaxing)
 .debug_str     0x0000000000010086      0x298 /home/vasu/projects/lifi/riot/sink1_ct/bin/arduino-mega2560/xtimer.a(xtimer.o)
                                       0xcf31 (size before relaxing)
 .debug_str     0x000000000001031e       0x8a /home/vasu/projects/lifi/riot/sink1_ct/bin/arduino-mega2560/periph_common.a(pm.o)
                                       0xb1e9 (size before relaxing)
 .debug_str     0x00000000000103a8       0xe6 /home/vasu/projects/lifi/riot/sink1_ct/bin/arduino-mega2560/periph_common.a(eeprom.o)
                                       0xb2dc (size before relaxing)
 .debug_str     0x000000000001048e     0x28f0 /home/vasu/projects/lifi/riot/sink1_ct/bin/arduino-mega2560/atmega_common.a(cpu.o)
                                       0xef35 (size before relaxing)
 .debug_str     0x0000000000012d7e      0x182 /home/vasu/projects/lifi/riot/sink1_ct/bin/arduino-mega2560/atmega_common.a(thread_arch.o)
                                       0xc638 (size before relaxing)
 .debug_str     0x0000000000012f00       0x80 /home/vasu/projects/lifi/riot/sink1_ct/bin/arduino-mega2560/atmega_common_periph.a(eeprom.o)
                                       0xb41e (size before relaxing)
 .debug_str     0x0000000000012f80       0xa0 /home/vasu/projects/lifi/riot/sink1_ct/bin/arduino-mega2560/auto_init.a(auto_init.o)
                                       0xc967 (size before relaxing)
 .debug_str     0x0000000000013020      0x1db /home/vasu/projects/lifi/riot/sink1_ct/bin/arduino-mega2560/avr_libc_extra.a(atmega_stdio.o)
                                       0xc410 (size before relaxing)
 .debug_str     0x00000000000131fb       0xaa /home/vasu/projects/lifi/riot/sink1_ct/bin/arduino-mega2560/boards_common_arduino-atmega.a(led_init.o)
                                       0xc304 (size before relaxing)
 .debug_str     0x00000000000132a5      0x125 /home/vasu/projects/lifi/riot/sink1_ct/bin/arduino-mega2560/random.a(random.o)
                                       0xaf83 (size before relaxing)
 .debug_str     0x00000000000133ca       0xa6 /home/vasu/projects/lifi/riot/sink1_ct/bin/arduino-mega2560/random.a(xorshift.o)
                                       0x4000 (size before relaxing)
 .debug_str     0x0000000000013470      0x128 /home/vasu/projects/lifi/riot/sink1_ct/bin/arduino-mega2560/stdio_uart.a(stdio_uart.o)
                                       0xca79 (size before relaxing)
 .debug_str     0x0000000000013598      0x100 /home/vasu/projects/lifi/riot/sink1_ct/bin/arduino-mega2560/periph_common.a(init.o)
                                       0xb469 (size before relaxing)
 .debug_str     0x0000000000013698      0x1c2 /home/vasu/projects/lifi/riot/sink1_ct/bin/arduino-mega2560/atmega_common_periph.a(spi.o)
                                       0xb686 (size before relaxing)

.debug_loc      0x0000000000000000     0x8f6d
 *(.debug_loc)
 .debug_loc     0x0000000000000000      0x565 /home/vasu/projects/lifi/riot/sink1_ct/bin/arduino-mega2560/application_basic_receiption.a(main.o)