Archive member included to satisfy reference by file (symbol)

/home/vasu/projects/lifi/riot/node_1/bin/arduino-mega2560/application_tx_count.a(_sketches.o)
                              /usr/lib/gcc/avr/5.4.0/../../../avr/lib/avr6/crtatmega2560.o (main)
/home/vasu/projects/lifi/riot/node_1/bin/arduino-mega2560/application_tx_count.a(main.o)
                              /home/vasu/projects/lifi/riot/node_1/bin/arduino-mega2560/application_tx_count.a(_sketches.o) (_Z5setupv)
/home/vasu/projects/lifi/riot/node_1/bin/arduino-mega2560/application_tx_count.a(PLiFi.o)
                              /home/vasu/projects/lifi/riot/node_1/bin/arduino-mega2560/application_tx_count.a(main.o) (_ZN5PLiFiC1EijPFvPS_PKhhEPFvS0_E)
/home/vasu/projects/lifi/riot/node_1/bin/arduino-mega2560/application_tx_count.a(LiFi.o)
                              /home/vasu/projects/lifi/riot/node_1/bin/arduino-mega2560/application_tx_count.a(PLiFi.o) (_ZN4LiFiC1Eij)
/home/vasu/projects/lifi/riot/node_1/bin/arduino-mega2560/application_tx_count.a(crc16_ccitt.o)
                              /home/vasu/projects/lifi/riot/node_1/bin/arduino-mega2560/application_tx_count.a(LiFi.o) (_Z11crc16_ccittPKhh)
/home/vasu/projects/lifi/riot/node_1/bin/arduino-mega2560/arduino.a(base.o)
                              /home/vasu/projects/lifi/riot/node_1/bin/arduino-mega2560/application_tx_count.a(main.o) (_Z7pinModeii)
/home/vasu/projects/lifi/riot/node_1/bin/arduino-mega2560/arduino.a(serialport.o)
                              /home/vasu/projects/lifi/riot/node_1/bin/arduino-mega2560/application_tx_count.a(_sketches.o) (_ZN10SerialPortC1Ej)
/home/vasu/projects/lifi/riot/node_1/bin/arduino-mega2560/atmega_common.a(irq_arch.o)
                              /home/vasu/projects/lifi/riot/node_1/bin/arduino-mega2560/arduino.a(serialport.o) (irq_disable)
/home/vasu/projects/lifi/riot/node_1/bin/arduino-mega2560/atmega_common_periph.a(uart.o)
                              /home/vasu/projects/lifi/riot/node_1/bin/arduino-mega2560/arduino.a(serialport.o) (uart_init)
/home/vasu/projects/lifi/riot/node_1/bin/arduino-mega2560/atmega_common_periph.a(gpio.o)
                              /home/vasu/projects/lifi/riot/node_1/bin/arduino-mega2560/arduino.a(base.o) (gpio_init)
/home/vasu/projects/lifi/riot/node_1/bin/arduino-mega2560/atmega_common_periph.a(timer.o)
                              /home/vasu/projects/lifi/riot/node_1/bin/arduino-mega2560/arduino.a(base.o) (timer_read)
/home/vasu/projects/lifi/riot/node_1/bin/arduino-mega2560/atmega_common_periph.a(adc.o)
                              /home/vasu/projects/lifi/riot/node_1/bin/arduino-mega2560/application_tx_count.a(LiFi.o) (adc_init)
/home/vasu/projects/lifi/riot/node_1/bin/arduino-mega2560/boards_common_atmega.a(board.o)
                              /home/vasu/projects/lifi/riot/node_1/bin/arduino-mega2560/atmega_common/startup.o (board_init)
/home/vasu/projects/lifi/riot/node_1/bin/arduino-mega2560/core.a(mutex.o)
                              /home/vasu/projects/lifi/riot/node_1/bin/arduino-mega2560/application_tx_count.a(PLiFi.o) (_mutex_lock)
/home/vasu/projects/lifi/riot/node_1/bin/arduino-mega2560/core.a(sched.o)
                              /home/vasu/projects/lifi/riot/node_1/bin/arduino-mega2560/atmega_common_periph.a(uart.o) (sched_context_switch_request)
/home/vasu/projects/lifi/riot/node_1/bin/arduino-mega2560/core.a(ringbuffer.o)
                              /home/vasu/projects/lifi/riot/node_1/bin/arduino-mega2560/arduino.a(serialport.o) (ringbuffer_add_one)
/home/vasu/projects/lifi/riot/node_1/bin/arduino-mega2560/core.a(kernel_init.o)
                              /home/vasu/projects/lifi/riot/node_1/bin/arduino-mega2560/atmega_common/startup.o (kernel_init)
/home/vasu/projects/lifi/riot/node_1/bin/arduino-mega2560/core.a(thread.o)
                              /home/vasu/projects/lifi/riot/node_1/bin/arduino-mega2560/atmega_common_periph.a(uart.o) (thread_yield)
/home/vasu/projects/lifi/riot/node_1/bin/arduino-mega2560/core.a(assert.o)
                              /home/vasu/projects/lifi/riot/node_1/bin/arduino-mega2560/arduino.a(base.o) (_assert_failure)
/home/vasu/projects/lifi/riot/node_1/bin/arduino-mega2560/core.a(panic.o)
                              /home/vasu/projects/lifi/riot/node_1/bin/arduino-mega2560/core.a(assert.o) (core_panic)
/home/vasu/projects/lifi/riot/node_1/bin/arduino-mega2560/xtimer.a(xtimer_core.o)
                              /home/vasu/projects/lifi/riot/node_1/bin/arduino-mega2560/arduino.a(base.o) (_xtimer_high_cnt)
/home/vasu/projects/lifi/riot/node_1/bin/arduino-mega2560/xtimer.a(xtimer.o)
                              /home/vasu/projects/lifi/riot/node_1/bin/arduino-mega2560/arduino.a(base.o) (_xtimer_tsleep)
/home/vasu/projects/lifi/riot/node_1/bin/arduino-mega2560/periph_common.a(pm.o)
                              /home/vasu/projects/lifi/riot/node_1/bin/arduino-mega2560/core.a(panic.o) (pm_off)
[...]
Memory Configuration

Name             Origin             Length             Attributes
text             0x0000000000000000 0x000000000003e000 xr
data             0x0000000000800200 0x0000000000002000 rw !x
eeprom           0x0000000000810000 0x0000000000010000 rw !x
fuse             0x0000000000820000 0x0000000000000003 rw !x
lock             0x0000000000830000 0x0000000000000400 rw !x
signature        0x0000000000840000 0x0000000000000400 rw !x
user_signatures  0x0000000000850000 0x0000000000000400 rw !x
*default*        0x0000000000000000 0xffffffffffffffff

Linker script and memory map

Address of section .data set to 0x800200
LOAD /usr/lib/gcc/avr/5.4.0/../../../avr/lib/avr6/crtatmega2560.o
LOAD /home/vasu/projects/lifi/riot/node_1/bin/arduino-mega2560/atmega_common/startup.o
START GROUP
LOAD /home/vasu/projects/lifi/riot/node_1/bin/arduino-mega2560/application_tx_count.a
LOAD /home/vasu/projects/lifi/riot/node_1/bin/arduino-mega2560/arduino.a
LOAD /home/vasu/projects/lifi/riot/node_1/bin/arduino-mega2560/arduino_sketches.a
LOAD /home/vasu/projects/lifi/riot/node_1/bin/arduino-mega2560/atmega_common.a
LOAD /home/vasu/projects/lifi/riot/node_1/bin/arduino-mega2560/atmega_common_periph.a
LOAD /home/vasu/projects/lifi/riot/node_1/bin/arduino-mega2560/auto_init.a
LOAD /home/vasu/projects/lifi/riot/node_1/bin/arduino-mega2560/avr_libc_extra.a
LOAD /home/vasu/projects/lifi/riot/node_1/bin/arduino-mega2560/board.a
LOAD /home/vasu/projects/lifi/riot/node_1/bin/arduino-mega2560/boards_common_arduino-atmega.a
LOAD /home/vasu/projects/lifi/riot/node_1/bin/arduino-mega2560/boards_common_atmega.a
LOAD /home/vasu/projects/lifi/riot/node_1/bin/arduino-mega2560/core.a
LOAD /home/vasu/projects/lifi/riot/node_1/bin/arduino-mega2560/cpu.a
LOAD /home/vasu/projects/lifi/riot/node_1/bin/arduino-mega2560/div.a
LOAD /home/vasu/projects/lifi/riot/node_1/bin/arduino-mega2560/stdio_uart.a
LOAD /home/vasu/projects/lifi/riot/node_1/bin/arduino-mega2560/sys.a
LOAD /home/vasu/projects/lifi/riot/node_1/bin/arduino-mega2560/xtimer.a
LOAD /home/vasu/projects/lifi/riot/node_1/bin/arduino-mega2560/periph_common.a
END GROUP
LOAD /usr/lib/gcc/avr/5.4.0/avr6/libgcc.a
                0x000000000003e000                __TEXT_REGION_LENGTH__ = 0x3e000
                0x0000000000002000                __DATA_REGION_LENGTH__ = 0x2000
LOAD /usr/lib/gcc/avr/5.4.0/avr6/libgcc.a
LOAD /usr/lib/gcc/avr/5.4.0/../../../avr/lib/avr6/libm.a
START GROUP
LOAD /usr/lib/gcc/avr/5.4.0/avr6/libgcc.a
LOAD /usr/lib/gcc/avr/5.4.0/../../../avr/lib/avr6/libm.a
LOAD /usr/lib/gcc/avr/5.4.0/../../../avr/lib/avr6/libc.a
LOAD /usr/lib/gcc/avr/5.4.0/../../../avr/lib/avr6/libatmega2560.a
END GROUP
                0x0000000000100000                __TEXT_REGION_LENGTH__ = DEFINED (__TEXT_REGION_LENGTH__)?__TEXT_REGION_LENGTH__:0x100000
                0x000000000000fe00                __DATA_REGION_LENGTH__ = DEFINED (__DATA_REGION_LENGTH__)?__DATA_REGION_LENGTH__:0xfe00
                0x0000000000010000                __EEPROM_REGION_LENGTH__ = DEFINED (__EEPROM_REGION_LENGTH__)?__EEPROM_REGION_LENGTH__:0x10000
                [0x0000000000000003]                __FUSE_REGION_LENGTH__ = DEFINED (__FUSE_REGION_LENGTH__)?__FUSE_REGION_LENGTH__:0x400
                0x0000000000000400                __LOCK_REGION_LENGTH__ = DEFINED (__LOCK_REGION_LENGTH__)?__LOCK_REGION_LENGTH__:0x400
                0x0000000000000400                __SIGNATURE_REGION_LENGTH__ = DEFINED (__SIGNATURE_REGION_LENGTH__)?__SIGNATURE_REGION_LENGTH__:0x400
                0x0000000000000400                __USER_SIGNATURE_REGION_LENGTH__ = DEFINED (__USER_SIGNATURE_REGION_LENGTH__)?__USER_SIGNATURE_REGION_LENGTH__:0x400

.hash
 *(.hash)

.dynsym
 *(.dynsym)

.dynstr
 *(.dynstr)

.gnu.version
 *(.gnu.version)

.gnu.version_d
 *(.gnu.version_d)

.gnu.version_r
 *(.gnu.version_r)

.rel.init
 *(.rel.init)

.rela.init
 *(.rela.init)

.rel.text
 *(.rel.text)
 *(.rel.text.*)
 *(.rel.gnu.linkonce.t*)

.rela.text
 *(.rela.text)
 *(.rela.text.*)
 *(.rela.gnu.linkonce.t*)

.rel.fini
 *(.rel.fini)

.rela.fini
 *(.rela.fini)

.rel.rodata
 *(.rel.rodata)
 *(.rel.rodata.*)
 *(.rel.gnu.linkonce.r*)

.rela.rodata
 *(.rela.rodata)
 *(.rela.rodata.*)
 *(.rela.gnu.linkonce.r*)

.rel.data
 *(.rel.data)
 *(.rel.data.*)
 *(.rel.gnu.linkonce.d*)

.rela.data
 *(.rela.data)
 *(.rela.data.*)
 *(.rela.gnu.linkonce.d*)

.rel.ctors
 *(.rel.ctors)

.rela.ctors
 *(.rela.ctors)

.rel.dtors
 *(.rel.dtors)

.rela.dtors
 *(.rela.dtors)

.rel.got
 *(.rel.got)

.rela.got
 *(.rela.got)

.rel.bss
 *(.rel.bss)

.rela.bss
 *(.rela.bss)

.rel.plt
 *(.rel.plt)

.rela.plt
 *(.rela.plt)

.text           0x0000000000000000     0x375e
 *(.vectors)
 .vectors       0x0000000000000000       0xe4 /usr/lib/gcc/avr/5.4.0/../../../avr/lib/avr6/crtatmega2560.o
                0x0000000000000000                __vectors
 *(.vectors)
 *(.progmem.gcc*)
                0x00000000000000e4                . = ALIGN (0x2)
                0x00000000000000e4                __trampolines_start = .
 *(.trampolines)
 .trampolines   0x00000000000000e4       0x3c linker stubs
 *(.trampolines*)
                0x0000000000000120                __trampolines_end = .
 *libprintf_flt.a:*(.progmem.data)
 *libc.a:*(.progmem.data)
 *(.progmem*)
 .progmem.data.__c.2007
                0x0000000000000120       0x49 /home/vasu/projects/lifi/riot/node_1/bin/arduino-mega2560/atmega_common.a(cpu.o)
                0x000000000000016a                . = ALIGN (0x2)
 *fill*         0x0000000000000169        0x1 
 *(.jumptables)
 *(.jumptables*)
 *(.lowtext)
 *(.lowtext*)
                0x000000000000016a                __ctors_start = .
 *(.ctors)
 .ctors         0x000000000000016a        0x2 /home/vasu/projects/lifi/riot/node_1/bin/arduino-mega2560/application_tx_count.a(_sketches.o)
 .ctors         0x000000000000016c        0x2 /home/vasu/projects/lifi/riot/node_1/bin/arduino-mega2560/application_tx_count.a(main.o)
 .ctors         0x000000000000016e        0x2 /home/vasu/projects/lifi/riot/node_1/bin/arduino-mega2560/application_tx_count.a(PLiFi.o)
 .ctors         0x0000000000000170        0x2 /home/vasu/projects/lifi/riot/node_1/bin/arduino-mega2560/application_tx_count.a(LiFi.o)
 .ctors         0x0000000000000172        0x2 /home/vasu/projects/lifi/riot/node_1/bin/arduino-mega2560/arduino.a(base.o)
                0x0000000000000174                __ctors_end = .
                0x0000000000000174                __dtors_start = .
 *(.dtors)
                0x0000000000000174                __dtors_end = .
 SORT(*)(.ctors)
 SORT(*)(.dtors)
 *(.init0)
 .init0         0x0000000000000174        0x0 /usr/lib/gcc/avr/5.4.0/../../../avr/lib/avr6/crtatmega2560.o
                0x0000000000000174                __init
 .init0         0x0000000000000174       0x24 /home/vasu/projects/lifi/riot/node_1/bin/arduino-mega2560/atmega_common.a(cpu.o)
                0x0000000000000174                get_mcusr
 *(.init0)
 *(.init1)
 *(.init1)
 *(.init2)
 .init2         0x0000000000000198       0x10 /usr/lib/gcc/avr/5.4.0/../../../avr/lib/avr6/crtatmega2560.o
 *(.init2)
 *(.init3)
 *(.init3)
 *(.init4)
 .init4         0x00000000000001a8       0x1a /usr/lib/gcc/avr/5.4.0/avr6/libgcc.a(_copy_data.o)
                0x00000000000001a8                __do_copy_data
 .init4         0x00000000000001c2       0x10 /usr/lib/gcc/avr/5.4.0/avr6/libgcc.a(_clear_bss.o)
                0x00000000000001c2                __do_clear_bss
 *(.init4)
 *(.init5)
 *(.init5)
 *(.init6)
 .init6         0x00000000000001d2       0x20 /usr/lib/gcc/avr/5.4.0/avr6/libgcc.a(_ctors.o)
                0x00000000000001d2                __do_global_ctors
 *(.init6)
 *(.init7)
 .init7         0x00000000000001f2        0x4 /home/vasu/projects/lifi/riot/node_1/bin/arduino-mega2560/atmega_common/startup.o
                0x00000000000001f2                init7_ovr
 *(.init7)
 *(.init8)
 .init8         0x00000000000001f6        0x4 /home/vasu/projects/lifi/riot/node_1/bin/arduino-mega2560/atmega_common/startup.o
                0x00000000000001f6                init8_ovr
 *(.init8)
 *(.init9)
 .init9         0x00000000000001fa        0x8 /usr/lib/gcc/avr/5.4.0/../../../avr/lib/avr6/crtatmega2560.o
 *(.init9)
 *(.text)
 .text          0x0000000000000202        0x4 /usr/lib/gcc/avr/5.4.0/../../../avr/lib/avr6/crtatmega2560.o
                0x0000000000000202                __vector_38
                0x0000000000000202                __vector_22
                0x0000000000000202                __vector_28
                0x0000000000000202                __vector_1
                0x0000000000000202                __vector_32
                0x0000000000000202                __vector_34
                0x0000000000000202                __vector_24
                0x0000000000000202                __vector_12
                0x0000000000000202                __vector_55
                0x0000000000000202                __vector_46
                0x0000000000000202                __bad_interrupt
                0x0000000000000202                __vector_6
                0x0000000000000202                __vector_31
                0x0000000000000202                __vector_35
                0x0000000000000202                __vector_39
                0x0000000000000202                __vector_3
                0x0000000000000202                __vector_23
                0x0000000000000202                __vector_30
                0x0000000000000202                __vector_45
                0x0000000000000202                __vector_11
                0x0000000000000202                __vector_54
                0x0000000000000202                __vector_13
                0x0000000000000202                __vector_56
                0x0000000000000202                __vector_7
                0x0000000000000202                __vector_49
                0x0000000000000202                __vector_41
                0x0000000000000202                __vector_27
                0x0000000000000202                __vector_5
                0x0000000000000202                __vector_33
                0x0000000000000202                __vector_47
                0x0000000000000202                __vector_52
                0x0000000000000202                __vector_37
                0x0000000000000202                __vector_4
                0x0000000000000202                __vector_51
                0x0000000000000202                __vector_9
                0x0000000000000202                __vector_2
                0x0000000000000202                __vector_21
                0x0000000000000202                __vector_15
                0x0000000000000202                __vector_29
                0x0000000000000202                __vector_40
                0x0000000000000202                __vector_8
                0x0000000000000202                __vector_26
                0x0000000000000202                __vector_48
                0x0000000000000202                __vector_14
                0x0000000000000202                __vector_53
                0x0000000000000202                __vector_10
                0x0000000000000202                __vector_50
                0x0000000000000202                __vector_16
                0x0000000000000202                __vector_20
                0x0000000000000206                . = ALIGN (0x2)
 *(.text.*)
 .text.reset_handler
                0x0000000000000206        0x8 /home/vasu/projects/lifi/riot/node_1/bin/arduino-mega2560/atmega_common/startup.o
                0x0000000000000206                reset_handler
 .text.startup.main
                0x000000000000020e        0xa /home/vasu/projects/lifi/riot/node_1/bin/arduino-mega2560/application_tx_count.a(_sketches.o)
                0x000000000000020e                main
 .text.startup._GLOBAL__sub_I_main
                0x0000000000000218        0xc /home/vasu/projects/lifi/riot/node_1/bin/arduino-mega2560/application_tx_count.a(_sketches.o)
 .text._Z7tx_loopPv
                0x0000000000000224        0xa /home/vasu/projects/lifi/riot/node_1/bin/arduino-mega2560/application_tx_count.a(main.o)
                0x0000000000000224                _Z7tx_loopPv
 .text._Z7rx_loopPv
                0x000000000000022e        0xa /home/vasu/projects/lifi/riot/node_1/bin/arduino-mega2560/application_tx_count.a(main.o)
                0x000000000000022e                _Z7rx_loopPv
 .text._ZL5on_rxP5PLiFiPKhh
                0x0000000000000238      0x132 /home/vasu/projects/lifi/riot/node_1/bin/arduino-mega2560/application_tx_count.a(main.o)
 .text._Z5setupv
                0x000000000000036a      0x1b2 /home/vasu/projects/lifi/riot/node_1/bin/arduino-mega2560/application_tx_count.a(main.o)
                0x000000000000036a                _Z5setupv
 .text._Z4loopv
                0x000000000000051c      0x120 /home/vasu/projects/lifi/riot/node_1/bin/arduino-mega2560/application_tx_count.a(main.o)
                0x000000000000051c                _Z4loopv
 .text.startup._GLOBAL__sub_I_device_id
                0x000000000000063c       0x6a /home/vasu/projects/lifi/riot/node_1/bin/arduino-mega2560/application_tx_count.a(main.o)
 .text._ZN5PLiFiC2EijPFvPS_PKhhEPFvS0_E
                0x00000000000006a6       0x36 /home/vasu/projects/lifi/riot/node_1/bin/arduino-mega2560/application_tx_count.a(PLiFi.o)
                0x00000000000006a6                _ZN5PLiFiC1EijPFvPS_PKhhEPFvS0_E
                0x00000000000006a6                _ZN5PLiFiC2EijPFvPS_PKhhEPFvS0_E
 .text._ZN5PLiFi9send_dataEPKhh
                0x00000000000006dc       0x7c /home/vasu/projects/lifi/riot/node_1/bin/arduino-mega2560/application_tx_count.a(PLiFi.o)
                0x00000000000006dc                _ZN5PLiFi9send_dataEPKhh
 .text._ZN5PLiFi7tx_loopEv
                0x0000000000000758       0x6a /home/vasu/projects/lifi/riot/node_1/bin/arduino-mega2560/application_tx_count.a(PLiFi.o)
                0x0000000000000758                _ZN5PLiFi7tx_loopEv
 .text._ZN5PLiFi7rx_loopEv
                0x00000000000007c2       0x46 /home/vasu/projects/lifi/riot/node_1/bin/arduino-mega2560/application_tx_count.a(PLiFi.o)
                0x00000000000007c2                _ZN5PLiFi7rx_loopEv
 .text.startup._GLOBAL__sub_I__ZN5PLiFiC2EijPFvPS_PKhhEPFvS0_E
                0x0000000000000808        0xc /home/vasu/projects/lifi/riot/node_1/bin/arduino-mega2560/application_tx_count.a(PLiFi.o)
 .text._ZN4LiFiC2Eij
                0x0000000000000814       0x36 /home/vasu/projects/lifi/riot/node_1/bin/arduino-mega2560/application_tx_count.a(LiFi.o)
                0x0000000000000814                _ZN4LiFiC1Eij
                0x0000000000000814                _ZN4LiFiC2Eij
 .text._ZN4LiFi10tick_startEv
                0x000000000000084a       0x18 /home/vasu/projects/lifi/riot/node_1/bin/arduino-mega2560/application_tx_count.a(LiFi.o)
                0x000000000000084a                _ZN4LiFi10tick_startEv
 .text._ZN4LiFi4tickEh
                0x0000000000000862       0x76 /home/vasu/projects/lifi/riot/node_1/bin/arduino-mega2560/application_tx_count.a(LiFi.o)
                0x0000000000000862                _ZN4LiFi4tickEh
 .text._ZN4LiFi7man_oneEv
                0x00000000000008d8       0x32 /home/vasu/projects/lifi/riot/node_1/bin/arduino-mega2560/application_tx_count.a(LiFi.o)
                0x00000000000008d8                _ZN4LiFi7man_oneEv
 .text._ZN4LiFi8man_zeroEv
                0x000000000000090a       0x32 /home/vasu/projects/lifi/riot/node_1/bin/arduino-mega2560/application_tx_count.a(LiFi.o)
                0x000000000000090a                _ZN4LiFi8man_zeroEv
 .text._ZN4LiFi9send_byteEh
                0x000000000000093c       0x62 /home/vasu/projects/lifi/riot/node_1/bin/arduino-mega2560/application_tx_count.a(LiFi.o)
                0x000000000000093c                _ZN4LiFi9send_byteEh
 .text._ZN4LiFi9send_syncEv
                0x000000000000099e       0x2c /home/vasu/projects/lifi/riot/node_1/bin/arduino-mega2560/application_tx_count.a(LiFi.o)
                0x000000000000099e                _ZN4LiFi9send_syncEv
 .text._ZN4LiFi14send_delimiterEv
                0x00000000000009ca       0x4c /home/vasu/projects/lifi/riot/node_1/bin/arduino-mega2560/application_tx_count.a(LiFi.o)
                0x00000000000009ca                _ZN4LiFi14send_delimiterEv
 .text._ZN4LiFi9send_dataEPKhh
                0x0000000000000a16       0x70 /home/vasu/projects/lifi/riot/node_1/bin/arduino-mega2560/application_tx_count.a(LiFi.o)
                0x0000000000000a16                _ZN4LiFi9send_dataEPKhh
 .text._ZN4LiFi14get_classifierEv
                0x0000000000000a86       0x88 /home/vasu/projects/lifi/riot/node_1/bin/arduino-mega2560/application_tx_count.a(LiFi.o)
                0x0000000000000a86                _ZN4LiFi14get_classifierEv
 .text._ZN4LiFi9get_levelEv
                0x0000000000000b0e       0x52 /home/vasu/projects/lifi/riot/node_1/bin/arduino-mega2560/application_tx_count.a(LiFi.o)
                0x0000000000000b0e                _ZN4LiFi9get_levelEv
 .text._ZN4LiFi10sync_clockEv
                0x0000000000000b60       0x7e /home/vasu/projects/lifi/riot/node_1/bin/arduino-mega2560/application_tx_count.a(LiFi.o)
                0x0000000000000b60                _ZN4LiFi10sync_clockEv
 .text._ZN4LiFi7get_bitEv
                0x0000000000000bde       0x90 /home/vasu/projects/lifi/riot/node_1/bin/arduino-mega2560/application_tx_count.a(LiFi.o)
                0x0000000000000bde                _ZN4LiFi7get_bitEv
 .text._ZN4LiFi14skip_till_zeroEv
                0x0000000000000c6e       0x1e /home/vasu/projects/lifi/riot/node_1/bin/arduino-mega2560/application_tx_count.a(LiFi.o)
                0x0000000000000c6e                _ZN4LiFi14skip_till_zeroEv
 .text._ZN4LiFi13get_delimeterEv
                0x0000000000000c8c       0x56 /home/vasu/projects/lifi/riot/node_1/bin/arduino-mega2560/application_tx_count.a(LiFi.o)
                0x0000000000000c8c                _ZN4LiFi13get_delimeterEv
 .text._ZN4LiFi8get_byteEPh
                0x0000000000000ce2       0xac /home/vasu/projects/lifi/riot/node_1/bin/arduino-mega2560/application_tx_count.a(LiFi.o)
                0x0000000000000ce2                _ZN4LiFi8get_byteEPh
 .text._ZN4LiFi13receive_frameEPhh
                0x0000000000000d8e       0x50 /home/vasu/projects/lifi/riot/node_1/bin/arduino-mega2560/application_tx_count.a(LiFi.o)
                0x0000000000000d8e                _ZN4LiFi13receive_frameEPhh
 .text._ZN4LiFi7receiveEPhh
                0x0000000000000dde       0xc6 /home/vasu/projects/lifi/riot/node_1/bin/arduino-mega2560/application_tx_count.a(LiFi.o)
                0x0000000000000dde                _ZN4LiFi7receiveEPhh
 .text.startup._GLOBAL__sub_I_debug_str_buf
                0x0000000000000ea4        0xc /home/vasu/projects/lifi/riot/node_1/bin/arduino-mega2560/application_tx_count.a(LiFi.o)
 .text._Z11crc16_ccittPKhh
                0x0000000000000eb0       0x30 /home/vasu/projects/lifi/riot/node_1/bin/arduino-mega2560/application_tx_count.a(crc16_ccitt.o)
                0x0000000000000eb0                _Z11crc16_ccittPKhh
 .text._xtimer_now
                0x0000000000000ee0       0x58 /home/vasu/projects/lifi/riot/node_1/bin/arduino-mega2560/arduino.a(base.o)
 .text._Z7pinModeii
                0x0000000000000f38       0x22 /home/vasu/projects/lifi/riot/node_1/bin/arduino-mega2560/arduino.a(base.o)
                0x0000000000000f38                _Z7pinModeii
 .text._Z12digitalWriteii
                0x0000000000000f5a        0xc /home/vasu/projects/lifi/riot/node_1/bin/arduino-mega2560/arduino.a(base.o)
                0x0000000000000f5a                _Z12digitalWriteii
 .text._Z11digitalReadi
                0x0000000000000f66       0x1c /home/vasu/projects/lifi/riot/node_1/bin/arduino-mega2560/arduino.a(base.o)
                0x0000000000000f66                _Z11digitalReadi
 .text._Z5delaym
                0x0000000000000f82       0x24 /home/vasu/projects/lifi/riot/node_1/bin/arduino-mega2560/arduino.a(base.o)
                0x0000000000000f82                _Z5delaym
 .text._Z17delayMicrosecondsm
                0x0000000000000fa6       0x18 /home/vasu/projects/lifi/riot/node_1/bin/arduino-mega2560/arduino.a(base.o)
                0x0000000000000fa6                _Z17delayMicrosecondsm
 .text._Z6microsv
                0x0000000000000fbe       0x14 /home/vasu/projects/lifi/riot/node_1/bin/arduino-mega2560/arduino.a(base.o)
                0x0000000000000fbe                _Z6microsv
 .text.startup._GLOBAL__sub_I__Z7pinModeii
                0x0000000000000fd2        0xc /home/vasu/projects/lifi/riot/node_1/bin/arduino-mega2560/arduino.a(base.o)
 .text._ZN10SerialPortC2Ej
                0x0000000000000fde        0x8 /home/vasu/projects/lifi/riot/node_1/bin/arduino-mega2560/arduino.a(serialport.o)
                0x0000000000000fde                _ZN10SerialPortC2Ej
                0x0000000000000fde                _ZN10SerialPortC1Ej
 .text._ZN10SerialPort5writeEPKc
                0x0000000000000fe6       0x2e /home/vasu/projects/lifi/riot/node_1/bin/arduino-mega2560/arduino.a(serialport.o)
                0x0000000000000fe6                _ZN10SerialPort5writeEPKc
 .text._ZN10SerialPort5printEPKc
                0x0000000000001014        0x4 /home/vasu/projects/lifi/riot/node_1/bin/arduino-mega2560/arduino.a(serialport.o)
                0x0000000000001014                _ZN10SerialPort5printEPKc
 .text._ZN10SerialPort7printlnEPKc
                0x0000000000001018       0x28 /home/vasu/projects/lifi/riot/node_1/bin/arduino-mega2560/arduino.a(serialport.o)
                0x0000000000001018                _ZN10SerialPort7printlnEPKc
 .text._ZN10SerialPort5writeEPci
                0x0000000000001040       0x18 /home/vasu/projects/lifi/riot/node_1/bin/arduino-mega2560/arduino.a(serialport.o)
                0x0000000000001040                _ZN10SerialPort5writeEPci
 .text._ZN10SerialPort5printEm12SerialFormat
                0x0000000000001058      0x14e /home/vasu/projects/lifi/riot/node_1/bin/arduino-mega2560/arduino.a(serialport.o)
                0x0000000000001058                _ZN10SerialPort5printEm12SerialFormat
 .text._ZN10SerialPort5printEl12SerialFormat.part.0
                0x00000000000011a6       0x7a /home/vasu/projects/lifi/riot/node_1/bin/arduino-mega2560/arduino.a(serialport.o)
 .text._ZN10SerialPort5printEl12SerialFormat
                0x0000000000001220        0xc /home/vasu/projects/lifi/riot/node_1/bin/arduino-mega2560/arduino.a(serialport.o)
                0x0000000000001220                _ZN10SerialPort5printEl12SerialFormat
 .text._ZN10SerialPort5printEi12SerialFormat
                0x000000000000122c       0x1c /home/vasu/projects/lifi/riot/node_1/bin/arduino-mega2560/arduino.a(serialport.o)
                0x000000000000122c                _ZN10SerialPort5printEi12SerialFormat
 .text._ZN10SerialPort7printlnEi12SerialFormat
                0x0000000000001248       0x28 /home/vasu/projects/lifi/riot/node_1/bin/arduino-mega2560/arduino.a(serialport.o)
                0x0000000000001248                _ZN10SerialPort7printlnEi12SerialFormat
 .text._ZN10SerialPort5printEi
                0x0000000000001270        0xc /home/vasu/projects/lifi/riot/node_1/bin/arduino-mega2560/arduino.a(serialport.o)
                0x0000000000001270                _ZN10SerialPort5printEi
 .text.irq_disable
                0x000000000000127c        0xc /home/vasu/projects/lifi/riot/node_1/bin/arduino-mega2560/atmega_common.a(irq_arch.o)
                0x000000000000127c                irq_disable
 .text.irq_enable
                0x0000000000001288        0xc /home/vasu/projects/lifi/riot/node_1/bin/arduino-mega2560/atmega_common.a(irq_arch.o)
                0x0000000000001288                irq_enable
 .text.irq_restore
                0x0000000000001294       0x14 /home/vasu/projects/lifi/riot/node_1/bin/arduino-mega2560/atmega_common.a(irq_arch.o)
                0x0000000000001294                irq_restore
 .text.irq_is_in
                0x00000000000012a8        0x8 /home/vasu/projects/lifi/riot/node_1/bin/arduino-mega2560/atmega_common.a(irq_arch.o)
                0x00000000000012a8                irq_is_in
 .text.isr_handler
                0x00000000000012b0       0x54 /home/vasu/projects/lifi/riot/node_1/bin/arduino-mega2560/atmega_common_periph.a(uart.o)
 .text.uart_init
                0x0000000000001304       0xa0 /home/vasu/projects/lifi/riot/node_1/bin/arduino-mega2560/atmega_common_periph.a(uart.o)
                0x0000000000001304                uart_init
 .text.uart_write
                0x00000000000013a4       0x32 /home/vasu/projects/lifi/riot/node_1/bin/arduino-mega2560/atmega_common_periph.a(uart.o)
                0x00000000000013a4                uart_write
 .text.__vector_25
                0x00000000000013d6       0x54 /home/vasu/projects/lifi/riot/node_1/bin/arduino-mega2560/atmega_common_periph.a(uart.o)
                0x00000000000013d6                __vector_25
 .text.__vector_36
                0x000000000000142a       0x54 /home/vasu/projects/lifi/riot/node_1/bin/arduino-mega2560/atmega_common_periph.a(uart.o)
                0x000000000000142a                __vector_36
 .text._port_addr
                0x000000000000147e       0x1c /home/vasu/projects/lifi/riot/node_1/bin/arduino-mega2560/atmega_common_periph.a(gpio.o)
 .text.gpio_init
                0x000000000000149a       0x6a /home/vasu/projects/lifi/riot/node_1/bin/arduino-mega2560/atmega_common_periph.a(gpio.o)
                0x000000000000149a                gpio_init
 .text.gpio_read
                0x0000000000001504       0x28 /home/vasu/projects/lifi/riot/node_1/bin/arduino-mega2560/atmega_common_periph.a(gpio.o)
                0x0000000000001504                gpio_read
 .text.gpio_set
                0x000000000000152c       0x22 /home/vasu/projects/lifi/riot/node_1/bin/arduino-mega2560/atmega_common_periph.a(gpio.o)
                0x000000000000152c                gpio_set
 .text.gpio_clear
                0x000000000000154e       0x28 /home/vasu/projects/lifi/riot/node_1/bin/arduino-mega2560/atmega_common_periph.a(gpio.o)
                0x000000000000154e                gpio_clear
 .text.gpio_write
                0x0000000000001576        0xc /home/vasu/projects/lifi/riot/node_1/bin/arduino-mega2560/atmega_common_periph.a(gpio.o)
                0x0000000000001576                gpio_write
 .text._isr     0x0000000000001582       0x6c /home/vasu/projects/lifi/riot/node_1/bin/arduino-mega2560/atmega_common_periph.a(timer.o)
 .text.timer_init
                0x00000000000015ee       0xa8 /home/vasu/projects/lifi/riot/node_1/bin/arduino-mega2560/atmega_common_periph.a(timer.o)
                0x00000000000015ee                timer_init
 .text.timer_set_absolute
                0x0000000000001696       0x62 /home/vasu/projects/lifi/riot/node_1/bin/arduino-mega2560/atmega_common_periph.a(timer.o)
                0x0000000000001696                timer_set_absolute
 .text.timer_read
                0x00000000000016f8       0x20 /home/vasu/projects/lifi/riot/node_1/bin/arduino-mega2560/atmega_common_periph.a(timer.o)
                0x00000000000016f8                timer_read
 .text.__vector_17
                0x0000000000001718       0x58 /home/vasu/projects/lifi/riot/node_1/bin/arduino-mega2560/atmega_common_periph.a(timer.o)
                0x0000000000001718                __vector_17
 .text.__vector_18
                0x0000000000001770       0x58 /home/vasu/projects/lifi/riot/node_1/bin/arduino-mega2560/atmega_common_periph.a(timer.o)
                0x0000000000001770                __vector_18
 .text.__vector_19
                0x00000000000017c8       0x58 /home/vasu/projects/lifi/riot/node_1/bin/arduino-mega2560/atmega_common_periph.a(timer.o)
                0x00000000000017c8                __vector_19
 .text.__vector_42
                0x0000000000001820       0x58 /home/vasu/projects/lifi/riot/node_1/bin/arduino-mega2560/atmega_common_periph.a(timer.o)
                0x0000000000001820                __vector_42
 .text.__vector_43
                0x0000000000001878       0x58 /home/vasu/projects/lifi/riot/node_1/bin/arduino-mega2560/atmega_common_periph.a(timer.o)
                0x0000000000001878                __vector_43
 .text.__vector_44
                0x00000000000018d0       0x58 /home/vasu/projects/lifi/riot/node_1/bin/arduino-mega2560/atmega_common_periph.a(timer.o)
                0x00000000000018d0                __vector_44
 .text._prep    0x0000000000001928       0x18 /home/vasu/projects/lifi/riot/node_1/bin/arduino-mega2560/atmega_common_periph.a(adc.o)
 .text.adc_init
                0x0000000000001940      0x11e /home/vasu/projects/lifi/riot/node_1/bin/arduino-mega2560/atmega_common_periph.a(adc.o)
                0x0000000000001940                adc_init
 .text.adc_sample
                0x0000000000001a5e       0x8e /home/vasu/projects/lifi/riot/node_1/bin/arduino-mega2560/atmega_common_periph.a(adc.o)
                0x0000000000001a5e                adc_sample
 .text.board_init
                0x0000000000001aec       0x16 /home/vasu/projects/lifi/riot/node_1/bin/arduino-mega2560/boards_common_atmega.a(board.o)
                0x0000000000001aec                board_init
 .text._mutex_lock
                0x0000000000001b02       0x8a /home/vasu/projects/lifi/riot/node_1/bin/arduino-mega2560/core.a(mutex.o)
                0x0000000000001b02                _mutex_lock
 .text.mutex_unlock
                0x0000000000001b8c       0x82 /home/vasu/projects/lifi/riot/node_1/bin/arduino-mega2560/core.a(mutex.o)
                0x0000000000001b8c                mutex_unlock
 .text.sched_run
                0x0000000000001c0e       0x7e /home/vasu/projects/lifi/riot/node_1/bin/arduino-mega2560/core.a(sched.o)
                0x0000000000001c0e                sched_run
 .text.sched_set_status
                0x0000000000001c8c      0x122 /home/vasu/projects/lifi/riot/node_1/bin/arduino-mega2560/core.a(sched.o)
                0x0000000000001c8c                sched_set_status
 .text.sched_switch
                0x0000000000001dae       0x34 /home/vasu/projects/lifi/riot/node_1/bin/arduino-mega2560/core.a(sched.o)
                0x0000000000001dae                sched_switch
 .text.sched_task_exit
                0x0000000000001de2       0x44 /home/vasu/projects/lifi/riot/node_1/bin/arduino-mega2560/core.a(sched.o)
                0x0000000000001de2                sched_task_exit
 .text.main_trampoline
                0x0000000000001e26       0x1e /home/vasu/projects/lifi/riot/node_1/bin/arduino-mega2560/core.a(kernel_init.o)
 .text.idle_thread
                0x0000000000001e44        0x6 /home/vasu/projects/lifi/riot/node_1/bin/arduino-mega2560/core.a(kernel_init.o)
 .text.kernel_init
                0x0000000000001e4a       0x48 /home/vasu/projects/lifi/riot/node_1/bin/arduino-mega2560/core.a(kernel_init.o)
                0x0000000000001e4a                kernel_init
 .text.thread_yield
                0x0000000000001e92       0x36 /home/vasu/projects/lifi/riot/node_1/bin/arduino-mega2560/core.a(thread.o)
                0x0000000000001e92                thread_yield
 .text.thread_add_to_list
                0x0000000000001ec8       0x44 /home/vasu/projects/lifi/riot/node_1/bin/arduino-mega2560/core.a(thread.o)
                0x0000000000001ec8                thread_add_to_list
 .text.thread_create
                0x0000000000001f0c      0x17c /home/vasu/projects/lifi/riot/node_1/bin/arduino-mega2560/core.a(thread.o)
                0x0000000000001f0c                thread_create
 .text._assert_failure
                0x0000000000002088       0x1e /home/vasu/projects/lifi/riot/node_1/bin/arduino-mega2560/core.a(assert.o)
                0x0000000000002088                _assert_failure
 .text.panic_arch
                0x00000000000020a6        0x2 /home/vasu/projects/lifi/riot/node_1/bin/arduino-mega2560/core.a(panic.o)
                0x00000000000020a6                panic_arch
 .text.core_panic
                0x00000000000020a8       0x76 /home/vasu/projects/lifi/riot/node_1/bin/arduino-mega2560/core.a(panic.o)
                0x00000000000020a8                core_panic
 .text._xtimer_now
                0x000000000000211e       0x58 /home/vasu/projects/lifi/riot/node_1/bin/arduino-mega2560/xtimer.a(xtimer_core.o)
 .text._xtimer_now_internal
                0x0000000000002176       0x6e /home/vasu/projects/lifi/riot/node_1/bin/arduino-mega2560/xtimer.a(xtimer_core.o)
 .text._lltimer_set
                0x00000000000021e4       0x1c /home/vasu/projects/lifi/riot/node_1/bin/arduino-mega2560/xtimer.a(xtimer_core.o)
 .text._add_timer_to_long_list.constprop.3
                0x0000000000002200       0x7e /home/vasu/projects/lifi/riot/node_1/bin/arduino-mega2560/xtimer.a(xtimer_core.o)
 .text._next_period
                0x000000000000227e      0x1a6 /home/vasu/projects/lifi/riot/node_1/bin/arduino-mega2560/xtimer.a(xtimer_core.o)
 .text._periph_timer_callback
                0x0000000000002424      0x204 /home/vasu/projects/lifi/riot/node_1/bin/arduino-mega2560/xtimer.a(xtimer_core.o)
 .text._remove  0x0000000000002628       0x96 /home/vasu/projects/lifi/riot/node_1/bin/arduino-mega2560/xtimer.a(xtimer_core.o)
 .text.xtimer_init
                0x00000000000026be       0x2a /home/vasu/projects/lifi/riot/node_1/bin/arduino-mega2560/xtimer.a(xtimer_core.o)
                0x00000000000026be                xtimer_init
 .text._xtimer_set_absolute
                0x00000000000026e8      0x1e8 /home/vasu/projects/lifi/riot/node_1/bin/arduino-mega2560/xtimer.a(xtimer_core.o)
                0x00000000000026e8                _xtimer_set_absolute
 .text.xtimer_remove
                0x00000000000028d0       0x46 /home/vasu/projects/lifi/riot/node_1/bin/arduino-mega2560/xtimer.a(xtimer_core.o)
                0x00000000000028d0                xtimer_remove
 .text._xtimer_set
                0x0000000000002916       0xc4 /home/vasu/projects/lifi/riot/node_1/bin/arduino-mega2560/xtimer.a(xtimer_core.o)
                0x0000000000002916                _xtimer_set
 .text._xtimer_set64
                0x00000000000029da       0xf8 /home/vasu/projects/lifi/riot/node_1/bin/arduino-mega2560/xtimer.a(xtimer_core.o)
                0x00000000000029da                _xtimer_set64
 .text._callback_unlock_mutex
                0x0000000000002ad2        0x4 /home/vasu/projects/lifi/riot/node_1/bin/arduino-mega2560/xtimer.a(xtimer.o)
 .text._xtimer_spin
                0x0000000000002ad6       0x5a /home/vasu/projects/lifi/riot/node_1/bin/arduino-mega2560/xtimer.a(xtimer.o)
 .text._xtimer_tsleep
                0x0000000000002b30       0xd0 /home/vasu/projects/lifi/riot/node_1/bin/arduino-mega2560/xtimer.a(xtimer.o)
                0x0000000000002b30                _xtimer_tsleep
 .text.pm_off   0x0000000000002c00        0x6 /home/vasu/projects/lifi/riot/node_1/bin/arduino-mega2560/periph_common.a(pm.o)
                0x0000000000002c00                pm_off
 .text.pm_set_lowest
                0x0000000000002c06        0x2 /home/vasu/projects/lifi/riot/node_1/bin/arduino-mega2560/periph_common.a(pm.o)
                0x0000000000002c06                pm_set_lowest
 .text.eeprom_read_byte
                0x0000000000002c08       0x22 /home/vasu/projects/lifi/riot/node_1/bin/arduino-mega2560/periph_common.a(eeprom.o)
                0x0000000000002c08                eeprom_read_byte
 .text.cpu_init
                0x0000000000002c2a       0x20 /home/vasu/projects/lifi/riot/node_1/bin/arduino-mega2560/atmega_common.a(cpu.o)
                0x0000000000002c2a                cpu_init
 .text.__vector_default
                0x0000000000002c4a       0x16 /home/vasu/projects/lifi/riot/node_1/bin/arduino-mega2560/atmega_common.a(cpu.o)
                0x0000000000002c4a                __vector_default
 .text.thread_stack_init
                0x0000000000002c60       0x6a /home/vasu/projects/lifi/riot/node_1/bin/arduino-mega2560/atmega_common.a(thread_arch.o)
                0x0000000000002c60                thread_stack_init
 .text.cpu_switch_context_exit
                0x0000000000002cca       0x9a /home/vasu/projects/lifi/riot/node_1/bin/arduino-mega2560/atmega_common.a(thread_arch.o)
                0x0000000000002cca                cpu_switch_context_exit
 .text.thread_yield_higher
                0x0000000000002d64       0xdc /home/vasu/projects/lifi/riot/node_1/bin/arduino-mega2560/atmega_common.a(thread_arch.o)
                0x0000000000002d64                thread_yield_higher
 .text.thread_yield_isr
                0x0000000000002e40       0xc4 /home/vasu/projects/lifi/riot/node_1/bin/arduino-mega2560/atmega_common.a(thread_arch.o)
                0x0000000000002e40                thread_yield_isr
 .text.eeprom_read
                0x0000000000002f04       0x62 /home/vasu/projects/lifi/riot/node_1/bin/arduino-mega2560/atmega_common_periph.a(eeprom.o)
                0x0000000000002f04                eeprom_read
 .text.auto_init
                0x0000000000002f66        0x4 /home/vasu/projects/lifi/riot/node_1/bin/arduino-mega2560/auto_init.a(auto_init.o)
                0x0000000000002f66                auto_init
 .text._uart_getchar
                0x0000000000002f6a       0x26 /home/vasu/projects/lifi/riot/node_1/bin/arduino-mega2560/avr_libc_extra.a(atmega_stdio.o)
 .text._uart_putchar
                0x0000000000002f90       0x24 /home/vasu/projects/lifi/riot/node_1/bin/arduino-mega2560/avr_libc_extra.a(atmega_stdio.o)
 .text.atmega_stdio_init
                0x0000000000002fb4       0x20 /home/vasu/projects/lifi/riot/node_1/bin/arduino-mega2560/avr_libc_extra.a(atmega_stdio.o)
                0x0000000000002fb4                atmega_stdio_init
 .text.led_init
                0x0000000000002fd4        0xc /home/vasu/projects/lifi/riot/node_1/bin/arduino-mega2560/boards_common_arduino-atmega.a(led_init.o)
                0x0000000000002fd4                led_init
 .text.stdio_init
                0x0000000000002fe0       0x22 /home/vasu/projects/lifi/riot/node_1/bin/arduino-mega2560/stdio_uart.a(stdio_uart.o)
                0x0000000000002fe0                stdio_init
 .text.stdio_read
                0x0000000000003002        0x6 /home/vasu/projects/lifi/riot/node_1/bin/arduino-mega2560/stdio_uart.a(stdio_uart.o)
                0x0000000000003002                stdio_read
 .text.stdio_write
                0x0000000000003008       0x1a /home/vasu/projects/lifi/riot/node_1/bin/arduino-mega2560/stdio_uart.a(stdio_uart.o)
                0x0000000000003008                stdio_write
 .text.periph_init
                0x0000000000003022        0x8 /home/vasu/projects/lifi/riot/node_1/bin/arduino-mega2560/periph_common.a(init.o)
                0x0000000000003022                periph_init
 .text.spi_init_pins
                0x000000000000302a        0x8 /home/vasu/projects/lifi/riot/node_1/bin/arduino-mega2560/atmega_common_periph.a(spi.o)
                0x000000000000302a                spi_init_pins
 .text.spi_init
                0x0000000000003032       0x22 /home/vasu/projects/lifi/riot/node_1/bin/arduino-mega2560/atmega_common_periph.a(spi.o)
                0x0000000000003032                spi_init
 .text.libgcc.div
                0x0000000000003054       0x44 /usr/lib/gcc/avr/5.4.0/avr6/libgcc.a(_udivmodsi4.o)
                0x0000000000003054                __udivmodsi4
 .text.libgcc.mul
                0x0000000000003098       0x16 /usr/lib/gcc/avr/5.4.0/avr6/libgcc.a(_muluhisi3.o)
                0x0000000000003098                __muluhisi3
 .text.libgcc   0x00000000000030ae       0x10 /usr/lib/gcc/avr/5.4.0/avr6/libgcc.a(_tablejump2.o)
                0x00000000000030ae                __tablejump2__
 .text.libgcc.mul
                0x00000000000030be       0x1e /usr/lib/gcc/avr/5.4.0/avr6/libgcc.a(_umulhisi3.o)
                0x00000000000030be                __umulhisi3
 .text.avr-libc
                0x00000000000030dc       0x12 /usr/lib/gcc/avr/5.4.0/../../../avr/lib/avr6/libc.a(memcpy.o)
                0x00000000000030dc                memcpy
 .text.avr-libc
                0x00000000000030ee       0x12 /usr/lib/gcc/avr/5.4.0/../../../avr/lib/avr6/libc.a(strlen.o)
                0x00000000000030ee                strlen
 .text.avr-libc
                0x0000000000003100       0x28 /usr/lib/gcc/avr/5.4.0/../../../avr/lib/avr6/libc.a(printf.o)
                0x0000000000003100                printf
 .text.avr-libc
                0x0000000000003128       0x60 /usr/lib/gcc/avr/5.4.0/../../../avr/lib/avr6/libc.a(puts.o)
                0x0000000000003128                puts
 .text.avr-libc
                0x0000000000003188       0x5e /usr/lib/gcc/avr/5.4.0/../../../avr/lib/avr6/libc.a(sprintf.o)
                0x0000000000003188                sprintf
 .text.avr-libc
                0x00000000000031e6      0x414 /usr/lib/gcc/avr/5.4.0/../../../avr/lib/avr6/libc.a(vfprintf_std.o)
                0x00000000000031e6                vfprintf
 .text.avr-libc
                0x00000000000035fa       0x16 /usr/lib/gcc/avr/5.4.0/../../../avr/lib/avr6/libc.a(strnlen_P.o)
                0x00000000000035fa                strnlen_P
 .text.avr-libc
                0x0000000000003610       0x16 /usr/lib/gcc/avr/5.4.0/../../../avr/lib/avr6/libc.a(strnlen.o)
                0x0000000000003610                strnlen
 .text.avr-libc
                0x0000000000003626       0x78 /usr/lib/gcc/avr/5.4.0/../../../avr/lib/avr6/libc.a(fputc.o)
                0x0000000000003626                fputc
 .text.avr-libc
                0x000000000000369e       0xbc /usr/lib/gcc/avr/5.4.0/../../../avr/lib/avr6/libc.a(ultoa_invert.o)
                0x000000000000369e                __ultoa_invert
                0x000000000000375a                . = ALIGN (0x2)
 *(.fini9)
 .fini9         0x000000000000375a        0x0 /usr/lib/gcc/avr/5.4.0/avr6/libgcc.a(_exit.o)
                0x000000000000375a                exit
                0x000000000000375a                _exit
 *(.fini9)
 *(.fini8)
 *(.fini8)
 *(.fini7)
 *(.fini7)
 *(.fini6)
 *(.fini6)
 *(.fini5)
 *(.fini5)
 *(.fini4)
 *(.fini4)
 *(.fini3)
 *(.fini3)
 *(.fini2)
 *(.fini2)
 *(.fini1)
 *(.fini1)
 *(.fini0)
 .fini0         0x000000000000375a        0x4 /usr/lib/gcc/avr/5.4.0/avr6/libgcc.a(_exit.o)
 *(.fini0)
                0x000000000000375e                _etext = .

.data           0x0000000000800200      0x472 load address 0x000000000000375e
                0x0000000000800200                PROVIDE (__data_start, .)
 *(.data)
 .data          0x0000000000800200        0x6 /usr/lib/gcc/avr/5.4.0/../../../avr/lib/avr6/libc.a(malloc.o)
                0x0000000000800200                __malloc_heap_end
                0x0000000000800202                __malloc_heap_start
                0x0000000000800204                __malloc_margin
 *(.data*)
 .data.ctx      0x0000000000800206       0x18 /home/vasu/projects/lifi/riot/node_1/bin/arduino-mega2560/atmega_common_periph.a(timer.o)
 .data.idle_name
                0x000000000080021e        0x2 /home/vasu/projects/lifi/riot/node_1/bin/arduino-mega2560/core.a(kernel_init.o)
                0x000000000080021e                idle_name
 .data.main_name
                0x0000000000800220        0x2 /home/vasu/projects/lifi/riot/node_1/bin/arduino-mega2560/core.a(kernel_init.o)
                0x0000000000800220                main_name
 .data._uart_stdin
                0x0000000000800222        0xe /home/vasu/projects/lifi/riot/node_1/bin/arduino-mega2560/avr_libc_extra.a(atmega_stdio.o)
 .data._uart_stdout
                0x0000000000800230        0xe /home/vasu/projects/lifi/riot/node_1/bin/arduino-mega2560/avr_libc_extra.a(atmega_stdio.o)
 *(.rodata)
 *(.rodata*)
 .rodata.str1.1
                0x000000000080023e       0xb5 /home/vasu/projects/lifi/riot/node_1/bin/arduino-mega2560/application_tx_count.a(main.o)
 .rodata._ZZ4loopvE5dests
                0x00000000008002f3        0x4 /home/vasu/projects/lifi/riot/node_1/bin/arduino-mega2560/application_tx_count.a(main.o)
 .rodata._ZL4pins
                0x00000000008002f7        0x8 /home/vasu/projects/lifi/riot/node_1/bin/arduino-mega2560/application_tx_count.a(main.o)
 .rodata._ZL9crc_table
                0x00000000008002ff      0x200 /home/vasu/projects/lifi/riot/node_1/bin/arduino-mega2560/application_tx_count.a(crc16_ccitt.o)
 .rodata._ZL14arduino_pinmap
                0x00000000008004ff       0x46 /home/vasu/projects/lifi/riot/node_1/bin/arduino-mega2560/arduino.a(base.o)
 .rodata.str1.1
                0x0000000000800545       0x18 /home/vasu/projects/lifi/riot/node_1/bin/arduino-mega2560/arduino.a(serialport.o)
 .rodata.dev    0x000000000080055d        0x4 /home/vasu/projects/lifi/riot/node_1/bin/arduino-mega2560/atmega_common_periph.a(uart.o)
 .rodata.prescalers
                0x0000000000800561        0x5 /home/vasu/projects/lifi/riot/node_1/bin/arduino-mega2560/atmega_common_periph.a(timer.o)
 .rodata.str1.1
                0x0000000000800566       0x4a /home/vasu/projects/lifi/riot/node_1/bin/arduino-mega2560/core.a(kernel_init.o)
 .rodata.str1.1
                0x00000000008005b0        0xe /home/vasu/projects/lifi/riot/node_1/bin/arduino-mega2560/core.a(thread.o)
 .rodata.str1.1
                0x00000000008005be        0xa /home/vasu/projects/lifi/riot/node_1/bin/arduino-mega2560/core.a(assert.o)
 .rodata.str1.1
                0x00000000008005c8       0x41 /home/vasu/projects/lifi/riot/node_1/bin/arduino-mega2560/core.a(panic.o)
 .rodata.assert_crash_message
                0x0000000000800609       0x12 /home/vasu/projects/lifi/riot/node_1/bin/arduino-mega2560/core.a(panic.o)
                0x0000000000800609                assert_crash_message
 .rodata.str1.1
                0x000000000080061b       0x14 /home/vasu/projects/lifi/riot/node_1/bin/arduino-mega2560/xtimer.a(xtimer.o)
 .rodata.str1.1
                0x000000000080062f       0x22 /home/vasu/projects/lifi/riot/node_1/bin/arduino-mega2560/atmega_common_periph.a(eeprom.o)
 .rodata.str1.1
                0x0000000000800651        0x2 /home/vasu/projects/lifi/riot/node_1/bin/arduino-mega2560/avr_libc_extra.a(atmega_stdio.o)
 .rodata.str1.1
                0x0000000000800653       0x1f /home/vasu/projects/lifi/riot/node_1/bin/arduino-mega2560/atmega_common_periph.a(spi.o)
 *(.gnu.linkonce.d*)
                0x0000000000800672                . = ALIGN (0x2)
                0x0000000000800672                _edata = .
                0x0000000000800672                PROVIDE (__data_end, .)

.bss            0x0000000000800672     0x1b5d
                0x0000000000800672                PROVIDE (__bss_start, .)
 *(.bss)
 *(.bss*)
 .bss._ZL6Serial
                0x0000000000800672       0x4a /home/vasu/projects/lifi/riot/node_1/bin/arduino-mega2560/application_tx_count.a(_sketches.o)
 .bss.lifi4     0x00000000008006bc       0x55 /home/vasu/projects/lifi/riot/node_1/bin/arduino-mega2560/application_tx_count.a(main.o)
                0x00000000008006bc                lifi4
 .bss.lifi3     0x0000000000800711       0x55 /home/vasu/projects/lifi/riot/node_1/bin/arduino-mega2560/application_tx_count.a(main.o)
                0x0000000000800711                lifi3
 .bss.lifi2     0x0000000000800766       0x55 /home/vasu/projects/lifi/riot/node_1/bin/arduino-mega2560/application_tx_count.a(main.o)
                0x0000000000800766                lifi2
 .bss.lifi1     0x00000000008007bb       0x55 /home/vasu/projects/lifi/riot/node_1/bin/arduino-mega2560/application_tx_count.a(main.o)
                0x00000000008007bb                lifi1
 .bss._ZL9rx_stack4
                0x0000000000800810      0x280 /home/vasu/projects/lifi/riot/node_1/bin/arduino-mega2560/application_tx_count.a(main.o)
 .bss._ZL9tx_stack4
                0x0000000000800a90      0x280 /home/vasu/projects/lifi/riot/node_1/bin/arduino-mega2560/application_tx_count.a(main.o)
 .bss._ZL9rx_stack3
                0x0000000000800d10      0x280 /home/vasu/projects/lifi/riot/node_1/bin/arduino-mega2560/application_tx_count.a(main.o)
 .bss._ZL9tx_stack3
                0x0000000000800f90      0x280 /home/vasu/projects/lifi/riot/node_1/bin/arduino-mega2560/application_tx_count.a(main.o)
 .bss._ZL9rx_stack2
                0x0000000000801210      0x280 /home/vasu/projects/lifi/riot/node_1/bin/arduino-mega2560/application_tx_count.a(main.o)
 .bss._ZL9tx_stack2
                0x0000000000801490      0x280 /home/vasu/projects/lifi/riot/node_1/bin/arduino-mega2560/application_tx_count.a(main.o)
 .bss._ZL9rx_stack1
                0x0000000000801710      0x280 /home/vasu/projects/lifi/riot/node_1/bin/arduino-mega2560/application_tx_count.a(main.o)
 .bss._ZL9tx_stack1
                0x0000000000801990      0x280 /home/vasu/projects/lifi/riot/node_1/bin/arduino-mega2560/application_tx_count.a(main.o)
 .bss.device_id
                0x0000000000801c10        0x1 /home/vasu/projects/lifi/riot/node_1/bin/arduino-mega2560/application_tx_count.a(main.o)
                0x0000000000801c10                device_id
 .bss._ZL6Serial
                0x0000000000801c11       0x4a /home/vasu/projects/lifi/riot/node_1/bin/arduino-mega2560/application_tx_count.a(main.o)
 .bss._ZL6Serial
                0x0000000000801c5b       0x4a /home/vasu/projects/lifi/riot/node_1/bin/arduino-mega2560/application_tx_count.a(PLiFi.o)
 .bss.debug_str_pos
                0x0000000000801ca5        0x1 /home/vasu/projects/lifi/riot/node_1/bin/arduino-mega2560/application_tx_count.a(LiFi.o)
                0x0000000000801ca5                debug_str_pos
 .bss.debug_str_buf
                0x0000000000801ca6      0x100 /home/vasu/projects/lifi/riot/node_1/bin/arduino-mega2560/application_tx_count.a(LiFi.o)
                0x0000000000801ca6                debug_str_buf
 .bss._ZL6Serial
                0x0000000000801da6       0x4a /home/vasu/projects/lifi/riot/node_1/bin/arduino-mega2560/application_tx_count.a(LiFi.o)
 .bss._ZL6Serial
                0x0000000000801df0       0x4a /home/vasu/projects/lifi/riot/node_1/bin/arduino-mega2560/arduino.a(base.o)
 .bss.__in_isr  0x0000000000801e3a        0x1 /home/vasu/projects/lifi/riot/node_1/bin/arduino-mega2560/atmega_common.a(irq_arch.o)
                0x0000000000801e3a                __in_isr
 .bss.isr_ctx   0x0000000000801e3b        0x8 /home/vasu/projects/lifi/riot/node_1/bin/arduino-mega2560/atmega_common_periph.a(uart.o)
 .bss.lock      0x0000000000801e43        0x2 /home/vasu/projects/lifi/riot/node_1/bin/arduino-mega2560/atmega_common_periph.a(adc.o)
 .bss.runqueue_bitcache
                0x0000000000801e45        0x4 /home/vasu/projects/lifi/riot/node_1/bin/arduino-mega2560/core.a(sched.o)
 .bss.sched_runqueues
                0x0000000000801e49       0x20 /home/vasu/projects/lifi/riot/node_1/bin/arduino-mega2560/core.a(sched.o)
                0x0000000000801e49                sched_runqueues
 .bss.sched_active_pid
                0x0000000000801e69        0x2 /home/vasu/projects/lifi/riot/node_1/bin/arduino-mega2560/core.a(sched.o)
                0x0000000000801e69                sched_active_pid
 .bss.sched_active_thread
                0x0000000000801e6b        0x2 /home/vasu/projects/lifi/riot/node_1/bin/arduino-mega2560/core.a(sched.o)
                0x0000000000801e6b                sched_active_thread
 .bss.sched_threads
                0x0000000000801e6d       0x42 /home/vasu/projects/lifi/riot/node_1/bin/arduino-mega2560/core.a(sched.o)
                0x0000000000801e6d                sched_threads
 .bss.sched_context_switch_request
                0x0000000000801eaf        0x2 /home/vasu/projects/lifi/riot/node_1/bin/arduino-mega2560/core.a(sched.o)
                0x0000000000801eaf                sched_context_switch_request
 .bss.sched_num_threads
                0x0000000000801eb1        0x2 /home/vasu/projects/lifi/riot/node_1/bin/arduino-mega2560/core.a(sched.o)
                0x0000000000801eb1                sched_num_threads
 .bss.idle_stack
                0x0000000000801eb3       0x80 /home/vasu/projects/lifi/riot/node_1/bin/arduino-mega2560/core.a(kernel_init.o)
 .bss.main_stack
                0x0000000000801f33      0x280 /home/vasu/projects/lifi/riot/node_1/bin/arduino-mega2560/core.a(kernel_init.o)
 .bss.crashed   0x00000000008021b3        0x2 /home/vasu/projects/lifi/riot/node_1/bin/arduino-mega2560/core.a(panic.o)
 .bss.long_list_head
                0x00000000008021b5        0x2 /home/vasu/projects/lifi/riot/node_1/bin/arduino-mega2560/xtimer.a(xtimer_core.o)
 .bss.overflow_list_head
                0x00000000008021b7        0x2 /home/vasu/projects/lifi/riot/node_1/bin/arduino-mega2560/xtimer.a(xtimer_core.o)
 .bss.timer_list_head
                0x00000000008021b9        0x2 /home/vasu/projects/lifi/riot/node_1/bin/arduino-mega2560/xtimer.a(xtimer_core.o)
 .bss._xtimer_high_cnt
                0x00000000008021bb        0x4 /home/vasu/projects/lifi/riot/node_1/bin/arduino-mega2560/xtimer.a(xtimer_core.o)
                0x00000000008021bb                _xtimer_high_cnt
 .bss._long_cnt
                0x00000000008021bf        0x4 /home/vasu/projects/lifi/riot/node_1/bin/arduino-mega2560/xtimer.a(xtimer_core.o)
 .bss._in_handler
                0x00000000008021c3        0x2 /home/vasu/projects/lifi/riot/node_1/bin/arduino-mega2560/xtimer.a(xtimer_core.o)
 *(COMMON)
 COMMON         0x00000000008021c5        0x4 /usr/lib/gcc/avr/5.4.0/../../../avr/lib/avr6/libc.a(malloc.o)
                0x00000000008021c5                __brkval
                0x00000000008021c7                __flp
 COMMON         0x00000000008021c9        0x6 /usr/lib/gcc/avr/5.4.0/../../../avr/lib/avr6/libc.a(iob.o)
                0x00000000008021c9                __iob
                0x00000000008021cf                PROVIDE (__bss_end, .)
                0x000000000000375e                __data_load_start = LOADADDR (.data)
                0x0000000000003bd0                __data_load_end = (__data_load_start + SIZEOF (.data))

.noinit         0x00000000008021cf        0x2
                [!provide]                        PROVIDE (__noinit_start, .)
 *(.noinit*)
 .noinit        0x00000000008021cf        0x2 /home/vasu/projects/lifi/riot/node_1/bin/arduino-mega2560/atmega_common.a(cpu.o)
                0x00000000008021cf                soft_rst
                0x00000000008021d0                mcusr_mirror
                [!provide]                        PROVIDE (__noinit_end, .)
                0x00000000008021d1                _end = .
                0x00000000008021d1                PROVIDE (__heap_start, .)

.eeprom         0x0000000000810000        0x0
 *(.eeprom*)
                0x0000000000810000                __eeprom_end = .

.fuse
 *(.fuse)
 *(.lfuse)
 *(.hfuse)
 *(.efuse)

.lock
 *(.lock*)

.signature
 *(.signature*)

.user_signatures
 *(.user_signatures*)

.stab
 *(.stab)

.stabstr
 *(.stabstr)

.stab.excl
 *(.stab.excl)

.stab.exclstr
 *(.stab.exclstr)

.stab.index
 *(.stab.index)

.stab.indexstr
 *(.stab.indexstr)

.comment        0x0000000000000000       0x11
 *(.comment)
 .comment       0x0000000000000000       0x11 /home/vasu/projects/lifi/riot/node_1/bin/arduino-mega2560/atmega_common/startup.o
                                         0x12 (size before relaxing)
 .comment       0x0000000000000011       0x12 /home/vasu/projects/lifi/riot/node_1/bin/arduino-mega2560/application_tx_count.a(_sketches.o)
 .comment       0x0000000000000011       0x12 /home/vasu/projects/lifi/riot/node_1/bin/arduino-mega2560/application_tx_count.a(main.o)
 .comment       0x0000000000000011       0x12 /home/vasu/projects/lifi/riot/node_1/bin/arduino-mega2560/application_tx_count.a(PLiFi.o)
 .comment       0x0000000000000011       0x12 /home/vasu/projects/lifi/riot/node_1/bin/arduino-mega2560/application_tx_count.a(LiFi.o)
 .comment       0x0000000000000011       0x12 /home/vasu/projects/lifi/riot/node_1/bin/arduino-mega2560/application_tx_count.a(crc16_ccitt.o)
 .comment       0x0000000000000011       0x12 /home/vasu/projects/lifi/riot/node_1/bin/arduino-mega2560/arduino.a(base.o)
 .comment       0x0000000000000011       0x12 /home/vasu/projects/lifi/riot/node_1/bin/arduino-mega2560/arduino.a(serialport.o)
 .comment       0x0000000000000011       0x12 /home/vasu/projects/lifi/riot/node_1/bin/arduino-mega2560/atmega_common.a(irq_arch.o)
 .comment       0x0000000000000011       0x12 /home/vasu/projects/lifi/riot/node_1/bin/arduino-mega2560/atmega_common_periph.a(uart.o)
 .comment       0x0000000000000011       0x12 /home/vasu/projects/lifi/riot/node_1/bin/arduino-mega2560/atmega_common_periph.a(gpio.o)
 .comment       0x0000000000000011       0x12 /home/vasu/projects/lifi/riot/node_1/bin/arduino-mega2560/atmega_common_periph.a(timer.o)
 .comment       0x0000000000000011       0x12 /home/vasu/projects/lifi/riot/node_1/bin/arduino-mega2560/atmega_common_periph.a(adc.o)
 .comment       0x0000000000000011       0x12 /home/vasu/projects/lifi/riot/node_1/bin/arduino-mega2560/boards_common_atmega.a(board.o)
 .comment       0x0000000000000011       0x12 /home/vasu/projects/lifi/riot/node_1/bin/arduino-mega2560/core.a(mutex.o)
 .comment       0x0000000000000011       0x12 /home/vasu/projects/lifi/riot/node_1/bin/arduino-mega2560/core.a(sched.o)
 .comment       0x0000000000000011       0x12 /home/vasu/projects/lifi/riot/node_1/bin/arduino-mega2560/core.a(kernel_init.o)
 .comment       0x0000000000000011       0x12 /home/vasu/projects/lifi/riot/node_1/bin/arduino-mega2560/core.a(thread.o)
 .comment       0x0000000000000011       0x12 /home/vasu/projects/lifi/riot/node_1/bin/arduino-mega2560/core.a(assert.o)
 .comment       0x0000000000000011       0x12 /home/vasu/projects/lifi/riot/node_1/bin/arduino-mega2560/core.a(panic.o)
 .comment       0x0000000000000011       0x12 /home/vasu/projects/lifi/riot/node_1/bin/arduino-mega2560/xtimer.a(xtimer_core.o)
 .comment       0x0000000000000011       0x12 /home/vasu/projects/lifi/riot/node_1/bin/arduino-mega2560/xtimer.a(xtimer.o)
 .comment       0x0000000000000011       0x12 /home/vasu/projects/lifi/riot/node_1/bin/arduino-mega2560/periph_common.a(pm.o)
 .comment       0x0000000000000011       0x12 /home/vasu/projects/lifi/riot/node_1/bin/arduino-mega2560/periph_common.a(eeprom.o)
 .comment       0x0000000000000011       0x12 /home/vasu/projects/lifi/riot/node_1/bin/arduino-mega2560/atmega_common.a(cpu.o)
 .comment       0x0000000000000011       0x12 /home/vasu/projects/lifi/riot/node_1/bin/arduino-mega2560/atmega_common.a(thread_arch.o)
 .comment       0x0000000000000011       0x12 /home/vasu/projects/lifi/riot/node_1/bin/arduino-mega2560/atmega_common_periph.a(eeprom.o)
 .comment       0x0000000000000011       0x12 /home/vasu/projects/lifi/riot/node_1/bin/arduino-mega2560/auto_init.a(auto_init.o)
 .comment       0x0000000000000011       0x12 /home/vasu/projects/lifi/riot/node_1/bin/arduino-mega2560/avr_libc_extra.a(atmega_stdio.o)
 .comment       0x0000000000000011       0x12 /home/vasu/projects/lifi/riot/node_1/bin/arduino-mega2560/boards_common_arduino-atmega.a(led_init.o)
 .comment       0x0000000000000011       0x12 /home/vasu/projects/lifi/riot/node_1/bin/arduino-mega2560/stdio_uart.a(stdio_uart.o)
 .comment       0x0000000000000011       0x12 /home/vasu/projects/lifi/riot/node_1/bin/arduino-mega2560/periph_common.a(init.o)
 .comment       0x0000000000000011       0x12 /home/vasu/projects/lifi/riot/node_1/bin/arduino-mega2560/atmega_common_periph.a(spi.o)
 .comment       0x0000000000000011       0x12 /usr/lib/gcc/avr/5.4.0/../../../avr/lib/avr6/libc.a(malloc.o)
 .comment       0x0000000000000011       0x12 /usr/lib/gcc/avr/5.4.0/../../../avr/lib/avr6/libc.a(iob.o)
 .comment       0x0000000000000011       0x12 /usr/lib/gcc/avr/5.4.0/../../../avr/lib/avr6/libc.a(printf.o)
 .comment       0x0000000000000011       0x12 /usr/lib/gcc/avr/5.4.0/../../../avr/lib/avr6/libc.a(puts.o)
 .comment       0x0000000000000011       0x12 /usr/lib/gcc/avr/5.4.0/../../../avr/lib/avr6/libc.a(sprintf.o)
 .comment       0x0000000000000011       0x12 /usr/lib/gcc/avr/5.4.0/../../../avr/lib/avr6/libc.a(vfprintf_std.o)
 .comment       0x0000000000000011       0x12 /usr/lib/gcc/avr/5.4.0/../../../avr/lib/avr6/libc.a(fputc.o)

.note.gnu.avr.deviceinfo
                0x0000000000000000       0x40
 .note.gnu.avr.deviceinfo
                0x0000000000000000       0x40 /usr/lib/gcc/avr/5.4.0/../../../avr/lib/avr6/crtatmega2560.o

.note.gnu.build-id
 *(.note.gnu.build-id)

.debug
 *(.debug)

.line
 *(.line)

.debug_srcinfo
 *(.debug_srcinfo)

.debug_sfnames
 *(.debug_sfnames)

.debug_aranges  0x0000000000000000      0x948
 *(.debug_aranges)
 .debug_aranges
                0x0000000000000000       0x30 /home/vasu/projects/lifi/riot/node_1/bin/arduino-mega2560/atmega_common/startup.o
 .debug_aranges
                0x0000000000000030       0x28 /home/vasu/projects/lifi/riot/node_1/bin/arduino-mega2560/application_tx_count.a(_sketches.o)
 .debug_aranges
                0x0000000000000058       0x48 /home/vasu/projects/lifi/riot/node_1/bin/arduino-mega2560/application_tx_count.a(main.o)
 .debug_aranges
                0x00000000000000a0       0x40 /home/vasu/projects/lifi/riot/node_1/bin/arduino-mega2560/application_tx_count.a(PLiFi.o)
 .debug_aranges
                0x00000000000000e0       0xb0 /home/vasu/projects/lifi/riot/node_1/bin/arduino-mega2560/application_tx_count.a(LiFi.o)
 .debug_aranges
                0x0000000000000190       0x20 /home/vasu/projects/lifi/riot/node_1/bin/arduino-mega2560/application_tx_count.a(crc16_ccitt.o)
 .debug_aranges
                0x00000000000001b0       0x68 /home/vasu/projects/lifi/riot/node_1/bin/arduino-mega2560/arduino.a(base.o)
 .debug_aranges
                0x0000000000000218      0x130 /home/vasu/projects/lifi/riot/node_1/bin/arduino-mega2560/arduino.a(serialport.o)
 .debug_aranges
                0x0000000000000348       0x38 /home/vasu/projects/lifi/riot/node_1/bin/arduino-mega2560/atmega_common.a(irq_arch.o)
 .debug_aranges
                0x0000000000000380       0x48 /home/vasu/projects/lifi/riot/node_1/bin/arduino-mega2560/atmega_common_periph.a(uart.o)
 .debug_aranges
                0x00000000000003c8       0x50 /home/vasu/projects/lifi/riot/node_1/bin/arduino-mega2560/atmega_common_periph.a(gpio.o)
 .debug_aranges
                0x0000000000000418       0x80 /home/vasu/projects/lifi/riot/node_1/bin/arduino-mega2560/atmega_common_periph.a(timer.o)
 .debug_aranges
                0x0000000000000498       0x30 /home/vasu/projects/lifi/riot/node_1/bin/arduino-mega2560/atmega_common_periph.a(adc.o)
 .debug_aranges
                0x00000000000004c8       0x20 /home/vasu/projects/lifi/riot/node_1/bin/arduino-mega2560/boards_common_atmega.a(board.o)
 .debug_aranges
                0x00000000000004e8       0x30 /home/vasu/projects/lifi/riot/node_1/bin/arduino-mega2560/core.a(mutex.o)
 .debug_aranges
                0x0000000000000518       0x38 /home/vasu/projects/lifi/riot/node_1/bin/arduino-mega2560/core.a(sched.o)
 .debug_aranges
                0x0000000000000550       0x30 /home/vasu/projects/lifi/riot/node_1/bin/arduino-mega2560/core.a(kernel_init.o)
 .debug_aranges
                0x0000000000000580       0x60 /home/vasu/projects/lifi/riot/node_1/bin/arduino-mega2560/core.a(thread.o)
 .debug_aranges
                0x00000000000005e0       0x20 /home/vasu/projects/lifi/riot/node_1/bin/arduino-mega2560/core.a(assert.o)
 .debug_aranges
                0x0000000000000600       0x28 /home/vasu/projects/lifi/riot/node_1/bin/arduino-mega2560/core.a(panic.o)
 .debug_aranges
                0x0000000000000628       0x80 /home/vasu/projects/lifi/riot/node_1/bin/arduino-mega2560/xtimer.a(xtimer_core.o)
 .debug_aranges
                0x00000000000006a8       0x98 /home/vasu/projects/lifi/riot/node_1/bin/arduino-mega2560/xtimer.a(xtimer.o)
 .debug_aranges
                0x0000000000000740       0x28 /home/vasu/projects/lifi/riot/node_1/bin/arduino-mega2560/periph_common.a(pm.o)
 .debug_aranges
                0x0000000000000768       0x40 /home/vasu/projects/lifi/riot/node_1/bin/arduino-mega2560/periph_common.a(eeprom.o)
 .debug_aranges
                0x00000000000007a8       0x38 /home/vasu/projects/lifi/riot/node_1/bin/arduino-mega2560/atmega_common.a(cpu.o)
 .debug_aranges
                0x00000000000007e0       0x40 /home/vasu/projects/lifi/riot/node_1/bin/arduino-mega2560/atmega_common.a(thread_arch.o)
 .debug_aranges
                0x0000000000000820       0x28 /home/vasu/projects/lifi/riot/node_1/bin/arduino-mega2560/atmega_common_periph.a(eeprom.o)
 .debug_aranges
                0x0000000000000848       0x20 /home/vasu/projects/lifi/riot/node_1/bin/arduino-mega2560/auto_init.a(auto_init.o)
 .debug_aranges
                0x0000000000000868       0x30 /home/vasu/projects/lifi/riot/node_1/bin/arduino-mega2560/avr_libc_extra.a(atmega_stdio.o)
 .debug_aranges
                0x0000000000000898       0x20 /home/vasu/projects/lifi/riot/node_1/bin/arduino-mega2560/boards_common_arduino-atmega.a(led_init.o)
 .debug_aranges
                0x00000000000008b8       0x30 /home/vasu/projects/lifi/riot/node_1/bin/arduino-mega2560/stdio_uart.a(stdio_uart.o)
 .debug_aranges
                0x00000000000008e8       0x20 /home/vasu/projects/lifi/riot/node_1/bin/arduino-mega2560/periph_common.a(init.o)
 .debug_aranges
                0x0000000000000908       0x40 /home/vasu/projects/lifi/riot/node_1/bin/arduino-mega2560/atmega_common_periph.a(spi.o)

.debug_pubnames
 *(.debug_pubnames)

.debug_info     0x0000000000000000    0x11b8d
 *(.debug_info .gnu.linkonce.wi.*)
 .debug_info    0x0000000000000000      0xbbc /usr/lib/gcc/avr/5.4.0/../../../avr/lib/avr6/crtatmega2560.o
 .debug_info    0x0000000000000bbc      0x255 /home/vasu/projects/lifi/riot/node_1/bin/arduino-mega2560/atmega_common/startup.o
 .debug_info    0x0000000000000e11      0x948 /home/vasu/projects/lifi/riot/node_1/bin/arduino-mega2560/application_tx_count.a(_sketches.o)
 .debug_info    0x0000000000001759     0x19dd /home/vasu/projects/lifi/riot/node_1/bin/arduino-mega2560/application_tx_count.a(main.o)
 .debug_info    0x0000000000003136     0x115d /home/vasu/projects/lifi/riot/node_1/bin/arduino-mega2560/application_tx_count.a(PLiFi.o)
 .debug_info    0x0000000000004293     0x18d6 /home/vasu/projects/lifi/riot/node_1/bin/arduino-mega2560/application_tx_count.a(LiFi.o)
 .debug_info    0x0000000000005b69      0x134 /home/vasu/projects/lifi/riot/node_1/bin/arduino-mega2560/application_tx_count.a(crc16_ccitt.o)
 .debug_info    0x0000000000005c9d      0xf09 /home/vasu/projects/lifi/riot/node_1/bin/arduino-mega2560/arduino.a(base.o)
 .debug_info    0x0000000000006ba6     0x21c3 /home/vasu/projects/lifi/riot/node_1/bin/arduino-mega2560/arduino.a(serialport.o)
 .debug_info    0x0000000000008d69      0x20c /home/vasu/projects/lifi/riot/node_1/bin/arduino-mega2560/atmega_common.a(irq_arch.o)
 .debug_info    0x0000000000008f75      0x5fd /home/vasu/projects/lifi/riot/node_1/bin/arduino-mega2560/atmega_common_periph.a(uart.o)
 .debug_info    0x0000000000009572      0x5ac /home/vasu/projects/lifi/riot/node_1/bin/arduino-mega2560/atmega_common_periph.a(gpio.o)
 .debug_info    0x0000000000009b1e      0x92e /home/vasu/projects/lifi/riot/node_1/bin/arduino-mega2560/atmega_common_periph.a(timer.o)
 .debug_info    0x000000000000a44c      0x431 /home/vasu/projects/lifi/riot/node_1/bin/arduino-mega2560/atmega_common_periph.a(adc.o)
 .debug_info    0x000000000000a87d      0x2be /home/vasu/projects/lifi/riot/node_1/bin/arduino-mega2560/boards_common_atmega.a(board.o)
 .debug_info    0x000000000000ab3b      0x656 /home/vasu/projects/lifi/riot/node_1/bin/arduino-mega2560/core.a(mutex.o)
 .debug_info    0x000000000000b191      0x624 /home/vasu/projects/lifi/riot/node_1/bin/arduino-mega2560/core.a(sched.o)
 .debug_info    0x000000000000b7b5      0x327 /home/vasu/projects/lifi/riot/node_1/bin/arduino-mega2560/core.a(kernel_init.o)
 .debug_info    0x000000000000badc      0x9c6 /home/vasu/projects/lifi/riot/node_1/bin/arduino-mega2560/core.a(thread.o)
 .debug_info    0x000000000000c4a2      0x12f /home/vasu/projects/lifi/riot/node_1/bin/arduino-mega2560/core.a(assert.o)
 .debug_info    0x000000000000c5d1      0x28f /home/vasu/projects/lifi/riot/node_1/bin/arduino-mega2560/core.a(panic.o)
 .debug_info    0x000000000000c860     0x1363 /home/vasu/projects/lifi/riot/node_1/bin/arduino-mega2560/xtimer.a(xtimer_core.o)
 .debug_info    0x000000000000dbc3     0x141c /home/vasu/projects/lifi/riot/node_1/bin/arduino-mega2560/xtimer.a(xtimer.o)
 .debug_info    0x000000000000efdf      0x110 /home/vasu/projects/lifi/riot/node_1/bin/arduino-mega2560/periph_common.a(pm.o)
 .debug_info    0x000000000000f0ef      0x37f /home/vasu/projects/lifi/riot/node_1/bin/arduino-mega2560/periph_common.a(eeprom.o)
 .debug_info    0x000000000000f46e      0x598 /home/vasu/projects/lifi/riot/node_1/bin/arduino-mega2560/atmega_common.a(cpu.o)
 .debug_info    0x000000000000fa06      0x6fa /home/vasu/projects/lifi/riot/node_1/bin/arduino-mega2560/atmega_common.a(thread_arch.o)
 .debug_info    0x0000000000010100      0x45c /home/vasu/projects/lifi/riot/node_1/bin/arduino-mega2560/atmega_common_periph.a(eeprom.o)
 .debug_info    0x000000000001055c      0x463 /home/vasu/projects/lifi/riot/node_1/bin/arduino-mega2560/auto_init.a(auto_init.o)
 .debug_info    0x00000000000109bf      0x412 /home/vasu/projects/lifi/riot/node_1/bin/arduino-mega2560/avr_libc_extra.a(atmega_stdio.o)
 .debug_info    0x0000000000010dd1      0x24e /home/vasu/projects/lifi/riot/node_1/bin/arduino-mega2560/boards_common_arduino-atmega.a(led_init.o)
 .debug_info    0x000000000001101f      0x353 /home/vasu/projects/lifi/riot/node_1/bin/arduino-mega2560/stdio_uart.a(stdio_uart.o)
 .debug_info    0x0000000000011372      0x232 /home/vasu/projects/lifi/riot/node_1/bin/arduino-mega2560/periph_common.a(init.o)
 .debug_info    0x00000000000115a4      0x5e9 /home/vasu/projects/lifi/riot/node_1/bin/arduino-mega2560/atmega_common_periph.a(spi.o)

.debug_abbrev   0x0000000000000000     0x5647
 *(.debug_abbrev)
 .debug_abbrev  0x0000000000000000      0xb1a /usr/lib/gcc/avr/5.4.0/../../../avr/lib/avr6/crtatmega2560.o
 .debug_abbrev  0x0000000000000b1a      0x134 /home/vasu/projects/lifi/riot/node_1/bin/arduino-mega2560/atmega_common/startup.o
 .debug_abbrev  0x0000000000000c4e      0x27a /home/vasu/projects/lifi/riot/node_1/bin/arduino-mega2560/application_tx_count.a(_sketches.o)
 .debug_abbrev  0x0000000000000ec8      0x459 /home/vasu/projects/lifi/riot/node_1/bin/arduino-mega2560/application_tx_count.a(main.o)
 .debug_abbrev  0x0000000000001321      0x3d1 /home/vasu/projects/lifi/riot/node_1/bin/arduino-mega2560/application_tx_count.a(PLiFi.o)
 .debug_abbrev  0x00000000000016f2      0x489 /home/vasu/projects/lifi/riot/node_1/bin/arduino-mega2560/application_tx_count.a(LiFi.o)
 .debug_abbrev  0x0000000000001b7b       0xd4 /home/vasu/projects/lifi/riot/node_1/bin/arduino-mega2560/application_tx_count.a(crc16_ccitt.o)
 .debug_abbrev  0x0000000000001c4f      0x3b2 /home/vasu/projects/lifi/riot/node_1/bin/arduino-mega2560/arduino.a(base.o)
 .debug_abbrev  0x0000000000002001      0x441 /home/vasu/projects/lifi/riot/node_1/bin/arduino-mega2560/arduino.a(serialport.o)
 .debug_abbrev  0x0000000000002442      0x12e /home/vasu/projects/lifi/riot/node_1/bin/arduino-mega2560/atmega_common.a(irq_arch.o)
 .debug_abbrev  0x0000000000002570      0x29c /home/vasu/projects/lifi/riot/node_1/bin/arduino-mega2560/atmega_common_periph.a(uart.o)
 .debug_abbrev  0x000000000000280c      0x255 /home/vasu/projects/lifi/riot/node_1/bin/arduino-mega2560/atmega_common_periph.a(gpio.o)
 .debug_abbrev  0x0000000000002a61      0x298 /home/vasu/projects/lifi/riot/node_1/bin/arduino-mega2560/atmega_common_periph.a(timer.o)
 .debug_abbrev  0x0000000000002cf9      0x1f2 /home/vasu/projects/lifi/riot/node_1/bin/arduino-mega2560/atmega_common_periph.a(adc.o)
 .debug_abbrev  0x0000000000002eeb      0x15d /home/vasu/projects/lifi/riot/node_1/bin/arduino-mega2560/boards_common_atmega.a(board.o)
 .debug_abbrev  0x0000000000003048      0x21b /home/vasu/projects/lifi/riot/node_1/bin/arduino-mega2560/core.a(mutex.o)
 .debug_abbrev  0x0000000000003263      0x28b /home/vasu/projects/lifi/riot/node_1/bin/arduino-mega2560/core.a(sched.o)
 .debug_abbrev  0x00000000000034ee      0x187 /home/vasu/projects/lifi/riot/node_1/bin/arduino-mega2560/core.a(kernel_init.o)
 .debug_abbrev  0x0000000000003675      0x2bc /home/vasu/projects/lifi/riot/node_1/bin/arduino-mega2560/core.a(thread.o)
 .debug_abbrev  0x0000000000003931       0xe6 /home/vasu/projects/lifi/riot/node_1/bin/arduino-mega2560/core.a(assert.o)
 .debug_abbrev  0x0000000000003a17      0x178 /home/vasu/projects/lifi/riot/node_1/bin/arduino-mega2560/core.a(panic.o)
 .debug_abbrev  0x0000000000003b8f      0x4eb /home/vasu/projects/lifi/riot/node_1/bin/arduino-mega2560/xtimer.a(xtimer_core.o)
 .debug_abbrev  0x000000000000407a      0x410 /home/vasu/projects/lifi/riot/node_1/bin/arduino-mega2560/xtimer.a(xtimer.o)
 .debug_abbrev  0x000000000000448a       0xb5 /home/vasu/projects/lifi/riot/node_1/bin/arduino-mega2560/periph_common.a(pm.o)
 .debug_abbrev  0x000000000000453f      0x185 /home/vasu/projects/lifi/riot/node_1/bin/arduino-mega2560/periph_common.a(eeprom.o)
 .debug_abbrev  0x00000000000046c4      0x21b /home/vasu/projects/lifi/riot/node_1/bin/arduino-mega2560/atmega_common.a(cpu.o)
 .debug_abbrev  0x00000000000048df      0x26d /home/vasu/projects/lifi/riot/node_1/bin/arduino-mega2560/atmega_common.a(thread_arch.o)
 .debug_abbrev  0x0000000000004b4c      0x184 /home/vasu/projects/lifi/riot/node_1/bin/arduino-mega2560/atmega_common_periph.a(eeprom.o)
 .debug_abbrev  0x0000000000004cd0      0x157 /home/vasu/projects/lifi/riot/node_1/bin/arduino-mega2560/auto_init.a(auto_init.o)
 .debug_abbrev  0x0000000000004e27      0x1f3 /home/vasu/projects/lifi/riot/node_1/bin/arduino-mega2560/avr_libc_extra.a(atmega_stdio.o)
 .debug_abbrev  0x000000000000501a      0x123 /home/vasu/projects/lifi/riot/node_1/bin/arduino-mega2560/boards_common_arduino-atmega.a(led_init.o)
 .debug_abbrev  0x000000000000513d      0x1aa /home/vasu/projects/lifi/riot/node_1/bin/arduino-mega2560/stdio_uart.a(stdio_uart.o)
 .debug_abbrev  0x00000000000052e7      0x135 /home/vasu/projects/lifi/riot/node_1/bin/arduino-mega2560/periph_common.a(init.o)
 .debug_abbrev  0x000000000000541c      0x22b /home/vasu/projects/lifi/riot/node_1/bin/arduino-mega2560/atmega_common_periph.a(spi.o)

.debug_line     0x0000000000000000     0xddf8
 *(.debug_line .debug_line.* .debug_line_end)
 .debug_line    0x0000000000000000       0x1a /usr/lib/gcc/avr/5.4.0/../../../avr/lib/avr6/crtatmega2560.o
 .debug_line    0x000000000000001a      0x62d /home/vasu/projects/lifi/riot/node_1/bin/arduino-mega2560/atmega_common/startup.o
 .debug_line    0x0000000000000647      0x697 /home/vasu/projects/lifi/riot/node_1/bin/arduino-mega2560/application_tx_count.a(_sketches.o)
 .debug_line    0x0000000000000cde      0x85b /home/vasu/projects/lifi/riot/node_1/bin/arduino-mega2560/application_tx_count.a(main.o)
 .debug_line    0x0000000000001539      0x786 /home/vasu/projects/lifi/riot/node_1/bin/arduino-mega2560/application_tx_count.a(PLiFi.o)
 .debug_line    0x0000000000001cbf      0xb6d /home/vasu/projects/lifi/riot/node_1/bin/arduino-mega2560/application_tx_count.a(LiFi.o)
 .debug_line    0x000000000000282c      0x15a /home/vasu/projects/lifi/riot/node_1/bin/arduino-mega2560/application_tx_count.a(crc16_ccitt.o)
 .debug_line    0x0000000000002986      0x8c0 /home/vasu/projects/lifi/riot/node_1/bin/arduino-mega2560/arduino.a(base.o)
 .debug_line    0x0000000000003246      0xa9f /home/vasu/projects/lifi/riot/node_1/bin/arduino-mega2560/arduino.a(serialport.o)
 .debug_line    0x0000000000003ce5      0x491 /home/vasu/projects/lifi/riot/node_1/bin/arduino-mega2560/atmega_common.a(irq_arch.o)
 .debug_line    0x0000000000004176      0x6ac /home/vasu/projects/lifi/riot/node_1/bin/arduino-mega2560/atmega_common_periph.a(uart.o)
 .debug_line    0x0000000000004822      0x743 /home/vasu/projects/lifi/riot/node_1/bin/arduino-mega2560/atmega_common_periph.a(gpio.o)
 .debug_line    0x0000000000004f65      0x815 /home/vasu/projects/lifi/riot/node_1/bin/arduino-mega2560/atmega_common_periph.a(timer.o)
 .debug_line    0x000000000000577a      0x6a0 /home/vasu/projects/lifi/riot/node_1/bin/arduino-mega2560/atmega_common_periph.a(adc.o)
 .debug_line    0x0000000000005e1a      0x60e /home/vasu/projects/lifi/riot/node_1/bin/arduino-mega2560/boards_common_atmega.a(board.o)
 .debug_line    0x0000000000006428      0x536 /home/vasu/projects/lifi/riot/node_1/bin/arduino-mega2560/core.a(mutex.o)
 .debug_line    0x000000000000695e      0x570 /home/vasu/projects/lifi/riot/node_1/bin/arduino-mega2560/core.a(sched.o)
 .debug_line    0x0000000000006ece      0x578 /home/vasu/projects/lifi/riot/node_1/bin/arduino-mega2560/core.a(kernel_init.o)
 .debug_line    0x0000000000007446      0x6c8 /home/vasu/projects/lifi/riot/node_1/bin/arduino-mega2560/core.a(thread.o)
 .debug_line    0x0000000000007b0e      0x1ef /home/vasu/projects/lifi/riot/node_1/bin/arduino-mega2560/core.a(assert.o)
 .debug_line    0x0000000000007cfd      0x51c /home/vasu/projects/lifi/riot/node_1/bin/arduino-mega2560/core.a(panic.o)
 .debug_line    0x0000000000008219      0xc90 /home/vasu/projects/lifi/riot/node_1/bin/arduino-mega2560/xtimer.a(xtimer_core.o)
 .debug_line    0x0000000000008ea9      0xb05 /home/vasu/projects/lifi/riot/node_1/bin/arduino-mega2560/xtimer.a(xtimer.o)
 .debug_line    0x00000000000099ae      0x4d2 /home/vasu/projects/lifi/riot/node_1/bin/arduino-mega2560/periph_common.a(pm.o)
 .debug_line    0x0000000000009e80      0x55d /home/vasu/projects/lifi/riot/node_1/bin/arduino-mega2560/periph_common.a(eeprom.o)
 .debug_line    0x000000000000a3dd      0x68f /home/vasu/projects/lifi/riot/node_1/bin/arduino-mega2560/atmega_common.a(cpu.o)
 .debug_line    0x000000000000aa6c      0x784 /home/vasu/projects/lifi/riot/node_1/bin/arduino-mega2560/atmega_common.a(thread_arch.o)
 .debug_line    0x000000000000b1f0      0x569 /home/vasu/projects/lifi/riot/node_1/bin/arduino-mega2560/atmega_common_periph.a(eeprom.o)
 .debug_line    0x000000000000b759      0x6db /home/vasu/projects/lifi/riot/node_1/bin/arduino-mega2560/auto_init.a(auto_init.o)
 .debug_line    0x000000000000be34      0x6ae /home/vasu/projects/lifi/riot/node_1/bin/arduino-mega2560/avr_libc_extra.a(atmega_stdio.o)
 .debug_line    0x000000000000c4e2      0x601 /home/vasu/projects/lifi/riot/node_1/bin/arduino-mega2560/boards_common_arduino-atmega.a(led_init.o)
 .debug_line    0x000000000000cae3      0x6d5 /home/vasu/projects/lifi/riot/node_1/bin/arduino-mega2560/stdio_uart.a(stdio_uart.o)
 .debug_line    0x000000000000d1b8      0x57c /home/vasu/projects/lifi/riot/node_1/bin/arduino-mega2560/periph_common.a(init.o)
 .debug_line    0x000000000000d734      0x6c4 /home/vasu/projects/lifi/riot/node_1/bin/arduino-mega2560/atmega_common_periph.a(spi.o)

.debug_frame    0x0000000000000000     0x1dac
 *(.debug_frame)
 .debug_frame   0x0000000000000000       0x44 /home/vasu/projects/lifi/riot/node_1/bin/arduino-mega2560/atmega_common/startup.o
 .debug_frame   0x0000000000000044       0x34 /home/vasu/projects/lifi/riot/node_1/bin/arduino-mega2560/application_tx_count.a(_sketches.o)
 .debug_frame   0x0000000000000078       0xf8 /home/vasu/projects/lifi/riot/node_1/bin/arduino-mega2560/application_tx_count.a(main.o)
 .debug_frame   0x0000000000000170       0xc4 /home/vasu/projects/lifi/riot/node_1/bin/arduino-mega2560/application_tx_count.a(PLiFi.o)
 .debug_frame   0x0000000000000234      0x344 /home/vasu/projects/lifi/riot/node_1/bin/arduino-mega2560/application_tx_count.a(LiFi.o)
 .debug_frame   0x0000000000000578       0x24 /home/vasu/projects/lifi/riot/node_1/bin/arduino-mega2560/application_tx_count.a(crc16_ccitt.o)
 .debug_frame   0x000000000000059c       0xdc /home/vasu/projects/lifi/riot/node_1/bin/arduino-mega2560/arduino.a(base.o)
 .debug_frame   0x0000000000000678      0x428 /home/vasu/projects/lifi/riot/node_1/bin/arduino-mega2560/arduino.a(serialport.o)
 .debug_frame   0x0000000000000aa0       0x60 /home/vasu/projects/lifi/riot/node_1/bin/arduino-mega2560/atmega_common.a(irq_arch.o)
 .debug_frame   0x0000000000000b00      0x140 /home/vasu/projects/lifi/riot/node_1/bin/arduino-mega2560/atmega_common_periph.a(uart.o)
 .debug_frame   0x0000000000000c40       0xb0 /home/vasu/projects/lifi/riot/node_1/bin/arduino-mega2560/atmega_common_periph.a(gpio.o)
 .debug_frame   0x0000000000000cf0      0x2c8 /home/vasu/projects/lifi/riot/node_1/bin/arduino-mega2560/atmega_common_periph.a(timer.o)
 .debug_frame   0x0000000000000fb8       0x84 /home/vasu/projects/lifi/riot/node_1/bin/arduino-mega2560/atmega_common_periph.a(adc.o)
 .debug_frame   0x000000000000103c       0x24 /home/vasu/projects/lifi/riot/node_1/bin/arduino-mega2560/boards_common_atmega.a(board.o)
 .debug_frame   0x0000000000001060       0x98 /home/vasu/projects/lifi/riot/node_1/bin/arduino-mega2560/core.a(mutex.o)
 .debug_frame   0x00000000000010f8       0x68 /home/vasu/projects/lifi/riot/node_1/bin/arduino-mega2560/core.a(sched.o)
 .debug_frame   0x0000000000001160       0x50 /home/vasu/projects/lifi/riot/node_1/bin/arduino-mega2560/core.a(kernel_init.o)
 .debug_frame   0x00000000000011b0      0x124 /home/vasu/projects/lifi/riot/node_1/bin/arduino-mega2560/core.a(thread.o)
 .debug_frame   0x00000000000012d4       0x38 /home/vasu/projects/lifi/riot/node_1/bin/arduino-mega2560/core.a(assert.o)
 .debug_frame   0x000000000000130c       0x58 /home/vasu/projects/lifi/riot/node_1/bin/arduino-mega2560/core.a(panic.o)
 .debug_frame   0x0000000000001364      0x2d0 /home/vasu/projects/lifi/riot/node_1/bin/arduino-mega2560/xtimer.a(xtimer_core.o)
 .debug_frame   0x0000000000001634      0x354 /home/vasu/projects/lifi/riot/node_1/bin/arduino-mega2560/xtimer.a(xtimer.o)
 .debug_frame   0x0000000000001988       0x34 /home/vasu/projects/lifi/riot/node_1/bin/arduino-mega2560/periph_common.a(pm.o)
 .debug_frame   0x00000000000019bc       0xb4 /home/vasu/projects/lifi/riot/node_1/bin/arduino-mega2560/periph_common.a(eeprom.o)
 .debug_frame   0x0000000000001a70       0x60 /home/vasu/projects/lifi/riot/node_1/bin/arduino-mega2560/atmega_common.a(cpu.o)
 .debug_frame   0x0000000000001ad0       0xbc /home/vasu/projects/lifi/riot/node_1/bin/arduino-mega2560/atmega_common.a(thread_arch.o)
 .debug_frame   0x0000000000001b8c       0x5c /home/vasu/projects/lifi/riot/node_1/bin/arduino-mega2560/atmega_common_periph.a(eeprom.o)
 .debug_frame   0x0000000000001be8       0x24 /home/vasu/projects/lifi/riot/node_1/bin/arduino-mega2560/auto_init.a(auto_init.o)
 .debug_frame   0x0000000000001c0c       0x64 /home/vasu/projects/lifi/riot/node_1/bin/arduino-mega2560/avr_libc_extra.a(atmega_stdio.o)
 .debug_frame   0x0000000000001c70       0x24 /home/vasu/projects/lifi/riot/node_1/bin/arduino-mega2560/boards_common_arduino-atmega.a(led_init.o)
 .debug_frame   0x0000000000001c94       0x5c /home/vasu/projects/lifi/riot/node_1/bin/arduino-mega2560/stdio_uart.a(stdio_uart.o)
 .debug_frame   0x0000000000001cf0       0x24 /home/vasu/projects/lifi/riot/node_1/bin/arduino-mega2560/periph_common.a(init.o)
 .debug_frame   0x0000000000001d14       0x98 /home/vasu/projects/lifi/riot/node_1/bin/arduino-mega2560/atmega_common_periph.a(spi.o)

.debug_str      0x0000000000000000    0x13822
 *(.debug_str)
 .debug_str     0x0000000000000000      0x3e6 /usr/lib/gcc/avr/5.4.0/../../../avr/lib/avr6/crtatmega2560.o
 .debug_str     0x00000000000003e6     0xc051 /home/vasu/projects/lifi/riot/node_1/bin/arduino-mega2560/atmega_common/startup.o
                                       0xc2a9 (size before relaxing)
 .debug_str     0x000000000000c437      0xd66 /home/vasu/projects/lifi/riot/node_1/bin/arduino-mega2560/application_tx_count.a(_sketches.o)
                                       0xcae2 (size before relaxing)
 .debug_str     0x000000000000d19d      0x739 /home/vasu/projects/lifi/riot/node_1/bin/arduino-mega2560/application_tx_count.a(main.o)
                                       0xd04c (size before relaxing)
 .debug_str     0x000000000000d8d6      0x2c3 /home/vasu/projects/lifi/riot/node_1/bin/arduino-mega2560/application_tx_count.a(PLiFi.o)
                                       0xcfbc (size before relaxing)
 .debug_str     0x000000000000db99      0x2c5 /home/vasu/projects/lifi/riot/node_1/bin/arduino-mega2560/application_tx_count.a(LiFi.o)
                                       0xce73 (size before relaxing)
 .debug_str     0x000000000000de5e       0xb1 /home/vasu/projects/lifi/riot/node_1/bin/arduino-mega2560/application_tx_count.a(crc16_ccitt.o)
                                       0x3c6e (size before relaxing)
 .debug_str     0x000000000000df0f      0x576 /home/vasu/projects/lifi/riot/node_1/bin/arduino-mega2560/arduino.a(base.o)
                                       0xd18c (size before relaxing)
 .debug_str     0x000000000000e485      0x371 /home/vasu/projects/lifi/riot/node_1/bin/arduino-mega2560/arduino.a(serialport.o)
                                       0xbfed (size before relaxing)
 .debug_str     0x000000000000e7f6       0xd7 /home/vasu/projects/lifi/riot/node_1/bin/arduino-mega2560/atmega_common.a(irq_arch.o)
                                       0xae2a (size before relaxing)
 .debug_str     0x000000000000e8cd      0x19c /home/vasu/projects/lifi/riot/node_1/bin/arduino-mega2560/atmega_common_periph.a(uart.o)
                                       0xb566 (size before relaxing)
 .debug_str     0x000000000000ea69      0x2a8 /home/vasu/projects/lifi/riot/node_1/bin/arduino-mega2560/atmega_common_periph.a(gpio.o)
                                       0xc564 (size before relaxing)
 .debug_str     0x000000000000ed11      0x2f2 /home/vasu/projects/lifi/riot/node_1/bin/arduino-mega2560/atmega_common_periph.a(timer.o)
                                       0xc75c (size before relaxing)
 .debug_str     0x000000000000f003       0xb9 /home/vasu/projects/lifi/riot/node_1/bin/arduino-mega2560/atmega_common_periph.a(adc.o)
                                       0xb565 (size before relaxing)
 .debug_str     0x000000000000f0bc      0x1b1 /home/vasu/projects/lifi/riot/node_1/bin/arduino-mega2560/boards_common_atmega.a(board.o)
                                       0xc3c4 (size before relaxing)
 .debug_str     0x000000000000f26d      0x105 /home/vasu/projects/lifi/riot/node_1/bin/arduino-mega2560/core.a(mutex.o)
                                       0xae42 (size before relaxing)
 .debug_str     0x000000000000f372      0x30d /home/vasu/projects/lifi/riot/node_1/bin/arduino-mega2560/core.a(sched.o)
                                       0xb012 (size before relaxing)
 .debug_str     0x000000000000f67f      0x57a /home/vasu/projects/lifi/riot/node_1/bin/arduino-mega2560/core.a(kernel_init.o)
                                       0xb835 (size before relaxing)
 .debug_str     0x000000000000fbf9      0x189 /home/vasu/projects/lifi/riot/node_1/bin/arduino-mega2560/core.a(thread.o)
                                       0xb343 (size before relaxing)
 .debug_str     0x000000000000fd82       0xf4 /home/vasu/projects/lifi/riot/node_1/bin/arduino-mega2560/core.a(assert.o)
                                       0x4760 (size before relaxing)
 .debug_str     0x000000000000fe76       0xba /home/vasu/projects/lifi/riot/node_1/bin/arduino-mega2560/core.a(panic.o)
                                       0xb48f (size before relaxing)
 .debug_str     0x000000000000ff30      0x318 /home/vasu/projects/lifi/riot/node_1/bin/arduino-mega2560/xtimer.a(xtimer_core.o)
                                       0xce13 (size before relaxing)
 .debug_str     0x0000000000010248      0x294 /home/vasu/projects/lifi/riot/node_1/bin/arduino-mega2560/xtimer.a(xtimer.o)
                                       0xcf1d (size before relaxing)
 .debug_str     0x00000000000104dc       0x86 /home/vasu/projects/lifi/riot/node_1/bin/arduino-mega2560/periph_common.a(pm.o)
                                       0xb1cf (size before relaxing)
 .debug_str     0x0000000000010562       0xe2 /home/vasu/projects/lifi/riot/node_1/bin/arduino-mega2560/periph_common.a(eeprom.o)
                                       0xb2c2 (size before relaxing)
 .debug_str     0x0000000000010644     0x28fe /home/vasu/projects/lifi/riot/node_1/bin/arduino-mega2560/atmega_common.a(cpu.o)
                                       0xef19 (size before relaxing)
 .debug_str     0x0000000000012f42      0x17e /home/vasu/projects/lifi/riot/node_1/bin/arduino-mega2560/atmega_common.a(thread_arch.o)
                                       0xc60a (size before relaxing)
 .debug_str     0x00000000000130c0       0x7c /home/vasu/projects/lifi/riot/node_1/bin/arduino-mega2560/atmega_common_periph.a(eeprom.o)
                                       0xb404 (size before relaxing)
 .debug_str     0x000000000001313c       0x8b /home/vasu/projects/lifi/riot/node_1/bin/arduino-mega2560/auto_init.a(auto_init.o)
                                       0xc928 (size before relaxing)
 .debug_str     0x00000000000131c7      0x1d7 /home/vasu/projects/lifi/riot/node_1/bin/arduino-mega2560/avr_libc_extra.a(atmega_stdio.o)
                                       0xc3e2 (size before relaxing)
 .debug_str     0x000000000001339e       0xa6 /home/vasu/projects/lifi/riot/node_1/bin/arduino-mega2560/boards_common_arduino-atmega.a(led_init.o)
                                       0xc2d6 (size before relaxing)
 .debug_str     0x0000000000013444      0x124 /home/vasu/projects/lifi/riot/node_1/bin/arduino-mega2560/stdio_uart.a(stdio_uart.o)
                                       0xca4b (size before relaxing)
 .debug_str     0x0000000000013568       0xfc /home/vasu/projects/lifi/riot/node_1/bin/arduino-mega2560/periph_common.a(init.o)
                                       0xb43b (size before relaxing)
 .debug_str     0x0000000000013664      0x1be /home/vasu/projects/lifi/riot/node_1/bin/arduino-mega2560/atmega_common_periph.a(spi.o)
                                       0xb658 (size before relaxing)

.debug_loc      0x0000000000000000     0x94be
 *(.debug_loc)
 .debug_loc     0x0000000000000000      0x66a /home/vasu/projects/lifi/riot/node_1/bin/arduino-mega2560/application_tx_count.a(main.o)
 .debug_loc     0x000000000000066a      0x36e /home/vasu/projects/lifi/riot/node_1/bin/arduino-mega2560/application_tx_count.a(PLiFi.o)
 .debug_loc     0x00000000000009d8     0x125e /home/vasu/projects/lifi/riot/node_1/bin/arduino-mega2560/application_tx_count.a(LiFi.o)
 .debug_loc     0x0000000000001c36       0xd6 /home/vasu/projects/lifi/riot/node_1/bin/arduino-mega2560/application_tx_count.a(crc16_ccitt.o)
 .debug_loc     0x0000000000001d0c      0x3c1 /home/vasu/projects/lifi/riot/node_1/bin/arduino-mega2560/arduino.a(base.o)
 .debug_loc     0x00000000000020cd     0x1d8a /home/vasu/projects/lifi/riot/node_1/bin/arduino-mega2560/arduino.a(serialport.o)
 .debug_loc     0x0000000000003e57       0x42 /home/vasu/projects/lifi/riot/node_1/bin/arduino-mega2560/atmega_common.a(irq_arch.o)
 .debug_loc     0x0000000000003e99      0x3f5 /home/vasu/projects/lifi/riot/node_1/bin/arduino-mega2560/atmega_common_periph.a(uart.o)
 .debug_loc     0x000000000000428e      0x417 /home/vasu/projects/lifi/riot/node_1/bin/arduino-mega2560/atmega_common_periph.a(gpio.o)
 .debug_loc     0x00000000000046a5      0x7bf /home/vasu/projects/lifi/riot/node_1/bin/arduino-mega2560/atmega_common_periph.a(timer.o)
 .debug_loc     0x0000000000004e64      0x225 /home/vasu/projects/lifi/riot/node_1/bin/arduino-mega2560/atmega_common_periph.a(adc.o)
 .debug_loc     0x0000000000005089       0x14 /home/vasu/projects/lifi/riot/node_1/bin/arduino-mega2560/boards_common_atmega.a(board.o)
 .debug_loc     0x000000000000509d      0x385 /home/vasu/projects/lifi/riot/node_1/bin/arduino-mega2560/core.a(mutex.o)
 .debug_loc     0x0000000000005422      0x27d /home/vasu/projects/lifi/riot/node_1/bin/arduino-mega2560/core.a(sched.o)
 .debug_loc     0x000000000000569f       0x62 /home/vasu/projects/lifi/riot/node_1/bin/arduino-mega2560/core.a(kernel_init.o)
 .debug_loc     0x0000000000005701      0x854 /home/vasu/projects/lifi/riot/node_1/bin/arduino-mega2560/core.a(thread.o)
 .debug_loc     0x0000000000005f55       0xaf /home/vasu/projects/lifi/riot/node_1/bin/arduino-mega2560/core.a(assert.o)
 .debug_loc     0x0000000000006004      0x126 /home/vasu/projects/lifi/riot/node_1/bin/arduino-mega2560/core.a(panic.o)
 .debug_loc     0x000000000000612a     0x11d9 /home/vasu/projects/lifi/riot/node_1/bin/arduino-mega2560/xtimer.a(xtimer_core.o)
 .debug_loc     0x0000000000007303     0x10fd /home/vasu/projects/lifi/riot/node_1/bin/arduino-mega2560/xtimer.a(xtimer.o)
 .debug_loc     0x0000000000008400      0x35a /home/vasu/projects/lifi/riot/node_1/bin/arduino-mega2560/periph_common.a(eeprom.o)
 .debug_loc     0x000000000000875a       0x2f /home/vasu/projects/lifi/riot/node_1/bin/arduino-mega2560/atmega_common.a(cpu.o)
 .debug_loc     0x0000000000008789      0x3c9 /home/vasu/projects/lifi/riot/node_1/bin/arduino-mega2560/atmega_common.a(thread_arch.o)
 .debug_loc     0x0000000000008b52      0x2ad /home/vasu/projects/lifi/riot/node_1/bin/arduino-mega2560/atmega_common_periph.a(eeprom.o)
 .debug_loc     0x0000000000008dff      0x108 /home/vasu/projects/lifi/riot/node_1/bin/arduino-mega2560/avr_libc_extra.a(atmega_stdio.o)
 .debug_loc     0x0000000000008f07      0x102 /home/vasu/projects/lifi/riot/node_1/bin/arduino-mega2560/stdio_uart.a(stdio_uart.o)
 .debug_loc     0x0000000000009009      0x4b5 /home/vasu/projects/lifi/riot/node_1/bin/arduino-mega2560/atmega_common_periph.a(spi.o)

.debug_macinfo
 *(.debug_macinfo)

.debug_weaknames
 *(.debug_weaknames)

.debug_funcnames
 *(.debug_funcnames)

.debug_typenames
 *(.debug_typenames)

.debug_varnames
 *(.debug_varnames)

.debug_pubtypes
 *(.debug_pubtypes)

.debug_ranges   0x0000000000000000      0x890
 *(.debug_ranges)
 .debug_ranges  0x0000000000000000       0x20 /home/vasu/projects/lifi/riot/node_1/bin/arduino-mega2560/atmega_common/startup.o
 .debug_ranges  0x0000000000000020       0x18 /home/vasu/projects/lifi/riot/node_1/bin/arduino-mega2560/application_tx_count.a(_sketches.o)
 .debug_ranges  0x0000000000000038       0x80 /home/vasu/projects/lifi/riot/node_1/bin/arduino-mega2560/application_tx_count.a(main.o)
 .debug_ranges  0x00000000000000b8       0x30 /home/vasu/projects/lifi/riot/node_1/bin/arduino-mega2560/application_tx_count.a(PLiFi.o)
 .debug_ranges  0x00000000000000e8       0xd8 /home/vasu/projects/lifi/riot/node_1/bin/arduino-mega2560/application_tx_count.a(LiFi.o)